--------- beginning of main
01-05 06:53:55.827   350   350 W auditd  : type=2000 audit(0.0:1): initialized
01-05 06:53:56.559   350   350 I auditd  : type=1403 audit(0.0:2): policy loaded auid=4294967295 ses=4294967295
01-05 06:53:57.629     1     1 I init    : type=1400 audit(0.0:3): avc: denied { setattr } for name="mmcblk0p21" dev="tmpfs" ino=12449 scontext=u:r:init:s0 tcontext=u:object_r:frp_block_device:s0 tclass=blk_file permissive=1
01-05 06:53:57.725   361   361 I /system/bin/tzdatacheck: tzdata file /data/misc/zoneinfo/current/tzdata does not exist. No action required.
--------- beginning of system
01-05 06:53:57.897   358   358 I vold    : Vold 3.0 (the awakening) firing up
01-05 06:53:57.898   358   358 V vold    : Detected support for: ext4 vfat
01-05 06:53:58.009   406   406 I Adreno  : QUALCOMM build                   : 183c040, Iff84fb1103
01-05 06:53:58.009   406   406 I Adreno  : Build Date                       : 03/18/16
01-05 06:53:58.009   406   406 I Adreno  : OpenGL ES Shader Compiler Version: XE031.06.00.02
01-05 06:53:58.009   406   406 I Adreno  : Local Branch                     : 
01-05 06:53:58.009   406   406 I Adreno  : Remote Branch                    : refs/tags/AU_LINUX_ANDROID_LA.BF64.1.2.2_RB4.06.00.01.180.031
01-05 06:53:58.009   406   406 I Adreno  : Remote Branch                    : NONE
01-05 06:53:58.009   406   406 I Adreno  : Reconstruct Branch               : NOTHING
01-05 06:53:58.024   491   596 D QC-time-services: Daemon: Time-services: All initializations done
01-05 06:53:58.024   491   596 E QC-time-services: Daemon: Time-services: Waiting to acceptconnection
01-05 06:53:58.024   491   594 D QC-time-services: Daemon:genoff_modem_qmi_service_request: Initiallizing QMI 
01-05 06:53:58.024   491   594 I libmdmdetect: ESOC framework not supported
01-05 06:53:58.025   491   594 I libmdmdetect: Found internal modem: modem
01-05 06:53:58.025   491   594 E Diag_Lib: diag diag_get_max_file_size size=200,max_file_size=209715200,min_file_size=167772160
01-05 06:53:58.045   491   594 E QMI_FW  : QMUXD: WARNING qmi_qmux_if_pwr_up_init failed! rc=-1
01-05 06:53:58.045   491   594 I libmdmdetect: ESOC framework not supported
01-05 06:53:58.045   491   594 I libmdmdetect: Found internal modem: modem
01-05 06:53:58.045   491   594 E QMI_FW  : QMUXD: WARNING qmi_qmux_if_pwr_up_init failed! rc=-1
01-05 06:53:58.045   491   594 I libmdmdetect: ESOC framework not supported
01-05 06:53:58.045   491   594 I libmdmdetect: Found internal modem: modem
01-05 06:53:58.046   491   594 E QMI_FW  : QMUXD: WARNING qmi_qmux_if_pwr_up_init failed! rc=-1
01-05 06:53:58.046   491   594 I libmdmdetect: ESOC framework not supported
01-05 06:53:58.046   491   594 I libmdmdetect: Found internal modem: modem
01-05 06:53:58.047   491   594 E QMI_FW  : QMUXD: WARNING qmi_qmux_if_pwr_up_init failed! rc=-1
01-05 06:53:58.047   491   594 I libmdmdetect: ESOC framework not supported
01-05 06:53:58.047   491   594 I libmdmdetect: Found internal modem: modem
01-05 06:53:58.047   491   594 E QMI_FW  : QMUXD: WARNING qmi_qmux_if_pwr_up_init failed! rc=-1
01-05 06:53:58.047   491   594 I libmdmdetect: ESOC framework not supported
01-05 06:53:58.047   491   594 I libmdmdetect: Found internal modem: modem
01-05 06:53:58.048   491   594 E QMI_FW  : QMUXD: WARNING qmi_qmux_if_pwr_up_init failed! rc=-1
01-05 06:53:58.048   491   594 I libmdmdetect: ESOC framework not supported
01-05 06:53:58.048   491   594 I libmdmdetect: Found internal modem: modem
01-05 06:53:58.048   491   594 E QMI_FW  : QMUXD: WARNING qmi_qmux_if_pwr_up_init failed! rc=-1
01-05 06:53:58.048   491   594 I libmdmdetect: ESOC framework not supported
01-05 06:53:58.048   491   594 I libmdmdetect: Found internal modem: modem
01-05 06:53:58.048   491   594 E QMI_FW  : QMUXD: WARNING qmi_qmux_if_pwr_up_init failed! rc=-1
01-05 06:53:58.048   491   594 E QC-time-services: Daemon:genoff_modem_qmi_service_request: qmi_client_get_service_list returned -2num_services 0
01-05 06:53:58.060   437   437 I         : debuggerd: starting
01-05 06:53:58.075   388   388 I BOOT    : MSM target '', SoC 'MTP', HwID '207', SoC ver '0' 
01-05 06:53:58.095   486   486 E QCNEA   : Cne Version 4.9
01-05 06:53:58.095   486   486 E Diag_Lib: diag diag_get_max_file_size size=200,max_file_size=209715200,min_file_size=167772160
01-05 06:53:58.118   486   486 I libmdmdetect: ESOC framework not supported
01-05 06:53:58.118   486   486 I libmdmdetect: Found internal modem: modem
01-05 06:53:58.118   486   486 E Diag_Lib: diag diag_get_max_file_size size=200,max_file_size=209715200,min_file_size=167772160
01-05 06:53:58.139   427   427 D QSEECOMD: : QSEECOM DAEMON RUNNING 
01-05 06:53:58.155   452   452 E keymaster1_device: Keymaster loaded/ queried from Qseecomd
01-05 06:53:58.155   452   452 D QSEECOMAPI: : QSEECom_get_handle sb_length = 0xa000
01-05 06:53:58.156   452   452 D QSEECOMAPI: : App is already loaded QSEE and app id = 3
01-05 06:53:58.161   452   452 E keymaster1_device: TA API Major Verion: 1
01-05 06:53:58.161   452   452 E keymaster1_device: TA API Minor Verion: 0
01-05 06:53:58.161   452   452 E keymaster1_device: TA Major Verion: 1
01-05 06:53:58.161   452   452 E keymaster1_device: TA Minor Verion: 9
01-05 06:53:58.161   452   452 D keystore: Wrapping keymaster1 module Keymaster QTI HAL with SofKeymasterDevice
01-05 06:53:58.161   452   452 D SoftKeymaster: system/keymaster/soft_keymaster_device.cpp, Line 177: Reinitializing SoftKeymasterDevice to use HW keymaster1
01-05 06:53:58.169   452   452 I SoftKeymaster: system/keymaster/soft_keymaster_device.cpp, Line 130: Creating device
01-05 06:53:58.170   452   452 D SoftKeymaster: system/keymaster/soft_keymaster_device.cpp, Line 131: Device address: 0x7f94e3d400
01-05 06:53:58.178   492   492 D PPDaemon: isHDMIPrimary: HDMI is not primary display
01-05 06:53:58.178   492   492 D PPDaemon: PU Status from pu node: 0
01-05 06:53:58.179   492   492 D PPDaemon: int dcm_os_intf_control(boolean): Entering
01-05 06:53:58.179   492   492 D PPDaemon: Calling LSM init 
01-05 06:53:58.179   492   492 E Diag_Lib: diag diag_get_max_file_size size=200,max_file_size=209715200,min_file_size=167772160
01-05 06:53:58.179   475   475 E gatekeeper_device: Gatekeeper (Keymaster TA) loaded/ queried from Qseecomd
01-05 06:53:58.179   475   475 D QSEECOMAPI: : QSEECom_get_handle sb_length = 0xa000
01-05 06:53:58.179   475   475 D QSEECOMAPI: : App is already loaded QSEE and app id = 3
01-05 06:53:58.190   492   630 D PPDaemon: PU Status from pu node: 0
01-05 06:53:58.190   492   492 D PPDaemon: Diag_LSM_Init succeeded. 
01-05 06:53:58.190   492   492 D PPDaemon: QDCM_Service_ErrorTypes InitUtility(): Entering
01-05 06:53:58.190   492   492 D PPDaemon: MDP version: 0x10090000.
01-05 06:53:58.190   492   492 D PPDaemon: MDSS version: 0x10090000.
01-05 06:53:58.190   492   492 D PPDaemon: QDCM_Service_RegisterCallback() successful.
01-05 06:53:58.190   492   492 D PPDaemon: Panel Name: jd35695_1080p_cmd_mode_dsi_panel
01-05 06:53:58.190   492   492 D PPDaemon: QDCM_Service_ErrorTypes InitUtility(): Exiting
01-05 06:53:58.190   492   492 D PPDaemon: intf.hContext = 0x8d02d180, qdcmContextHandle = 0x7f8d02d180
01-05 06:53:58.190   492   492 D PPDaemon: int dcm_os_intf_control(boolean): Exiting
01-05 06:53:58.219   409   409 I init    : type=1400 audit(0.0:4): avc: denied { execute_no_trans } for path="/system/bin/rfs_access" dev="mmcblk0p42" ino=326 scontext=u:r:init:s0 tcontext=u:object_r:system_file:s0 tclass=file permissive=1
01-05 06:53:58.221   615   615 E PerMgrProxy: Starting pm-proxy service
01-05 06:53:58.221   615   615 I libmdmdetect: ESOC framework not supported
01-05 06:53:58.221   615   615 I libmdmdetect: Found internal modem: modem
01-05 06:53:58.221   615   615 I PerMgrProxy: Found internal modem
01-05 06:53:58.223   623   623 E Diag_Lib: diag diag_get_max_file_size size=200,max_file_size=209715200,min_file_size=167772160
01-05 06:53:58.226   415   461 D PerMgrSrv: modem state: is off-line, add client PM-PROXY-THREAD
01-05 06:53:58.226   415   461 D PerMgrSrv: PM-PROXY-THREAD registered
01-05 06:53:58.228   615   615 D PerMgrLib: PM-PROXY-THREAD successfully registered for modem
01-05 06:53:58.228   615   615 I PerMgrProxy: pm-proxy-thread Voting for internal modem
01-05 06:53:58.228   615   615 D PerMgrLib: PM-PROXY-THREAD voting for modem
01-05 06:53:58.228   415   463 D PerMgrSrv: PM-PROXY-THREAD voting for modem
01-05 06:53:58.228   415   463 D PerMgrSrv: modem new state: going on-line
01-05 06:53:58.228   415   463 D PerMgrSrv: modem num voters is 1
01-05 06:53:58.242   404   404 I lowmemorykiller: Using in-kernel low memory killer interface
01-05 06:53:58.268   627   627 E Diag_Lib: diag diag_get_max_file_size size=200,max_file_size=209715200,min_file_size=167772160
01-05 06:53:58.269   414   414 I qseecomd: type=1400 audit(0.0:5): avc: denied { write } for name="mmcblk0rpmb" dev="tmpfs" ino=12403 scontext=u:r:init:s0 tcontext=u:object_r:rpmb_device:s0 tclass=blk_file permissive=1
01-05 06:53:58.275   414   414 D QSEECOMD: : qseecom listener services process entry PPID = 1
01-05 06:53:58.275   414   414 E QSEECOMD: : Listener: index = 0, hierarchy = 0
01-05 06:53:58.279   409   409 I rfs_access: type=1400 audit(0.0:6): avc: denied { write } for name="uio1" dev="tmpfs" ino=12583 scontext=u:r:init:s0 tcontext=u:object_r:uio_device:s0 tclass=chr_file permissive=1
01-05 06:53:58.279   409   409 I rfs_access: type=1400 audit(0.0:7): avc: denied { setpcap } for capability=8 scontext=u:r:init:s0 tcontext=u:r:init:s0 tclass=capability permissive=1
01-05 06:53:58.279   414   414 I qseecomd: type=1400 audit(0.0:8): avc: denied { write } for name="mmcblk0p16" dev="tmpfs" ino=12429 scontext=u:r:init:s0 tcontext=u:object_r:ssd_device:s0 tclass=blk_file permissive=1
01-05 06:53:58.285   414   414 D QSEECOMD: : Init dlopen(librpmb.so, RTLD_NOW) succeeds
01-05 06:53:58.285   414   414 D QSEECOMD: : Init::Init dlsym(g_FSHandle rpmb_init_service) succeeds
01-05 06:53:58.285   414   414 I rpmb_emmc: RPMB Mult = 16384, Rel_sec_cnt = 1
01-05 06:53:58.285   414   414 E DrmLibRpmb: rpmb_init succeeded! with ret = 0
01-05 06:53:58.285   414   414 D QSEECOMD: : Init rpmb_init_service ret = 0
01-05 06:53:58.285   414   414 D QSEECOMD: : RPMB system services: init (Listener ID = 8192)
01-05 06:53:58.285   414   414 E QSEECOMD: : Listener: index = 1, hierarchy = 0
01-05 06:53:58.289   409   409 I rfs_access: type=1400 audit(0.0:10): avc: denied { create } for scontext=u:r:init:s0 tcontext=u:r:init:s0 tclass=socket permissive=1
01-05 06:53:58.289   427   427 I qseecomd: type=1400 audit(0.0:9): avc: denied { write } for name="qseecom" dev="tmpfs" ino=12657 scontext=u:r:init:s0 tcontext=u:object_r:tee_device:s0 tclass=chr_file permissive=1
01-05 06:53:58.289   427   427 I qseecomd: type=1400 audit(0.0:11): avc: denied { ioctl } for path="/dev/qseecom" dev="tmpfs" ino=12657 ioctlcmd=970a scontext=u:r:init:s0 tcontext=u:object_r:tee_device:s0 tclass=chr_file permissive=1
01-05 06:53:58.289   409   409 I rfs_access: type=1400 audit(0.0:12): avc: denied { ioctl } for path="socket:[13420]" dev="sockfs" ino=13420 ioctlcmd=c304 scontext=u:r:init:s0 tcontext=u:r:init:s0 tclass=socket permissive=1
01-05 06:53:58.289   409   409 I rfs_access: type=1400 audit(0.0:13): avc: denied { bind } for scontext=u:r:init:s0 tcontext=u:r:init:s0 tclass=socket permissive=1
01-05 06:53:58.289   409   409 I rfs_access: type=1400 audit(0.0:14): avc: denied { read } for scontext=u:r:init:s0 tcontext=u:r:init:s0 tclass=socket permissive=1
01-05 06:53:58.291   409   409 I rfs_access: All clients successfully initialized.
01-05 06:53:58.291   409   409 I rfs_access: Capset success!
01-05 06:53:58.292   414   414 D QSEECOMD: : Init dlopen(libssd.so, RTLD_NOW) succeeds
01-05 06:53:58.292   414   414 D QSEECOMD: : Init::Init dlsym(g_FSHandle ssd_init_service) succeeds
01-05 06:53:58.293   414   414 E SSD     : ssd_init_service succeeded!
01-05 06:53:58.293   414   414 D QSEECOMD: : Init ssd_init_service ret = 0
01-05 06:53:58.293   414   414 D QSEECOMD: : SSD system services: init (Listener ID = 12288)
01-05 06:53:58.293   414   414 E QSEECOMD: : Listener: index = 2, hierarchy = 0
01-05 06:53:58.293   414   414 E QSEECOMD: : Init dlopen(libsecureui.so, RLTD_NOW) is failed....
01-05 06:53:58.293   414   414 D QSEECOMD: : SEC_UI_INIT failed, shall not start secure ui listener
01-05 06:53:58.293   414   414 E QSEECOMD: : Listener: index = 5, hierarchy = 0
01-05 06:53:58.293   414   414 E QSEECOMD: : Init dlopen(libmdtp.so, RLTD_NOW) is failed....
01-05 06:53:58.293   414   414 D QSEECOMD: : ERROR: MDTP_INIT failed, shall not start MDTP listener
01-05 06:53:58.294   414   414 D QSEECOMD: : Parent qseecom daemon process paused!! 
01-05 06:53:58.296   409   409 I rfs_access: All Data dirs exist or were created successfully.
01-05 06:53:58.298   427   427 D QSEECOMD: : qseecom listener service threads starting!!! 
01-05 06:53:58.299   427   427 I qseecomd: type=1400 audit(0.0:15): avc: denied { write } for name="property_service" dev="tmpfs" ino=1753 scontext=u:r:init:s0 tcontext=u:object_r:property_socket:s0 tclass=sock_file permissive=1
01-05 06:53:58.299   427   427 D QSEECOMD: : Total listener services to start = 7
01-05 06:53:58.299   427   427 E QSEECOMD: : Listener: index = 0, hierarchy = 1
01-05 06:53:58.299   427   427 D QSEECOMD: : Init dlopen(librpmb.so, RTLD_NOW) succeeds
01-05 06:53:58.299   427   427 D QSEECOMD: : Init::Init dlsym(g_FSHandle rpmb_start) succeeds
01-05 06:53:58.299   427   427 D QSEECOMAPI: : QSEECom_register_listener 8192 sb_length = 0x5000
01-05 06:53:58.299   409   409 I rfs_access: Initialized RFS server
01-05 06:53:58.301   427   427 D QSEECOMD: : Init rpmb_start ret = 0
01-05 06:53:58.301   427   427 D QSEECOMD: : RPMB system services: Started (Listener ID = 8192)
01-05 06:53:58.301   427   427 E QSEECOMD: : Listener: index = 1, hierarchy = 1
01-05 06:53:58.301   427   427 D QSEECOMD: : Init dlopen(libssd.so, RTLD_NOW) succeeds
01-05 06:53:58.301   427   427 D QSEECOMD: : Init::Init dlsym(g_FSHandle ssd_start) succeeds
01-05 06:53:58.301   427   427 D QSEECOMAPI: : QSEECom_register_listener 12288 sb_length = 0x5000
01-05 06:53:58.302   427   427 D QSEECOMD: : Init ssd_start ret = 0
01-05 06:53:58.302   427   427 D QSEECOMD: : SSD system services: Started (Listener ID = 12288)
01-05 06:53:58.302   427   427 E QSEECOMD: : Listener: index = 2, hierarchy = 1
01-05 06:53:58.302   427   427 E QSEECOMD: : Init dlopen(libsecureui.so, RLTD_NOW) is failed....
01-05 06:53:58.302   427   427 E QSEECOMD: : Listener: index = 3, hierarchy = 1
01-05 06:53:58.310   427   427 D QSEECOMD: : Init dlopen(libdrmtime.so, RTLD_NOW) succeeds
01-05 06:53:58.310   427   427 D QSEECOMD: : Init::Init dlsym(g_FSHandle atime_start) succeeds
01-05 06:53:58.310   427   427 D DrmLibTime: QSEE Time Listener: atime_start
01-05 06:53:58.310   427   427 D QSEECOMAPI: : QSEECom_register_listener 11 sb_length = 0x5000
01-05 06:53:58.315   427   427 D DrmLibTime: registering fs service to QSEECom is done!
01-05 06:53:58.316   427   427 D DrmLibTime: begin to create a thread!
01-05 06:53:58.316   427   427 D DrmLibTime: Creating a pthread in atime_start is done! return 0
01-05 06:53:58.316   427   427 D QSEECOMD: : Init atime_start ret = 0
01-05 06:53:58.316   427   427 D QSEECOMD: : time services: Started (Listener ID = 11)
01-05 06:53:58.316   427   427 E QSEECOMD: : Listener: index = 4, hierarchy = 1
01-05 06:53:58.316   427   427 D QSEECOMD: : Init dlopen(libdrmfs.so, RTLD_NOW) succeeds
01-05 06:53:58.316   427   427 D QSEECOMD: : Init::Init dlsym(g_FSHandle fs_start) succeeds
01-05 06:53:58.316   427   427 D QSEECOMAPI: : QSEECom_register_listener 10 sb_length = 0x5000
01-05 06:53:58.316   427   427 D QSEECOMD: : Init fs_start ret = 0
01-05 06:53:58.316   427   427 D QSEECOMD: : file system services: Started (Listener ID = 10)
01-05 06:53:58.316   427   427 E QSEECOMD: : Listener: index = 5, hierarchy = 1
01-05 06:53:58.316   427   427 E QSEECOMD: : Init dlopen(libmdtp.so, RLTD_NOW) is failed....
01-05 06:53:58.316   427   427 E QSEECOMD: : Listener: index = 6, hierarchy = 1
01-05 06:53:58.316   427   427 D QSEECOMD: : Init dlopen(libdrmfs.so, RTLD_NOW) succeeds
01-05 06:53:58.316   427   427 D QSEECOMD: : Init::Init dlsym(g_FSHandle gpfs_start) succeeds
01-05 06:53:58.316   427   427 D QSEECOMAPI: : QSEECom_register_listener 28672 sb_length = 0x7e000
01-05 06:53:58.317   427   427 D QSEECOMD: : Init gpfs_start ret = 0
01-05 06:53:58.317   427   427 D QSEECOMD: : gpfile system services: Started (Listener ID = 28672)
01-05 06:53:58.317   406   406 I qdutils : PartialUpdate status: Disabled
01-05 06:53:58.317   406   406 I qdutils : Left Align: 0
01-05 06:53:58.317   406   406 I qdutils : Width Align: 0
01-05 06:53:58.317   406   406 I qdutils : Top Align: 0
01-05 06:53:58.317   406   406 I qdutils : Height Align: 0
01-05 06:53:58.317   406   406 I qdutils : Min ROI Width: 0
01-05 06:53:58.317   406   406 I qdutils : Min ROI Height: 0
01-05 06:53:58.317   406   406 I qdutils : Needs ROI Merge: 0
01-05 06:53:58.317   406   406 I qdutils : Dynamic Fps: Disabled
01-05 06:53:58.317   406   406 I qdutils : Min Panel fps: 0
01-05 06:53:58.317   406   406 I qdutils : Max Panel fps: 0
01-05 06:53:58.318   406   406 D qdutils : int qdutils::getHDMINode(): fb node 2 not present
01-05 06:53:58.318   406   406 I qdutils : int qdutils::getHDMINode(): No HDMI node on this device
01-05 06:53:58.318   427   427 D QSEECOMAPI: : QSEECom_get_handle sb_length = 0x400
01-05 06:53:58.319   427   427 D QSEECOMAPI: : App is not loaded in QSEE
01-05 06:53:58.319   427   427 E QSEECOMAPI: : Error::Cannot open the file /firmware/image/keymaste.mdt
01-05 06:53:58.319   427   427 E QSEECOMAPI: : Error::Loading image failed with ret = -1
01-05 06:53:58.319   427   427 E QSEECOMD: : Loading keymaste app failied
01-05 06:53:58.319   427   427 D QSEECOMAPI: : QSEECom_get_handle sb_length = 0x400
01-05 06:53:58.319   427   427 D QSEECOMAPI: : App is not loaded in QSEE
01-05 06:53:58.319   427   427 E QSEECOMAPI: : Error::Cannot open the file /firmware/image/keymaster.mdt
01-05 06:53:58.319   427   427 E QSEECOMAPI: : Error::Loading image failed with ret = -1
01-05 06:53:58.319   427   427 E QSEECOMD: : Loading keymaster app failied
01-05 06:53:58.319   427   427 D QSEECOMAPI: : QSEECom_get_handle sb_length = 0x400
01-05 06:53:58.319   427   427 D QSEECOMAPI: : App is not loaded in QSEE
01-05 06:53:58.324   649   649 I MSM-irqbalance: msm-irq_balance (1.3) initialized
01-05 06:53:58.324   649   649 I MSM-irqbalance: Configuration
01-05 06:53:58.324   649   649 I MSM-irqbalance: Rate: 0.2 Hz
01-05 06:53:58.324   649   649 I MSM-irqbalance: Decay Factor: 75.0
01-05 06:53:58.324   649   649 I MSM-irqbalance: Balancing Factor: 0.1
01-05 06:53:58.324   649   649 I MSM-irqbalance: Debug Log: OFF
01-05 06:53:58.324   649   649 I MSM-irqbalance: Cfg file: /system/vendor/etc/msm_irqbalance.conf
01-05 06:53:58.324   649   649 I MSM-irqbalance: CPU PRIO: CPU0: 1 CPU1: 1 CPU2: 1 CPU3: 1 CPU4: 0 CPU5: 0 CPU6: 0 CPU7: 0 
01-05 06:53:58.324   649   649 I MSM-irqbalance: Ignored IRQs: 20 40 200 203 155 157 
01-05 06:53:58.324   406   406 E qdhwcomposer: FATAL ERROR: copybit hw module not found
01-05 06:53:58.325   406   406 I qdhwcomposer: Successfully Loaded perf hint API's
01-05 06:53:58.325   406   406 I qdhwcomposer: PerfHintWindow = 50
01-05 06:53:58.325   427   433 D DrmLibTime: QSEE Time Listener: dispatch
01-05 06:53:58.326   427   433 D DrmLibTime: before calling ioctl to read the next time_cmd
01-05 06:53:58.327   424   424 I qcom-bluetooth: /system/etc/init.qcom.bt.sh: init.qcom.bt.sh config = onboot 
01-05 06:53:58.329   454   454 I init    : type=1400 audit(0.0:16): avc: denied { execute_no_trans } for path="/sbin/boeffla-init.sh" dev="rootfs" ino=9525 scontext=u:r:init:s0 tcontext=u:object_r:rootfs:s0 tclass=file permissive=1
01-05 06:53:58.333   406   406 I qdhwcomposer: Initializing Qualcomm Hardware Composer
01-05 06:53:58.333   406   406 I qdhwcomposer: MDP version: 500
01-05 06:53:58.333   406   406 I SurfaceFlinger: Using composer version 1.5
01-05 06:53:58.333   406   406 I qdhwcomposer: hwc_registerProcs
01-05 06:53:58.333   406   406 I qdhwcomposer: Initializing UEVENT Thread
01-05 06:53:58.333   406   406 I qdhwcomposer: Initializing VSYNC Thread
01-05 06:53:58.333   406   406 D qdhwcomposer: hwc_getDisplayAttributes disp = 0, width = 1080
01-05 06:53:58.333   406   406 D qdhwcomposer: hwc_getDisplayAttributes disp = 0, height = 1920
01-05 06:53:58.333   406   406 E qdhwcomposer: hwc_getDisplayConfigs display (1) is inactive
01-05 06:53:58.333   415   415 I libmdmdetect: ESOC framework not supported
01-05 06:53:58.334   415   415 I libmdmdetect: Found internal modem: modem
01-05 06:53:58.334   406   406 I SurfaceFlinger: EGL information:
01-05 06:53:58.334   406   406 I SurfaceFlinger: vendor    : Android
01-05 06:53:58.334   406   406 I SurfaceFlinger: version   : 1.4 Android META-EGL
01-05 06:53:58.334   406   406 I SurfaceFlinger: extensions: EGL_KHR_get_all_proc_addresses EGL_ANDROID_presentation_time EGL_KHR_swap_buffers_with_damage EGL_KHR_image EGL_KHR_image_base EGL_KHR_lock_surface EGL_KHR_gl_texture_2D_image EGL_KHR_gl_texture_3D_image EGL_KHR_gl_texture_cubemap_image EGL_KHR_gl_renderbuffer_image EGL_KHR_reusable_sync EGL_KHR_fence_sync EGL_KHR_create_context EGL_KHR_surfaceless_context EGL_EXT_create_context_robustness EGL_ANDROID_image_native_buffer EGL_KHR_wait_sync EGL_ANDROID_recordable EGL_KHR_partial_update EGL_KHR_create_context_no_error 
01-05 06:53:58.334   406   406 I SurfaceFlinger: Client API: OpenGL_ES
01-05 06:53:58.334   406   406 I SurfaceFlinger: EGLSurface: 8-8-8-8, config=0x7f7802a960
01-05 06:53:58.340   406   406 I SurfaceFlinger: OpenGL ES informations:
01-05 06:53:58.340   406   406 I SurfaceFlinger: vendor    : Qualcomm
01-05 06:53:58.340   406   406 I SurfaceFlinger: renderer  : Adreno (TM) 430
01-05 06:53:58.340   406   406 I SurfaceFlinger: version   : OpenGL ES 3.1 V@139.0 (GIT@Iff84fb1103)
01-05 06:53:58.340   406   406 I SurfaceFlinger: extensions: GL_OES_EGL_image GL_OES_EGL_image_external GL_OES_EGL_sync GL_OES_vertex_half_float GL_OES_framebuffer_object GL_OES_rgb8_rgba8 GL_OES_compressed_ETC1_RGB8_texture GL_AMD_compressed_ATC_texture GL_KHR_texture_compression_astc_ldr GL_OES_texture_npot GL_EXT_texture_filter_anisotropic GL_EXT_texture_format_BGRA8888 GL_OES_texture_3D GL_EXT_color_buffer_float GL_EXT_color_buffer_half_float GL_QCOM_alpha_test GL_OES_depth24 GL_OES_packed_depth_stencil GL_OES_depth_texture GL_OES_depth_texture_cube_map GL_EXT_sRGB GL_OES_texture_float GL_OES_texture_float_linear GL_OES_texture_half_float GL_OES_texture_half_float_linear GL_EXT_texture_type_2_10_10_10_REV GL_EXT_texture_sRGB_decode GL_OES_element_index_uint GL_EXT_copy_image GL_EXT_geometry_shader GL_EXT_tessellation_shader GL_OES_texture_stencil8 GL_EXT_shader_io_blocks GL_OES_shader_image_atomic GL_OES_sample_variables GL_EXT_texture_border_clamp GL_EXT_multisampled_render_to_texture GL_OES_shader_multisample_interpolation GL_EXT_texture_cube_map_arr
01-05 06:53:58.340   406   406 I SurfaceFlinger: GL_MAX_TEXTURE_SIZE = 16384
01-05 06:53:58.340   406   406 I SurfaceFlinger: GL_MAX_VIEWPORT_DIMS = 16384
01-05 06:53:58.341   406   666 I qdhwcomposer: vsync_loop: Reading event 0 for dpy 0 from /sys/class/graphics/fb0/vsync_event
01-05 06:53:58.341   406   666 I qdhwcomposer: vsync_loop: Reading event 1 for dpy 0 from /sys/class/graphics/fb0/show_blank_event
01-05 06:53:58.341   406   666 I qdhwcomposer: vsync_loop: Reading event 2 for dpy 0 from /sys/class/graphics/fb0/msm_fb_thermal_level
01-05 06:53:58.341   406   666 I qdhwcomposer: vsync_loop: Reading event 0 for dpy 1 from /sys/class/graphics/fb-1/vsync_event
01-05 06:53:58.341   406   666 I qdhwcomposer: vsync_loop: Reading event 1 for dpy 1 from /sys/class/graphics/fb-1/show_blank_event
01-05 06:53:58.341   406   666 I qdhwcomposer: vsync_loop: Reading event 2 for dpy 1 from /sys/class/graphics/fb-1/msm_fb_thermal_level
01-05 06:53:58.341   415   415 I PerMgrSrv: Peripheral Mananager service start
01-05 06:53:58.341   415   415 I PerMgrSrv: power-off timeout 500,ms; event-ack timeout 200,ms; debug-mode false
01-05 06:53:58.341   415   415 I PerMgrSrv: Statistics for : modem
01-05 06:53:58.341   415   415 I PerMgrSrv: modem: Current State : is off-line
01-05 06:53:58.341   415   415 I PerMgrSrv: modem: Voter/Listener count : 0/0
01-05 06:53:58.341   415   415 I PerMgrSrv: modem: Power on count : 0
01-05 06:53:58.341   415   415 I PerMgrSrv: modem: Power off count: 0
01-05 06:53:58.341   415   415 I PerMgrSrv: modem: Client list:
01-05 06:53:58.343   406   406 I SurfaceFlinger: SurfaceFlinger is starting
01-05 06:53:58.343   406   406 I SurfaceFlinger: SurfaceFlinger's main thread ready to run. Initializing graphics H/W...
01-05 06:53:58.347   415   453 I PerMgrSrv: QMI service start
01-05 06:53:58.349     1     1 I init    : type=1400 audit(0.0:17): avc: denied { getattr } for path="/system/xbin/perfprofd" dev="mmcblk0p42" ino=2444 scontext=u:r:init:s0 tcontext=u:object_r:perfprofd_exec:s0 tclass=file permissive=1
01-05 06:53:58.349   406   406 D SurfaceFlinger: Set power mode=2, type=0 flinger=0x7f7800dc00
01-05 06:53:58.349   406   406 D qdhwcomposer: hwc_setPowerMode: Setting mode 2 on display: 0
01-05 06:53:58.349   406   666 I qdhwcomposer: handle_blank_event: dpy:0 panel power state: 1
01-05 06:53:58.349   406   406 D qdhwcomposer: hwc_setPowerMode: Done setting mode 2 on display 0
01-05 06:53:58.365   406   406 D libEGL  : loaded /vendor/lib64/egl/libEGL_adreno.so
01-05 06:53:58.385   458   458 I irsc_util: Starting irsc tool
01-05 06:53:58.408   442   442 I         : debuggerd: starting
01-05 06:53:58.409   485   485 I init    : type=1400 audit(0.0:18): avc: denied { execute } for name="perfprofd" dev="mmcblk0p42" ino=2444 scontext=u:r:init:s0 tcontext=u:object_r:perfprofd_exec:s0 tclass=file permissive=1
01-05 06:53:58.409   485   485 I init    : type=1400 audit(0.0:19): avc: denied { read open } for path="/system/xbin/perfprofd" dev="mmcblk0p42" ino=2444 scontext=u:r:init:s0 tcontext=u:object_r:perfprofd_exec:s0 tclass=file permissive=1
01-05 06:53:58.409   485   485 I init    : type=1400 audit(0.0:20): avc: denied { execute_no_trans } for path="/system/xbin/perfprofd" dev="mmcblk0p42" ino=2444 scontext=u:r:init:s0 tcontext=u:object_r:perfprofd_exec:s0 tclass=file permissive=1
01-05 06:53:58.416   450   450 I mediaserver: ServiceManager: 0xf601d120
01-05 06:53:58.416   450   450 I AudioFlinger: Using 300 mSec as standby time.
01-05 06:53:58.417   450   450 E         : batterystats service unavailable!
01-05 06:53:58.417   450   450 E         : batterystats service unavailable!
01-05 06:53:58.418   450   450 I CameraService: CameraService started (pid=450)
01-05 06:53:58.418   450   450 I CameraService: CameraService process starting
01-05 06:53:58.418   450   450 E         : batterystats service unavailable!
01-05 06:53:58.418   450   450 E         : batterystats service unavailable!
01-05 06:53:58.421   458   458 I irsc_util: Num of entries:283
01-05 06:53:58.446   451   451 I installd: installd firing up
01-05 06:53:58.459   458   458 I irsc_util: Ending irsc tool
01-05 06:53:58.469   470   470 I thermal-engine: type=1400 audit(0.0:21): avc: denied { write } for name="smem_log" dev="tmpfs" ino=12638 scontext=u:r:init:s0 tcontext=u:object_r:smem_log_device:s0 tclass=chr_file permissive=1
01-05 06:53:58.469   470   470 I thermal-engine: type=1400 audit(0.0:22): avc: denied { ioctl } for path="/dev/smem_log" dev="tmpfs" ino=12638 ioctlcmd=3001 scontext=u:r:init:s0 tcontext=u:object_r:smem_log_device:s0 tclass=chr_file permissive=1
01-05 06:53:58.470   450   450 E HAL     : load: module=/system/lib/hw/camera.msm8994.so
01-05 06:53:58.470   450   450 E HAL     : dlopen failed: cannot locate symbol "_ZN7android16CameraParameters12KEY_APP_MASKE" referenced by "/system/lib/hw/camera.msm8994.so"...
01-05 06:53:58.470   450   450 E CameraService: Could not load camera HAL module: -22 (Invalid argument)
01-05 06:53:58.472   450   450 I AudioPolicyService: AudioPolicyService CSTOR in new mode
01-05 06:53:58.475   450   450 W APM::Devices: DeviceVector::add device 80000040 already in
01-05 06:53:58.475   450   450 I APM::ConfigParsingUtils: loadAudioPolicyConfig() loaded /system/etc/audio_policy.conf
01-05 06:53:58.476   452   452 I keystore: Found keymaster1 module Keymaster QTI HAL, version 100
01-05 06:53:58.476   452   452 I SoftKeymaster: system/keymaster/soft_keymaster_device.cpp, Line 130: Creating device
01-05 06:53:58.476   452   452 D SoftKeymaster: system/keymaster/soft_keymaster_device.cpp, Line 131: Device address: 0x7f94e3d000
01-05 06:53:58.483   450   450 D audio_hw_primary: adev_open: enter
01-05 06:53:58.484   450   450 E platform_info: device tag only supported for acdb/backend names
01-05 06:53:58.487   470   470 I ThermalEngine: Thermal daemon started
01-05 06:53:58.489   470   470 I thermal-engine: type=1400 audit(0.0:23): avc: denied { write } for name="msm_thermal_query" dev="tmpfs" ino=12710 scontext=u:r:init:s0 tcontext=u:object_r:thermal_device:s0 tclass=chr_file permissive=1
01-05 06:53:58.499   470   470 I thermal-engine: type=1400 audit(0.0:24): avc: denied { ioctl } for path="/dev/msm_thermal_query" dev="tmpfs" ino=12710 ioctlcmd=ca04 scontext=u:r:init:s0 tcontext=u:object_r:thermal_device:s0 tclass=chr_file permissive=1
01-05 06:53:58.499   470   470 I thermal-engine: type=1400 audit(0.0:25): avc: denied { getattr } for path="/sys/module/msm_thermal/core_control/cpus_offlined" dev="sysfs" ino=22159 scontext=u:r:init:s0 tcontext=u:object_r:sysfs_mpdecision:s0 tclass=file permissive=1
01-05 06:53:58.507   470   470 I ThermalEngine: No target config file, falling back to '/system/etc/thermal-engine.conf'
01-05 06:53:58.507   470   470 I ThermalEngine: devices_manager_init: Init
01-05 06:53:58.507   470   470 I ThermalEngine: Number of gpus :1
01-05 06:53:58.508   470   470 I Thermal-IOCTL: KTM IOCTL interface "/dev/msm_thermal_query" opened
01-05 06:53:58.508   470   470 E ThermalEngine: update_cpu_topology: Cluster Info[0]. Cluster Id: 0 cpu_bits:0xf sync:1
01-05 06:53:58.508   470   470 E ThermalEngine: update_cpu_topology: Cluster Info[1]. Cluster Id: 1 cpu_bits:0xf0 sync:1
01-05 06:53:58.508   470   470 I ThermalEngine: vdd_rstr_init: Init KTM VDD RSTR enabled: 0
01-05 06:53:58.509   470   470 I ThermalEngine: sensors_manager_init: Init
01-05 06:53:58.509   470   504 I libmdmdetect: ESOC framework not supported
01-05 06:53:58.510   470   504 I libmdmdetect: Found internal modem: modem
01-05 06:53:58.510   470   504 E Diag_Lib: diag diag_get_max_file_size size=200,max_file_size=209715200,min_file_size=167772160
01-05 06:53:58.518   406   406 D libEGL  : loaded /vendor/lib64/egl/libGLESv1_CM_adreno.so
01-05 06:53:58.527   406   406 D libEGL  : loaded /vendor/lib64/egl/libGLESv2_adreno.so
01-05 06:53:58.544   450   450 D msm8974_platform: platform_init: snd_card_name: msm8994-tomtom-mtp-snd-card
01-05 06:53:58.549   472   472 I energy-awarenes: type=1400 audit(0.0:26): avc: denied { write } for name="pta" dev="tmpfs" ino=12601 scontext=u:r:init:s0 tcontext=u:object_r:pta_device:s0 tclass=chr_file permissive=1
01-05 06:53:58.549   471   471 I adsprpcd: type=1400 audit(0.0:27): avc: denied { ioctl } for path="/dev/adsprpc-smd" dev="tmpfs" ino=12698 ioctlcmd=5206 scontext=u:r:init:s0 tcontext=u:object_r:qdsp_device:s0 tclass=chr_file permissive=1
01-05 06:53:58.557   485   485 I perfprofd: starting Android Wide Profiling daemon
01-05 06:53:58.567   485   485 E perfprofd: unable to open configuration file /data/data/com.google.android.gms/files/perfprofd.conf
01-05 06:53:58.567   485   485 I perfprofd: random seed set to 3688494393
01-05 06:53:58.569   537   537 I energy-awarenes: type=1400 audit(0.0:28): avc: denied { create } for scontext=u:r:init:s0 tcontext=u:r:init:s0 tclass=netlink_kobject_uevent_socket permissive=1
01-05 06:53:58.569   537   537 I energy-awarenes: type=1400 audit(0.0:29): avc: denied { setopt } for scontext=u:r:init:s0 tcontext=u:r:init:s0 tclass=netlink_kobject_uevent_socket permissive=1
01-05 06:53:58.569   537   537 I energy-awarenes: type=1400 audit(0.0:30): avc: denied { bind } for scontext=u:r:init:s0 tcontext=u:r:init:s0 tclass=netlink_kobject_uevent_socket permissive=1
01-05 06:53:58.569   472   472 I energy-awarenes: type=1400 audit(0.0:31): avc: denied { ioctl } for path="/dev/pta" dev="tmpfs" ino=12601 ioctlcmd=9d01 scontext=u:r:init:s0 tcontext=u:object_r:pta_device:s0 tclass=chr_file permissive=1
01-05 06:53:58.579   685   685 E Diag_Lib: diag diag_get_max_file_size size=200,max_file_size=209715200,min_file_size=167772160
01-05 06:53:58.579   685   685 E Diag_Lib:  Diag_LSM_Init: Failed to open handle to diag driver, error = 13
01-05 06:53:58.579   685   685 I libmdmdetect: ESOC framework not supported
01-05 06:53:58.579   705   705 I qcom-bluetooth: /system/etc/init.qcom.bt.sh: Bluetooth stack is Bluedroid 
01-05 06:53:58.579   685   685 I libmdmdetect: Found internal modem: modem
01-05 06:53:58.587   472   472 E Energy-Aware: Voltage plan not received for cpu4
01-05 06:53:58.587   472   472 E Energy-Aware: Failed to transfer voltage values for cpu4 err:-1
01-05 06:53:58.587   472   472 E Energy-Aware: Voltage plan not received for cpu5
01-05 06:53:58.587   472   472 E Energy-Aware: Failed to transfer voltage values for cpu5 err:-1
01-05 06:53:58.587   472   472 E Energy-Aware: Voltage plan not received for cpu6
01-05 06:53:58.587   472   472 E Energy-Aware: Failed to transfer voltage values for cpu6 err:-1
01-05 06:53:58.587   472   472 E Energy-Aware: Voltage plan not received for cpu7
01-05 06:53:58.587   472   472 E Energy-Aware: Failed to transfer voltage values for cpu7 err:-1
01-05 06:53:58.589   470   470 E ThermalEngine: bcl_setup: Error opening /sys/devices/soc.0/qcom,bcl.62/iavail
01-05 06:53:58.589   470   470 E ThermalEngine: add_tgt_sensors_set: Error adding bcl
01-05 06:53:58.589   470   470 E ThermalEngine: sensors_init: Error adding BCL TS
01-05 06:53:58.590   470   470 I ThermalEngine: Loading config file for virtual sensor
01-05 06:53:58.590   470   470 I ThermalEngine: Loading configuration file /system/etc/thermal-engine.conf
01-05 06:53:58.591   670   712 D libEGL  : loaded /vendor/lib64/egl/libEGL_adreno.so
01-05 06:53:58.599   627   663 E Sensors : mag_cal.c(1594):mag_cal_sam_init: Failed to init mag cal lib for UUID(1) b2073ea7-d28a-47e1
01-05 06:53:58.599   627   663 E Sensors : mag_cal.c(1599):mag_cal_sam_init: Failed to init mag cal lib for UUID(2) 8221-fd002a2102be
01-05 06:53:58.599   627   663 E Sensors : sns_sam.c(4433):Failed to register algorithm service 16 with SAM
01-05 06:53:58.618   436   436 I Netd    : Netd 1.0 starting
01-05 06:53:58.619   568   568 I dpmd    : type=1400 audit(0.0:32): avc: denied { create } for scontext=u:r:init:s0 tcontext=u:r:init:s0 tclass=netlink_route_socket permissive=1
01-05 06:53:58.619   568   568 I dpmd    : type=1400 audit(0.0:33): avc: denied { bind } for scontext=u:r:init:s0 tcontext=u:r:init:s0 tclass=netlink_route_socket permissive=1
01-05 06:53:58.619   568   568 I dpmd    : type=1400 audit(0.0:34): avc: denied { getopt } for scontext=u:r:init:s0 tcontext=u:r:init:s0 tclass=netlink_route_socket permissive=1
01-05 06:53:58.619   568   568 I dpmd    : type=1400 audit(0.0:35): avc: denied { write } for scontext=u:r:init:s0 tcontext=u:r:init:s0 tclass=netlink_route_socket permissive=1
01-05 06:53:58.619   568   568 I dpmd    : type=1400 audit(0.0:36): avc: denied { nlmsg_read } for scontext=u:r:init:s0 tcontext=u:r:init:s0 tclass=netlink_route_socket permissive=1
01-05 06:53:58.619   568   568 I dpmd    : type=1400 audit(0.0:37): avc: denied { read } for scontext=u:r:init:s0 tcontext=u:r:init:s0 tclass=netlink_route_socket permissive=1
01-05 06:53:58.619   475   475 I gatekeeperd: Starting gatekeeperd...
01-05 06:53:58.633   487   487 E Diag_Lib: diag diag_get_max_file_size size=200,max_file_size=209715200,min_file_size=167772160
01-05 06:53:58.662   670   712 D libEGL  : loaded /vendor/lib64/egl/libGLESv1_CM_adreno.so
01-05 06:53:58.669   537   537 I energy-awarenes: type=1400 audit(0.0:38): avc: denied { read } for scontext=u:r:init:s0 tcontext=u:r:init:s0 tclass=netlink_kobject_uevent_socket permissive=1
01-05 06:53:58.672   670   712 D libEGL  : loaded /vendor/lib64/egl/libGLESv2_adreno.so
01-05 06:53:58.679   470   470 I thermal-engine: type=1400 audit(0.0:39): avc: denied { create } for name="socket_devicemanager_to_thermalengine_mitigation" scontext=u:r:init:s0 tcontext=u:object_r:socket_device:s0 tclass=sock_file permissive=1
01-05 06:53:58.679   470   470 I thermal-engine: type=1400 audit(0.0:40): avc: denied { setattr } for name="socket_devicemanager_to_thermalengine_mitigation" dev="tmpfs" ino=11785 scontext=u:r:init:s0 tcontext=u:object_r:socket_device:s0 tclass=sock_file permissive=1
01-05 06:53:58.679   470   470 I thermal-engine: type=1400 audit(0.0:41): avc: denied { relabelfrom } for name="socket_devicemanager_to_thermalengine_mitigation" dev="tmpfs" ino=11785 scontext=u:r:init:s0 tcontext=u:object_r:socket_device:s0 tclass=sock_file permissive=1
01-05 06:53:58.688   470   470 I ThermalEngine: Parsing section global
01-05 06:53:58.689   583   583 I busybox : type=1400 audit(0.0:42): avc: denied { execmem } for scontext=u:r:init:s0 tcontext=u:r:init:s0 tclass=process permissive=1
01-05 06:53:58.689   670   712 I Adreno  : QUALCOMM build                   : 183c040, Iff84fb1103
01-05 06:53:58.689   670   712 I Adreno  : Build Date                       : 03/18/16
01-05 06:53:58.689   670   712 I Adreno  : OpenGL ES Shader Compiler Version: XE031.06.00.02
01-05 06:53:58.689   670   712 I Adreno  : Local Branch                     : 
01-05 06:53:58.689   670   712 I Adreno  : Remote Branch                    : refs/tags/AU_LINUX_ANDROID_LA.BF64.1.2.2_RB4.06.00.01.180.031
01-05 06:53:58.689   670   712 I Adreno  : Remote Branch                    : NONE
01-05 06:53:58.689   670   712 I Adreno  : Reconstruct Branch               : NOTHING
01-05 06:53:58.690   470   470 E ThermalEngine: virtual_sensors_init: Error getting virtual sensors set
01-05 06:53:58.690   470   470 I ThermalEngine: Loading configuration file /system/etc/thermal-engine.conf
01-05 06:53:58.690   470   470 I ThermalEngine: Parsing section global
01-05 06:53:58.690   470   470 I ThermalEngine: Created section 'MONITOR_MSM_THERM_CLUSTER'
01-05 06:53:58.690   470   470 I ThermalEngine: Algo Type 'monitor'
01-05 06:53:58.690   470   470 I ThermalEngine: Parsing section MONITOR_MSM_THERM_CLUSTER
01-05 06:53:58.690   470   470 I ThermalEngine: Found field 'sampling'
01-05 06:53:58.690   470   470 I ThermalEngine: Found field 'sensor'
01-05 06:53:58.690   470   470 I ThermalEngine: Found field 'thresholds'
01-05 06:53:58.690   470   470 I ThermalEngine: Found field 'thresholds_clr'
01-05 06:53:58.690   470   470 I ThermalEngine: Found field 'actions'
01-05 06:53:58.690   470   470 I ThermalEngine: Found field 'action_info'
01-05 06:53:58.690   470   470 I ThermalEngine: Created section 'MONITOR_MSM_THERM_GPU'
01-05 06:53:58.690   470   470 I ThermalEngine: Algo Type 'monitor'
01-05 06:53:58.690   470   470 I ThermalEngine: Parsing section MONITOR_MSM_THERM_GPU
01-05 06:53:58.690   470   470 I ThermalEngine: Found field 'sampling'
01-05 06:53:58.690   470   470 I ThermalEngine: Found field 'sensor'
01-05 06:53:58.690   470   470 I ThermalEngine: Found field 'thresholds'
01-05 06:53:58.690   470   470 I ThermalEngine: Found field 'thresholds_clr'
01-05 06:53:58.690   470   470 I ThermalEngine: Found field 'actions'
01-05 06:53:58.690   470   470 I ThermalEngine: Found field 'action_info'
01-05 06:53:58.690   470   470 I ThermalEngine: Created section 'MONITOR_MSM_THERM_HOTPLUG'
01-05 06:53:58.690   470   470 I ThermalEngine: Algo Type 'monitor'
01-05 06:53:58.690   470   470 I ThermalEngine: Parsing section MONITOR_MSM_THERM_HOTPLUG
01-05 06:53:58.690   470   470 I ThermalEngine: Found field 'sampling'
01-05 06:53:58.690   470   470 I ThermalEngine: Found field 'sensor'
01-05 06:53:58.690   470   470 I ThermalEngine: Found field 'thresholds'
01-05 06:53:58.690   470   470 I ThermalEngine: Found field 'thresholds_clr'
01-05 06:53:58.690   470   470 I ThermalEngine: Found field 'actions'
01-05 06:53:58.690   470   470 I ThermalEngine: Found field 'action_info'
01-05 06:53:58.690   470   470 I ThermalEngine: Created section 'MONITOR_EMMC_THERM'
01-05 06:53:58.691   470   470 I ThermalEngine: Algo Type 'monitor'
01-05 06:53:58.691   470   470 I ThermalEngine: Parsing section MONITOR_EMMC_THERM
01-05 06:53:58.691   470   470 I ThermalEngine: Found field 'sampling'
01-05 06:53:58.691   470   470 I ThermalEngine: Found field 'sensor'
01-05 06:53:58.691   470   470 I ThermalEngine: Found field 'thresholds'
01-05 06:53:58.691   470   470 I ThermalEngine: Found field 'thresholds_clr'
01-05 06:53:58.691   470   470 I ThermalEngine: Found field 'actions'
01-05 06:53:58.691   470   470 I ThermalEngine: Found field 'action_info'
01-05 06:53:58.691   470   470 I ThermalEngine: Created section 'MONITOR_PA_THERM'
01-05 06:53:58.691   470   470 I ThermalEngine: Algo Type 'monitor'
01-05 06:53:58.691   470   470 I ThermalEngine: Parsing section MONITOR_PA_THERM
01-05 06:53:58.691   470   470 I ThermalEngine: Found field 'sampling'
01-05 06:53:58.691   470   470 I ThermalEngine: Found field 'sensor'
01-05 06:53:58.691   470   470 I ThermalEngine: Found field 'thresholds'
01-05 06:53:58.691   470   470 I ThermalEngine: Found field 'thresholds_clr'
01-05 06:53:58.691   470   470 I ThermalEngine: Found field 'actions'
01-05 06:53:58.691   470   470 I ThermalEngine: Found field 'action_info'
01-05 06:53:58.691   470   470 I ThermalEngine: Found section 'SS-GPU'
01-05 06:53:58.691   470   470 I ThermalEngine: Algo Type 'ss'
01-05 06:53:58.691   470   470 I ThermalEngine: Parsing section SS-GPU
01-05 06:53:58.691   470   470 I ThermalEngine: Found field 'sampling'
01-05 06:53:58.691   470   470 I ThermalEngine: Found field 'sensor'
01-05 06:53:58.691   470   470 I ThermalEngine: Found field 'device'
01-05 06:53:58.691   470   470 I ThermalEngine: Found field 'set_point'
01-05 06:53:58.691   470   470 I ThermalEngine: Found field 'set_point_clr'
01-05 06:53:58.691   470   470 I ThermalEngine: Found field 'time_constant'
01-05 06:53:58.691   470   470 I ThermalEngine: Found section 'SS-POPMEM'
01-05 06:53:58.691   470   470 I ThermalEngine: Algo Type 'ss'
01-05 06:53:58.691   470   470 I ThermalEngine: Parsing section SS-POPMEM
01-05 06:53:58.691   470   470 I ThermalEngine: Found field 'sampling'
01-05 06:53:58.691   470   470 I ThermalEngine: Found field 'sensor'
01-05 06:53:58.691   470   470 I ThermalEngine: Found field 'device'
01-05 06:53:58.691   470   470 I ThermalEngine: Found field 'set_point'
01-05 06:53:58.691   470   470 I ThermalEngine: Found field 'set_point_clr'
01-05 06:53:58.691   470   470 I ThermalEngine: Found field 'time_constant'
01-05 06:53:58.691   470   470 I ThermalEngine: Found section 'SS-CPU7'
01-05 06:53:58.691   470   470 I ThermalEngine: Algo Type 'ss'
01-05 06:53:58.691   470   470 I ThermalEngine: Parsing section SS-CPU7
01-05 06:53:58.691   470   470 I ThermalEngine: Found field 'sampling'
01-05 06:53:58.691   470   470 I ThermalEngine: Found field 'sensor'
01-05 06:53:58.691   470   470 I ThermalEngine: Found field 'device'
01-05 06:53:58.691   470   470 I ThermalEngine: Found field 'set_point'
01-05 06:53:58.691   470   470 I ThermalEngine: Found field 'set_point_clr'
01-05 06:53:58.691   470   470 I ThermalEngine: Found field 'time_constant'
01-05 06:53:58.691   470   470 I ThermalEngine: Found section 'SS-CPU6'
01-05 06:53:58.691   470   470 I ThermalEngine: Algo Type 'ss'
01-05 06:53:58.691   470   470 I ThermalEngine: Parsing section SS-CPU6
01-05 06:53:58.691   470   470 I ThermalEngine: Found field 'sampling'
01-05 06:53:58.691   470   470 I ThermalEngine: Found field 'sensor'
01-05 06:53:58.691   470   470 I ThermalEngine: Found field 'device'
01-05 06:53:58.691   470   470 I ThermalEngine: Found field 'set_point'
01-05 06:53:58.691   470   470 I ThermalEngine: Found field 'set_point_clr'
01-05 06:53:58.691   470   470 I ThermalEngine: Found field 'time_constant'
01-05 06:53:58.691   470   470 I ThermalEngine: Found section 'SS-CPU5'
01-05 06:53:58.691   470   470 I ThermalEngine: Algo Type 'ss'
01-05 06:53:58.691   470   470 I ThermalEngine: Parsing section SS-CPU5
01-05 06:53:58.691   470   470 I ThermalEngine: Found field 'sampling'
01-05 06:53:58.691   470   470 I ThermalEngine: Found field 'sensor'
01-05 06:53:58.691   470   470 I ThermalEngine: Found field 'device'
01-05 06:53:58.691   470   470 I ThermalEngine: Found field 'set_point'
01-05 06:53:58.691   470   470 I ThermalEngine: Found field 'set_point_clr'
01-05 06:53:58.691   470   470 I ThermalEngine: Found field 'time_constant'
01-05 06:53:58.691   470   470 I ThermalEngine: Found section 'SS-CPU4'
01-05 06:53:58.691   470   470 I ThermalEngine: Algo Type 'ss'
01-05 06:53:58.691   470   470 I ThermalEngine: Parsing section SS-CPU4
01-05 06:53:58.691   470   470 I ThermalEngine: Found field 'sampling'
01-05 06:53:58.691   470   470 I ThermalEngine: Found field 'sensor'
01-05 06:53:58.691   470   470 I ThermalEngine: Found field 'device'
01-05 06:53:58.692   470   470 I ThermalEngine: Found field 'set_point'
01-05 06:53:58.692   470   470 I ThermalEngine: Found field 'set_point_clr'
01-05 06:53:58.692   470   470 I ThermalEngine: Found field 'time_constant'
01-05 06:53:58.692   470   470 I ThermalEngine: Found section 'SS-CPU3'
01-05 06:53:58.692   470   470 I ThermalEngine: Algo Type 'ss'
01-05 06:53:58.692   470   470 I ThermalEngine: Parsing section SS-CPU3
01-05 06:53:58.692   470   470 I ThermalEngine: Found field 'sampling'
01-05 06:53:58.692   470   470 I ThermalEngine: Found field 'sensor'
01-05 06:53:58.692   470   470 I ThermalEngine: Found field 'device'
01-05 06:53:58.692   470   470 I ThermalEngine: Found field 'set_point'
01-05 06:53:58.692   470   470 I ThermalEngine: Found field 'set_point_clr'
01-05 06:53:58.692   470   470 I ThermalEngine: Found field 'time_constant'
01-05 06:53:58.692   470   470 I ThermalEngine: Found section 'SS-CPU2'
01-05 06:53:58.692   470   470 I ThermalEngine: Algo Type 'ss'
01-05 06:53:58.692   470   470 I ThermalEngine: Parsing section SS-CPU2
01-05 06:53:58.692   470   470 I ThermalEngine: Found field 'sampling'
01-05 06:53:58.692   470   470 I ThermalEngine: Found field 'sensor'
01-05 06:53:58.692   470   470 I ThermalEngine: Found field 'device'
01-05 06:53:58.692   470   470 I ThermalEngine: Found field 'set_point'
01-05 06:53:58.692   470   470 I ThermalEngine: Found field 'set_point_clr'
01-05 06:53:58.692   470   470 I ThermalEngine: Found field 'time_constant'
01-05 06:53:58.692   470   470 I ThermalEngine: Found section 'SS-CPU1'
01-05 06:53:58.692   470   470 I ThermalEngine: Algo Type 'ss'
01-05 06:53:58.692   470   470 I ThermalEngine: Parsing section SS-CPU1
01-05 06:53:58.692   470   470 I ThermalEngine: Found field 'sampling'
01-05 06:53:58.692   470   470 I ThermalEngine: Found field 'sensor'
01-05 06:53:58.692   470   470 I ThermalEngine: Found field 'device'
01-05 06:53:58.692   470   470 I ThermalEngine: Found field 'set_point'
01-05 06:53:58.692   470   470 I ThermalEngine: Found field 'set_point_clr'
01-05 06:53:58.692   470   470 I ThermalEngine: Found field 'time_constant'
01-05 06:53:58.692   470   470 I ThermalEngine: Found section 'SS-CPU0'
01-05 06:53:58.692   470   470 I ThermalEngine: Algo Type 'ss'
01-05 06:53:58.692   470   470 I ThermalEngine: Parsing section SS-CPU0
01-05 06:53:58.692   470   470 I ThermalEngine: Found field 'sampling'
01-05 06:53:58.692   470   470 I ThermalEngine: Found field 'sensor'
01-05 06:53:58.692   470   470 I ThermalEngine: Found field 'device'
01-05 06:53:58.692   470   470 I ThermalEngine: Found field 'set_point'
01-05 06:53:58.692   470   470 I ThermalEngine: Found field 'set_point_clr'
01-05 06:53:58.692   470   470 I ThermalEngine: Found field 'time_constant'
01-05 06:53:58.692   470   470 I ThermalEngine: Found section 'SPEAKER-CAL'
01-05 06:53:58.692   470   470 I ThermalEngine: Algo Type 'eq'
01-05 06:53:58.692   470   470 I ThermalEngine: Parsing section SPEAKER-CAL
01-05 06:53:58.692   470   470 I ThermalEngine: Found field 'sampling'
01-05 06:53:58.692   470   470 I ThermalEngine: Found field 'sensor'
01-05 06:53:58.692   470   470 I ThermalEngine: Found field 'sensors'
01-05 06:53:58.692   470   470 I ThermalEngine: Found field 'temp_range'
01-05 06:53:58.692   470   470 I ThermalEngine: Found field 'max_temp'
01-05 06:53:58.692   470   470 I ThermalEngine: Found field 'offset'
01-05 06:53:58.692   470   470 I ThermalEngine: Found section 'PMIC-ALARM-MONITOR'
01-05 06:53:58.692   470   470 I ThermalEngine: Algo Type 'monitor'
01-05 06:53:58.692   470   470 I ThermalEngine: Parsing section PMIC-ALARM-MONITOR
01-05 06:53:58.692   470   470 I ThermalEngine: Found field 'sampling'
01-05 06:53:58.692   470   470 I ThermalEngine: Found field 'sensor'
01-05 06:53:58.692   470   470 I ThermalEngine: Found field 'thresholds'
01-05 06:53:58.692   470   470 I ThermalEngine: Found field 'thresholds_clr'
01-05 06:53:58.692   470   470 I ThermalEngine: Found field 'actions'
01-05 06:53:58.692   470   470 I ThermalEngine: Found field 'action_info'
01-05 06:53:58.692   470   470 I ThermalEngine: Found section 'VDD_RSTR_MONITOR-TSENS15'
01-05 06:53:58.692   470   470 I ThermalEngine: Algo Type 'monitor'
01-05 06:53:58.692   470   470 I ThermalEngine: Parsing section VDD_RSTR_MONITOR-TSENS15
01-05 06:53:58.692   470   470 I ThermalEngine: Found field 'sampling'
