01-05 06:54:02.708   473   473 F art     : art/runtime/runtime.cc:402]   native: #16 pc 0000000000096a10  /system/lib64/libandroid_runtime.so (android::AndroidRuntime::startVm(_JavaVM**, _JNIEnv**, bool)+4940)
01-05 06:54:02.708   473   473 F art     : art/runtime/runtime.cc:402]   native: #17 pc 0000000000096e38  /system/lib64/libandroid_runtime.so (android::AndroidRuntime::start(char const*, android::Vector<android::String8> const&, bool)+448)
01-05 06:54:02.708   473   473 F art     : art/runtime/runtime.cc:402]   native: #18 pc 000000000000225c  /system/bin/app_process64 (???)
01-05 06:54:02.708   473   473 F art     : art/runtime/runtime.cc:402]   native: #19 pc 000000000001aa54  /system/lib64/libc.so (__libc_init+88)
01-05 06:54:02.708   473   473 F art     : art/runtime/runtime.cc:402]   native: #20 pc 0000000000001cc8  /system/bin/app_process64 (???)
01-05 06:54:02.708   473   473 F art     : art/runtime/runtime.cc:402]   (no managed stack frames)
01-05 06:54:02.708   473   473 F art     : art/runtime/runtime.cc:402] 
01-05 06:54:02.708   473   473 F art     : art/runtime/runtime.cc:402] 
01-05 06:54:02.708   473   473 F libc    : Fatal signal 6 (SIGABRT), code -6 in tid 473 (main)
01-05 06:54:02.708   442   442 W         : debuggerd: handling request: pid=473 uid=0 gid=0 tid=473
01-05 06:54:02.718  1110  1110 E         : debuggerd: Unable to connect to activity manager (connect failed: No such file or directory)
01-05 06:54:02.755   474   474 W art     : Skipping non-existent dex file '/system/framework/tcmiface.jar'
01-05 06:54:02.755   474   474 W art     : Skipping non-existent dex file '/system/framework/qcom.fmradio.jar'
01-05 06:54:02.755   474   474 W art     : Skipping non-existent dex file '/system/framework/WfdCommon.jar'
01-05 06:54:02.755   474   474 W art     : Skipping non-existent dex file '/system/framework/oem-services.jar'
01-05 06:54:02.761   474   474 W art     : Skipping non-existent dex file '/system/framework/com.qti.location.sdk.jar'
01-05 06:54:02.761   474   474 W art     : Skipping non-existent dex file '/system/framework/qcmediaplayer.jar'
01-05 06:54:02.763   474   474 E art     : Failed to return pre-allocated NoClassDefFoundError
01-05 06:54:02.763   474   474 F art     : art/runtime/thread.cc:3035] Check failed: new_exception != nullptr 
01-05 06:54:02.769  1110  1110 F DEBUG   : *** *** *** *** *** *** *** *** *** *** *** *** *** *** *** ***
01-05 06:54:02.769  1110  1110 F DEBUG   : Build fingerprint: 'Oneplus/aosp_oneplus2/oneplus2:6.0.1/MASTER/kar06231000:eng/test-keys'
01-05 06:54:02.769  1110  1110 F DEBUG   : Revision: '0'
01-05 06:54:02.769  1110  1110 F DEBUG   : ABI: 'arm64'
01-05 06:54:02.769  1110  1110 F DEBUG   : pid: 473, tid: 473, name: main  >>> zygote64 <<<
01-05 06:54:02.769  1110  1110 F DEBUG   : signal 6 (SIGABRT), code -6 (SI_TKILL), fault addr --------
01-05 06:54:02.772  1110  1110 F DEBUG   : Abort message: 'art/runtime/thread.cc:3035] Check failed: new_exception != nullptr '
01-05 06:54:02.772  1110  1110 F DEBUG   :     x0   0000000000000000  x1   00000000000001d9  x2   0000000000000006  x3   0000000000000008
01-05 06:54:02.772  1110  1110 F DEBUG   :     x4   00000000000000e6  x5   00000000ffffffff  x6   0000000000000004  x7   0000007f97d3b010
01-05 06:54:02.772  1110  1110 F DEBUG   :     x8   0000000000000083  x9   ffffffffffffffdf  x10  0000000000000000  x11  0000000000000001
01-05 06:54:02.772  1110  1110 F DEBUG   :     x12  0000007f97d3a000  x13  0000007f97d23090  x14  0000000000000001  x15  0000000000000043
01-05 06:54:02.772  1110  1110 F DEBUG   :     x16  0000007f9768ef58  x17  0000007f97638d3c  x18  0000000000000000  x19  0000007f97e52b40
01-05 06:54:02.772  1110  1110 F DEBUG   :     x20  0000000000000006  x21  0000007f97e52a98  x22  0000000000000002  x23  0000007f941fe000
01-05 06:54:02.772  1110  1110 F DEBUG   :     x24  0000007f942dad00  x25  ffffffffffffffff  x26  0000007ffc4a9981  x27  0000007ffc4aa0fc
01-05 06:54:02.772  1110  1110 F DEBUG   :     x28  3125a198071bb154  x29  0000007ffc4a98a0  x30  0000007f97635fa8
01-05 06:54:02.772  1110  1110 F DEBUG   :     sp   0000007ffc4a9880  pc   0000007f97638d44  pstate 0000000060000000
01-05 06:54:02.787   474   474 F art     : art/runtime/runtime.cc:402] Runtime aborting...
01-05 06:54:02.787   474   474 F art     : art/runtime/runtime.cc:402] Aborting thread:
01-05 06:54:02.787   474   474 F art     : art/runtime/runtime.cc:402] "main" prio=5 tid=1 Runnable (still starting up)
01-05 06:54:02.787   474   474 F art     : art/runtime/runtime.cc:402]   | group="" sCount=0 dsCount=0 obj=0x0 self=0xf4a04f00
01-05 06:54:02.787   474   474 F art     : art/runtime/runtime.cc:402]   | sysTid=474 nice=0 cgrp=default sched=0/0 handle=0xf7487534
01-05 06:54:02.787   474   474 F art     : art/runtime/runtime.cc:402]   | state=R schedstat=( 2062364374 505617300 588 ) utm=191 stm=15 core=3 HZ=100
01-05 06:54:02.787   474   474 F art     : art/runtime/runtime.cc:402]   | stack=0xff5e0000-0xff5e2000 stackSize=8MB
01-05 06:54:02.787   474   474 F art     : art/runtime/runtime.cc:402]   | held mutexes= "abort lock" "mutator lock"(shared held)
01-05 06:54:02.787   474   474 F art     : art/runtime/runtime.cc:402]   native: #00 pc 00349961  /system/lib/libart.so (art::DumpNativeStack(std::__1::basic_ostream<char, std::__1::char_traits<char> >&, int, BacktraceMap*, char const*, art::ArtMethod*, void*)+128)
01-05 06:54:02.787   474   474 F art     : art/runtime/runtime.cc:402]   native: #01 pc 0032a261  /system/lib/libart.so (art::Thread::DumpStack(std::__1::basic_ostream<char, std::__1::char_traits<char> >&, bool, BacktraceMap*) const+308)
01-05 06:54:02.787   474   474 F art     : art/runtime/runtime.cc:402]   native: #02 pc 0031d401  /system/lib/libart.so (art::AbortState::DumpThread(std::__1::basic_ostream<char, std::__1::char_traits<char> >&, art::Thread*) const+24)
01-05 06:54:02.787   474   474 F art     : art/runtime/runtime.cc:402]   native: #03 pc 0031d24b  /system/lib/libart.so (art::AbortState::Dump(std::__1::basic_ostream<char, std::__1::char_traits<char> >&) const+362)
01-05 06:54:02.787   474   474 F art     : art/runtime/runtime.cc:402]   native: #04 pc 003141cb  /system/lib/libart.so (art::Runtime::Abort()+90)
01-05 06:54:02.787   474   474 F art     : art/runtime/runtime.cc:402]   native: #05 pc 000b3ff9  /system/lib/libart.so (art::LogMessage::~LogMessage()+864)
01-05 06:54:02.787   474   474 F art     : art/runtime/runtime.cc:402]   native: #06 pc 0032cceb  /system/lib/libart.so (art::Thread::SetException(art::mirror::Throwable*)+134)
01-05 06:54:02.787   474   474 F art     : art/runtime/runtime.cc:402]   native: #07 pc 000e3e37  /system/lib/libart.so (art::ClassLinker::FindClass(art::Thread*, char const*, art::Handle<art::mirror::ClassLoader>)+582)
01-05 06:54:02.787   474   474 F art     : art/runtime/runtime.cc:402]   native: #08 pc 000d27d1  /system/lib/libart.so (art::ClassLinker::CheckSystemClass(art::Thread*, art::Handle<art::mirror::Class>, char const*)+44)
01-05 06:54:02.787   474   474 F art     : art/runtime/runtime.cc:402]   native: #09 pc 000d43df  /system/lib/libart.so (art::ClassLinker::InitWithoutImage(std::__1::vector<std::__1::unique_ptr<art::DexFile const, std::__1::default_delete<art::DexFile const> >, std::__1::allocator<std::__1::unique_ptr<art::DexFile const, std::__1::default_delete<art::DexFile const> > > >, std::__1::basic_string<char, std::__1::char_traits<char>, std::__1::allocator<char> >*)+5706)
01-05 06:54:02.787   474   474 F art     : art/runtime/runtime.cc:402]   native: #10 pc 00317857  /system/lib/libart.so (art::Runtime::Init(art::RuntimeArgumentMap&&)+12342)
01-05 06:54:02.787   474   474 F art     : art/runtime/runtime.cc:402]   native: #11 pc 003180e3  /system/lib/libart.so (art::Runtime::Create(std::__1::vector<std::__1::pair<std::__1::basic_string<char, std::__1::char_traits<char>, std::__1::allocator<char> >, void const*>, std::__1::allocator<std::__1::pair<std::__1::basic_string<char, std::__1::char_traits<char>, std::__1::allocator<char> >, void const*> > > const&, bool)+66)
01-05 06:54:02.787   474   474 F art     : art/runtime/runtime.cc:402]   native: #12 pc 00239da5  /system/lib/libart.so (JNI_CreateJavaVM+388)
01-05 06:54:02.787   474   474 F art     : art/runtime/runtime.cc:402]   native: #13 pc 00060655  /system/lib/libandroid_runtime.so (android::AndroidRuntime::startVm(_JavaVM**, _JNIEnv**, bool)+2604)
01-05 06:54:02.787   474   474 F art     : art/runtime/runtime.cc:402]   native: #14 pc 00060b3d  /system/lib/libandroid_runtime.so (android::AndroidRuntime::start(char const*, android::Vector<android::String8> const&, bool)+284)
01-05 06:54:02.787   474   474 F art     : art/runtime/runtime.cc:402]   native: #15 pc 00001947  /system/bin/app_process32 (???)
01-05 06:54:02.787   474   474 F art     : art/runtime/runtime.cc:402]   native: #16 pc 0001709d  /system/lib/libc.so (__libc_init+48)
01-05 06:54:02.787   474   474 F art     : art/runtime/runtime.cc:402]   native: #17 pc 00001564  /system/bin/app_process32 (???)
01-05 06:54:02.787   474   474 F art     : art/runtime/runtime.cc:402]   (no managed stack frames)
01-05 06:54:02.787   474   474 F art     : art/runtime/runtime.cc:402] Dumping all threads without appropriate locks held: thread list lock
01-05 06:54:02.787   474   474 F art     : art/runtime/runtime.cc:402] All threads:
01-05 06:54:02.787   474   474 F art     : art/runtime/runtime.cc:402] DALVIK THREADS (1):
01-05 06:54:02.787   474   474 F art     : art/runtime/runtime.cc:402] "main" prio=5 tid=1 Runnable (still starting up)
01-05 06:54:02.787   474   474 F art     : art/runtime/runtime.cc:402]   | group="" sCount=0 dsCount=0 obj=0x0 self=0xf4a04f00
01-05 06:54:02.787   474   474 F art     : art/runtime/runtime.cc:402]   | sysTid=474 nice=0 cgrp=default sched=0/0 handle=0xf7487534
01-05 06:54:02.787   474   474 F art     : art/runtime/runtime.cc:402]   | state=R schedstat=( 2077430885 505617300 588 ) utm=191 stm=17 core=3 HZ=100
01-05 06:54:02.787   474   474 F art     : art/runtime/runtime.cc:402]   | stack=0xff5e0000-0xff5e2000 stackSize=8MB
01-05 06:54:02.787   474   474 F art     : art/runtime/runtime.cc:402]   | held mutexes= "abort lock" "mutator lock"(shared held)
01-05 06:54:02.787   474   474 F art     : art/runtime/runtime.cc:402]   native: #00 pc 00349961  /system/lib/libart.so (art::DumpNativeStack(std::__1::basic_ostream<char, std::__1::char_traits<char> >&, int, BacktraceMap*, char const*, art::ArtMethod*, void*)+128)
01-05 06:54:02.787   474   474 F art     : art/runtime/runtime.cc:402]   native: #01 pc 0032a261  /system/lib/libart.so (art::Thread::DumpStack(std::__1::basic_ostream<char, std::__1::char_traits<char> >&, bool, BacktraceMap*) const+308)
01-05 06:54:02.787   474   474 F art     : art/runtime/runtime.cc:402]   native: #02 pc 0033c181  /system/lib/libart.so (art::DumpCheckpoint::Run(art::Thread*)+620)
01-05 06:54:02.787   474   474 F art     : art/runtime/runtime.cc:402]   native: #03 pc 0033618b  /system/lib/libart.so (art::ThreadList::RunCheckpoint(art::Closure*)+330)
01-05 06:54:02.787   474   474 F art     : art/runtime/runtime.cc:402]   native: #04 pc 00335df1  /system/lib/libart.so (art::ThreadList::Dump(std::__1::basic_ostream<char, std::__1::char_traits<char> >&, bool)+180)
01-05 06:54:02.787   474   474 F art     : art/runtime/runtime.cc:402]   native: #05 pc 0031d255  /system/lib/libart.so (art::AbortState::Dump(std::__1::basic_ostream<char, std::__1::char_traits<char> >&) const+372)
01-05 06:54:02.787   474   474 F art     : art/runtime/runtime.cc:402]   native: #06 pc 003141cb  /system/lib/libart.so (art::Runtime::Abort()+90)
01-05 06:54:02.787   474   474 F art     : art/runtime/runtime.cc:402]   native: #07 pc 000b3ff9  /system/lib/libart.so (art::LogMessage::~LogMessage()+864)
01-05 06:54:02.787   474   474 F art     : art/runtime/runtime.cc:402]   native: #08 pc 0032cceb  /system/lib/libart.so (art::Thread::SetException(art::mirror::Throwable*)+134)
01-05 06:54:02.787   474   474 F art     : art/runtime/runtime.cc:402]   native: #09 pc 000e3e37  /system/lib/libart.so (art::ClassLinker::FindClass(art::Thread*, char const*, art::Handle<art::mirror::ClassLoader>)+582)
01-05 06:54:02.787   474   474 F art     : art/runtime/runtime.cc:402]   native: #10 pc 000d27d1  /system/lib/libart.so (art::ClassLinker::CheckSystemClass(art::Thread*, art::Handle<art::mirror::Class>, char const*)+44)
01-05 06:54:02.787   474   474 F art     : art/runtime/runtime.cc:402]   native: #11 pc 000d43df  /system/lib/libart.so (art::ClassLinker::InitWithoutImage(std::__1::vector<std::__1::unique_ptr<art::DexFile const, std::__1::default_delete<art::DexFile const> >, std::__1::allocator<std::__1::unique_ptr<art::DexFile const, std::__1::default_delete<art::DexFile const> > > >, std::__1::basic_string<char, std::__1::char_traits<char>, std::__1::allocator<char> >*)+5706)
01-05 06:54:02.787   474   474 F art     : art/runtime/runtime.cc:402]   native: #12 pc 00317857  /system/lib/libart.so (art::Runtime::Init(art::RuntimeArgumentMap&&)+12342)
01-05 06:54:02.787   474   474 F art     : art/runtime/runtime.cc:402]   native: #13 pc 003180e3  /system/lib/libart.so (art::Runtime::Create(std::__1::vector<std::__1::pair<std::__1::basic_string<char, std::__1::char_traits<char>, std::__1::allocator<char> >, void const*>, std::__1::allocator<std::__1::pair<std::__1::basic_string<char, std::__1::char_traits<char>, std::__1::allocator<char> >, void const*> > > const&, bool)+66)
01-05 06:54:02.787   474   474 F art     : art/runtime/runtime.cc:402]   native: #14 pc 00239da5  /system/lib/libart.so (JNI_CreateJavaVM+388)
01-05 06:54:02.787   474   474 F art     : art/runtime/runtime.cc:402]   native: #15 pc 00060655  /system/lib/libandroid_runtime.so (android::AndroidRuntime::startVm(_JavaVM**, _JNIEnv**, bool)+2604)
01-05 06:54:02.787   474   474 F art     : art/runtime/runtime.cc:402]   native: #16 pc 00060b3d  /system/lib/libandroid_runtime.so (android::AndroidRuntime::start(char const*, android::Vector<android::String8> const&, bool)+284)
01-05 06:54:02.787   474   474 F art     : art/runtime/runtime.cc:402]   native: #17 pc 00001947  /system/bin/app_process32 (???)
01-05 06:54:02.787   474   474 F art     : art/runtime/runtime.cc:402]   native: #18 pc 0001709d  /system/lib/libc.so (__libc_init+48)
01-05 06:54:02.787   474   474 F art     : art/runtime/runtime.cc:402]   native: #19 pc 00001564  /system/bin/app_process32 (???)
01-05 06:54:02.787   474   474 F art     : art/runtime/runtime.cc:402]   (no managed stack frames)
01-05 06:54:02.787   474   474 F art     : art/runtime/runtime.cc:402] 
01-05 06:54:02.787   474   474 F art     : art/runtime/runtime.cc:402] 
01-05 06:54:02.787   474   474 F libc    : Fatal signal 6 (SIGABRT), code -6 in tid 474 (main)
01-05 06:54:02.788   437   437 W         : debuggerd: handling request: pid=474 uid=0 gid=0 tid=474
01-05 06:54:02.796  1112  1112 E         : debuggerd: Unable to connect to activity manager (connect failed: No such file or directory)
01-05 06:54:02.796  1110  1110 F DEBUG   : 
01-05 06:54:02.796  1110  1110 F DEBUG   : backtrace:
01-05 06:54:02.796  1110  1110 F DEBUG   :     #00 pc 000000000006dd44  /system/lib64/libc.so (tgkill+8)
01-05 06:54:02.796  1110  1110 F DEBUG   :     #01 pc 000000000006afa4  /system/lib64/libc.so (pthread_kill+64)
01-05 06:54:02.796  1110  1110 F DEBUG   :     #02 pc 0000000000026e00  /system/lib64/libc.so (raise+24)
01-05 06:54:02.796  1110  1110 F DEBUG   :     #03 pc 000000000001ccd8  /system/lib64/libc.so (abort+52)
01-05 06:54:02.796  1110  1110 F DEBUG   :     #04 pc 000000000042b760  /system/lib64/libart.so (art::Runtime::Abort()+360)
01-05 06:54:02.796  1110  1110 F DEBUG   :     #05 pc 00000000000e4440  /system/lib64/libart.so (art::LogMessage::~LogMessage()+1208)
01-05 06:54:02.796  1110  1110 F DEBUG   :     #06 pc 000000000044d240  /system/lib64/libart.so (art::Thread::SetException(art::mirror::Throwable*)+212)
01-05 06:54:02.796  1110  1110 F DEBUG   :     #07 pc 0000000000123a9c  /system/lib64/libart.so (art::ClassLinker::FindClass(art::Thread*, char const*, art::Handle<art::mirror::ClassLoader>)+400)
01-05 06:54:02.796  1110  1110 F DEBUG   :     #08 pc 000000000010ce3c  /system/lib64/libart.so (art::ClassLinker::CheckSystemClass(art::Thread*, art::Handle<art::mirror::Class>, char const*)+84)
01-05 06:54:02.796  1110  1110 F DEBUG   :     #09 pc 000000000010f190  /system/lib64/libart.so (art::ClassLinker::InitWithoutImage(std::__1::vector<std::__1::unique_ptr<art::DexFile const, std::__1::default_delete<art::DexFile const> >, std::__1::allocator<std::__1::unique_ptr<art::DexFile const, std::__1::default_delete<art::DexFile const> > > >, std::__1::basic_string<char, std::__1::char_traits<char>, std::__1::allocator<char> >*)+7108)
01-05 06:54:02.796  1110  1110 F DEBUG   :     #10 pc 00000000004301bc  /system/lib64/libart.so (art::Runtime::Init(art::RuntimeArgumentMap&&)+17172)
01-05 06:54:02.796  1110  1110 F DEBUG   :     #11 pc 0000000000430d1c  /system/lib64/libart.so (art::Runtime::Create(std::__1::vector<std::__1::pair<std::__1::basic_string<char, std::__1::char_traits<char>, std::__1::allocator<char> >, void const*>, std::__1::allocator<std::__1::pair<std::__1::basic_string<char, std::__1::char_traits<char>, std::__1::allocator<char> >, void const*> > > const&, bool)+112)
01-05 06:54:02.796  1110  1110 F DEBUG   :     #12 pc 00000000002f0d2c  /system/lib64/libart.so (JNI_CreateJavaVM+496)
01-05 06:54:02.796  1110  1110 F DEBUG   :     #13 pc 0000000000096a10  /system/lib64/libandroid_runtime.so (android::AndroidRuntime::startVm(_JavaVM**, _JNIEnv**, bool)+4940)
01-05 06:54:02.796  1110  1110 F DEBUG   :     #14 pc 0000000000096e38  /system/lib64/libandroid_runtime.so (android::AndroidRuntime::start(char const*, android::Vector<android::String8> const&, bool)+448)
01-05 06:54:02.796  1110  1110 F DEBUG   :     #15 pc 000000000000225c  /system/bin/app_process64 (main+1268)
01-05 06:54:02.796  1110  1110 F DEBUG   :     #16 pc 000000000001aa54  /system/lib64/libc.so (__libc_init+88)
01-05 06:54:02.796  1110  1110 F DEBUG   :     #17 pc 0000000000001cc8  /system/bin/app_process64 (do_arm64_start+80)
01-05 06:54:02.846  1112  1112 F DEBUG   : *** *** *** *** *** *** *** *** *** *** *** *** *** *** *** ***
01-05 06:54:02.846  1112  1112 F DEBUG   : Build fingerprint: 'Oneplus/aosp_oneplus2/oneplus2:6.0.1/MASTER/kar06231000:eng/test-keys'
01-05 06:54:02.846  1112  1112 F DEBUG   : Revision: '0'
01-05 06:54:02.846  1112  1112 F DEBUG   : ABI: 'arm'
01-05 06:54:02.846  1112  1112 F DEBUG   : pid: 474, tid: 474, name: main  >>> zygote <<<
01-05 06:54:02.846  1112  1112 F DEBUG   : signal 6 (SIGABRT), code -6 (SI_TKILL), fault addr --------
01-05 06:54:02.847   442   442 W         : debuggerd: resuming target 473
01-05 06:54:02.849  1112  1112 F DEBUG   : Abort message: 'art/runtime/thread.cc:3035] Check failed: new_exception != nullptr '
01-05 06:54:02.849  1112  1112 F DEBUG   :     r0 00000000  r1 000001da  r2 00000006  r3 00000008
01-05 06:54:02.849  1112  1112 F DEBUG   :     r4 f748758c  r5 00000006  r6 f7487534  r7 0000010c
01-05 06:54:02.849  1112  1112 F DEBUG   :     r8 f4a04f00  r9 f4a41140  sl f4a41140  fp 5f790d9c
01-05 06:54:02.849  1112  1112 F DEBUG   :     ip 00000002  sp ffddb8e0  lr f6c2d97b  pc f6c30318  cpsr 20010010
01-05 06:54:02.859   405   405 I ServiceManager: service 'media.sound_trigger_hw' died
01-05 06:54:02.859   405   405 I ServiceManager: service 'media.radio' died
01-05 06:54:02.859   405   405 I ServiceManager: service 'media.audio_flinger' died
01-05 06:54:02.859   405   405 I ServiceManager: service 'media.player' died
01-05 06:54:02.859   405   405 I ServiceManager: service 'media.resource_manager' died
01-05 06:54:02.859   405   405 I ServiceManager: service 'media.camera' died
01-05 06:54:02.859   405   405 I ServiceManager: service 'media.audio_policy' died
01-05 06:54:02.892  1112  1112 F DEBUG   : 
01-05 06:54:02.892  1112  1112 F DEBUG   : backtrace:
01-05 06:54:02.892  1112  1112 F DEBUG   :     #00 pc 0004b318  /system/lib/libc.so (tgkill+12)
01-05 06:54:02.892  1112  1112 F DEBUG   :     #01 pc 00048977  /system/lib/libc.so (pthread_kill+34)
01-05 06:54:02.892  1112  1112 F DEBUG   :     #02 pc 0001f4e9  /system/lib/libc.so (raise+10)
01-05 06:54:02.892  1112  1112 F DEBUG   :     #03 pc 000197d1  /system/lib/libc.so (__libc_android_abort+34)
01-05 06:54:02.892  1112  1112 F DEBUG   :     #04 pc 00017484  /system/lib/libc.so (abort+4)
01-05 06:54:02.892  1112  1112 F DEBUG   :     #05 pc 0031426d  /system/lib/libart.so (art::Runtime::Abort()+252)
01-05 06:54:02.892  1112  1112 F DEBUG   :     #06 pc 000b3ff9  /system/lib/libart.so (art::LogMessage::~LogMessage()+864)
01-05 06:54:02.892  1112  1112 F DEBUG   :     #07 pc 0032cceb  /system/lib/libart.so (art::Thread::SetException(art::mirror::Throwable*)+134)
01-05 06:54:02.892  1112  1112 F DEBUG   :     #08 pc 000e3e37  /system/lib/libart.so (art::ClassLinker::FindClass(art::Thread*, char const*, art::Handle<art::mirror::ClassLoader>)+582)
01-05 06:54:02.892  1112  1112 F DEBUG   :     #09 pc 000d27d1  /system/lib/libart.so (art::ClassLinker::CheckSystemClass(art::Thread*, art::Handle<art::mirror::Class>, char const*)+44)
01-05 06:54:02.892  1112  1112 F DEBUG   :     #10 pc 000d43df  /system/lib/libart.so (art::ClassLinker::InitWithoutImage(std::__1::vector<std::__1::unique_ptr<art::DexFile const, std::__1::default_delete<art::DexFile const> >, std::__1::allocator<std::__1::unique_ptr<art::DexFile const, std::__1::default_delete<art::DexFile const> > > >, std::__1::basic_string<char, std::__1::char_traits<char>, std::__1::allocator<char> >*)+5706)
01-05 06:54:02.892  1112  1112 F DEBUG   :     #11 pc 00317857  /system/lib/libart.so (art::Runtime::Init(art::RuntimeArgumentMap&&)+12342)
01-05 06:54:02.892  1112  1112 F DEBUG   :     #12 pc 003180e3  /system/lib/libart.so (art::Runtime::Create(std::__1::vector<std::__1::pair<std::__1::basic_string<char, std::__1::char_traits<char>, std::__1::allocator<char> >, void const*>, std::__1::allocator<std::__1::pair<std::__1::basic_string<char, std::__1::char_traits<char>, std::__1::allocator<char> >, void const*> > > const&, bool)+66)
01-05 06:54:02.892  1112  1112 F DEBUG   :     #13 pc 00239da5  /system/lib/libart.so (JNI_CreateJavaVM+388)
01-05 06:54:02.892  1112  1112 F DEBUG   :     #14 pc 00060655  /system/lib/libandroid_runtime.so (android::AndroidRuntime::startVm(_JavaVM**, _JNIEnv**, bool)+2604)
01-05 06:54:02.892  1112  1112 F DEBUG   :     #15 pc 00060b3d  /system/lib/libandroid_runtime.so (android::AndroidRuntime::start(char const*, android::Vector<android::String8> const&, bool)+284)
01-05 06:54:02.892  1112  1112 F DEBUG   :     #16 pc 00001947  /system/bin/app_process32 (main+778)
01-05 06:54:02.892  1112  1112 F DEBUG   :     #17 pc 0001709d  /system/lib/libc.so (__libc_init+48)
01-05 06:54:02.892  1112  1112 F DEBUG   :     #18 pc 00001564  /system/bin/app_process32 (_start+96)
01-05 06:54:02.948   437   437 W         : debuggerd: resuming target 474
01-05 06:54:03.561  1128  1128 D AndroidRuntime: >>>>>> START com.android.internal.os.ZygoteInit uid 0 <<<<<<
01-05 06:54:03.566  1128  1128 D AndroidRuntime: CheckJNI is ON
01-05 06:54:03.566  1128  1128 I art     : option[0]=-Xzygote
01-05 06:54:03.566  1128  1128 I art     : option[1]=-Xcheck:jni
01-05 06:54:03.566  1128  1128 I art     : option[2]=-Xstacktracefile:/data/anr/traces.txt
01-05 06:54:03.566  1128  1128 I art     : option[3]=exit
01-05 06:54:03.566  1128  1128 I art     : option[4]=vfprintf
01-05 06:54:03.566  1128  1128 I art     : option[5]=sensitiveThread
01-05 06:54:03.566  1128  1128 I art     : option[6]=-verbose:gc
01-05 06:54:03.566  1128  1128 I art     : option[7]=-Xms8m
01-05 06:54:03.566  1128  1128 I art     : option[8]=-Xmx512m
01-05 06:54:03.566  1128  1128 I art     : option[9]=-XX:HeapGrowthLimit=192m
01-05 06:54:03.566  1128  1128 I art     : option[10]=-XX:HeapMinFree=512k
01-05 06:54:03.566  1128  1128 I art     : option[11]=-XX:HeapMaxFree=8m
01-05 06:54:03.566  1128  1128 I art     : option[12]=-XX:HeapTargetUtilization=0.75
01-05 06:54:03.566  1128  1128 I art     : option[13]=-Xusejit:true
01-05 06:54:03.566  1128  1128 I art     : option[14]=-agentlib:jdwp=transport=dt_android_adb,suspend=n,server=y
01-05 06:54:03.566  1128  1128 I art     : option[15]=-Xlockprofthreshold:500
01-05 06:54:03.566  1128  1128 I art     : option[16]=-Ximage-compiler-option
01-05 06:54:03.566  1128  1128 I art     : option[17]=--runtime-arg
01-05 06:54:03.566  1128  1128 I art     : option[18]=-Ximage-compiler-option
01-05 06:54:03.567  1128  1128 I art     : option[19]=-Xms64m
01-05 06:54:03.567  1128  1128 I art     : option[20]=-Ximage-compiler-option
01-05 06:54:03.567  1128  1128 I art     : option[21]=--runtime-arg
01-05 06:54:03.567  1128  1128 I art     : option[22]=-Ximage-compiler-option
01-05 06:54:03.567  1128  1128 I art     : option[23]=-Xmx64m
01-05 06:54:03.567  1128  1128 I art     : option[24]=-Ximage-compiler-option
01-05 06:54:03.567  1128  1128 I art     : option[25]=--compiler-filter=verify-at-runtime
01-05 06:54:03.567  1128  1128 I art     : option[26]=-Ximage-compiler-option
01-05 06:54:03.567  1128  1128 I art     : option[27]=--image-classes=/system/etc/preloaded-classes
01-05 06:54:03.567  1128  1128 I art     : option[28]=-Xcompiler-option
01-05 06:54:03.567  1128  1128 I art     : option[29]=--runtime-arg
01-05 06:54:03.567  1128  1128 I art     : option[30]=-Xcompiler-option
01-05 06:54:03.567  1128  1128 I art     : option[31]=-Xms64m
01-05 06:54:03.567  1128  1128 I art     : option[32]=-Xcompiler-option
01-05 06:54:03.567  1128  1128 I art     : option[33]=--runtime-arg
01-05 06:54:03.567  1128  1128 I art     : option[34]=-Xcompiler-option
01-05 06:54:03.567  1128  1128 I art     : option[35]=-Xmx512m
01-05 06:54:03.567  1128  1128 I art     : option[36]=-Xcompiler-option
01-05 06:54:03.567  1128  1128 I art     : option[37]=--compiler-filter=verify-at-runtime
01-05 06:54:03.567  1128  1128 I art     : option[38]=-Xcompiler-option
01-05 06:54:03.567  1128  1128 I art     : option[39]=-j2
01-05 06:54:03.567  1128  1128 I art     : option[40]=-Ximage-compiler-option
01-05 06:54:03.567  1128  1128 I art     : option[41]=-j4
01-05 06:54:03.567  1128  1128 I art     : option[42]=-Ximage-compiler-option
01-05 06:54:03.567  1128  1128 I art     : option[43]=--instruction-set-variant=cortex-a7
01-05 06:54:03.567  1128  1128 I art     : option[44]=-Xcompiler-option
01-05 06:54:03.567  1128  1128 I art     : option[45]=--instruction-set-variant=cortex-a7
01-05 06:54:03.567  1128  1128 I art     : option[46]=-Ximage-compiler-option
01-05 06:54:03.567  1128  1128 I art     : option[47]=--instruction-set-features=default
01-05 06:54:03.567  1128  1128 I art     : option[48]=-Xcompiler-option
01-05 06:54:03.567  1128  1128 I art     : option[49]=--instruction-set-features=default
01-05 06:54:03.567  1128  1128 I art     : option[50]=-Duser.locale=en-US
01-05 06:54:03.567  1128  1128 I art     : option[51]=--cpu-abilist=armeabi-v7a,armeabi
01-05 06:54:03.567  1128  1128 I art     : option[52]=-Xfingerprint:Oneplus/aosp_oneplus2/oneplus2:6.0.1/MASTER/kar06231000:eng/test-keys
01-05 06:54:03.625  1128  1128 I art     : Pruning dalvik-cache since we are generating an image and will need to recompile
01-05 06:54:03.625  1128  1128 I art     : Using an offset of 0xff975000 from default art base address of 0x70000000
01-05 06:54:03.626  1128  1128 I art     : GenerateImage: /system/bin/dex2oat --image=/data/dalvik-cache/arm/system@framework@boot.art --dex-file=/system/framework/core-libart.jar --dex-file=/system/framework/conscrypt.jar --dex-file=/system/framework/okhttp.jar --dex-file=/system/framework/core-junit.jar --dex-file=/system/framework/bouncycastle.jar --dex-file=/system/framework/ext.jar --dex-file=/system/framework/framework.jar --dex-file=/system/framework/telephony-common.jar --dex-file=/system/framework/voip-common.jar --dex-file=/system/framework/ims-common.jar --dex-file=/system/framework/apache-xml.jar --dex-file=/system/framework/org.apache.http.legacy.boot.jar --dex-file=/system/framework/tcmiface.jar --dex-file=/system/framework/qcom.fmradio.jar --dex-file=/system/framework/WfdCommon.jar --dex-file=/system/framework/oem-services.jar --dex-file=/system/framework/com.qti.dpmframework.jar --dex-file=/system/framework/dpmapi.jar --dex-file=/system/framework/com.qti.location.sdk.jar --dex-file=/system/framework/qcmediaplayer.jar --oat-file=/data/
01-05 06:54:03.660  1131  1131 W dex2oat : Skipping non-existent dex file '/system/framework/tcmiface.jar'
01-05 06:54:03.660  1131  1131 W dex2oat : Skipping non-existent dex file '/system/framework/qcom.fmradio.jar'
01-05 06:54:03.660  1131  1131 W dex2oat : Skipping non-existent dex file '/system/framework/WfdCommon.jar'
01-05 06:54:03.660  1131  1131 W dex2oat : Skipping non-existent dex file '/system/framework/oem-services.jar'
01-05 06:54:03.660  1131  1131 W dex2oat : Skipping non-existent dex file '/system/framework/com.qti.location.sdk.jar'
01-05 06:54:03.660  1131  1131 W dex2oat : Skipping non-existent dex file '/system/framework/qcmediaplayer.jar'
01-05 06:54:03.660  1131  1131 I dex2oat : /system/bin/dex2oat --image=/data/dalvik-cache/arm/system@framework@boot.art --dex-file=/system/framework/core-libart.jar --dex-file=/system/framework/conscrypt.jar --dex-file=/system/framework/okhttp.jar --dex-file=/system/framework/core-junit.jar --dex-file=/system/framework/bouncycastle.jar --dex-file=/system/framework/ext.jar --dex-file=/system/framework/framework.jar --dex-file=/system/framework/telephony-common.jar --dex-file=/system/framework/voip-common.jar --dex-file=/system/framework/ims-common.jar --dex-file=/system/framework/apache-xml.jar --dex-file=/system/framework/org.apache.http.legacy.boot.jar --dex-file=/system/framework/tcmiface.jar --dex-file=/system/framework/qcom.fmradio.jar --dex-file=/system/framework/WfdCommon.jar --dex-file=/system/framework/oem-services.jar --dex-file=/system/framework/com.qti.dpmframework.jar --dex-file=/system/framework/dpmapi.jar --dex-file=/system/framework/com.qti.location.sdk.jar --dex-file=/system/framework/qcmediaplayer.jar --oat-file=/data/dalvik-cache/ar
01-05 06:54:03.682  1131  1131 I dex2oat : setting boot class path to /system/framework/core-libart.jar:/system/framework/conscrypt.jar:/system/framework/okhttp.jar:/system/framework/core-junit.jar:/system/framework/bouncycastle.jar:/system/framework/ext.jar:/system/framework/framework.jar:/system/framework/telephony-common.jar:/system/framework/voip-common.jar:/system/framework/ims-common.jar:/system/framework/apache-xml.jar:/system/framework/org.apache.http.legacy.boot.jar:/system/framework/com.qti.dpmframework.jar:/system/framework/dpmapi.jar
01-05 06:54:03.836   695   695 I libmdmdetect: ESOC framework not supported
01-05 06:54:03.837   695   695 I libmdmdetect: Found internal modem: modem
01-05 06:54:03.837   695   695 E Diag_Lib: diag diag_get_max_file_size size=200,max_file_size=209715200,min_file_size=167772160
01-05 06:54:03.841   695   695 E Diag_Lib: diag diag_get_max_file_size size=200,max_file_size=209715200,min_file_size=167772160
01-05 06:54:04.054   491   594 I libmdmdetect: ESOC framework not supported
01-05 06:54:04.055   491   594 I libmdmdetect: Found internal modem: modem
01-05 06:54:04.055   491   594 E QMI_FW  : QMUXD: WARNING qmi_qmux_if_pwr_up_init failed! rc=-1
01-05 06:54:04.055   491   594 I libmdmdetect: ESOC framework not supported
01-05 06:54:04.055   491   594 I libmdmdetect: Found internal modem: modem
01-05 06:54:04.056   491   594 E QMI_FW  : QMUXD: WARNING qmi_qmux_if_pwr_up_init failed! rc=-1
01-05 06:54:04.056   491   594 I libmdmdetect: ESOC framework not supported
01-05 06:54:04.056   491   594 I libmdmdetect: Found internal modem: modem
01-05 06:54:04.056   491   594 E QMI_FW  : QMUXD: WARNING qmi_qmux_if_pwr_up_init failed! rc=-1
01-05 06:54:04.056   491   594 I libmdmdetect: ESOC framework not supported
01-05 06:54:04.056   491   594 I libmdmdetect: Found internal modem: modem
01-05 06:54:04.057   491   594 E QMI_FW  : QMUXD: WARNING qmi_qmux_if_pwr_up_init failed! rc=-1
01-05 06:54:04.057   491   594 E QC-time-services: Daemon:genoff_modem_qmi_service_request: qmi_client_get_service_list returned -2num_services 0
01-05 06:54:05.425  1131  1131 E dex2oat : Failed to return pre-allocated NoClassDefFoundError
01-05 06:54:05.425  1131  1131 F dex2oat : art/runtime/thread.cc:3035] Check failed: new_exception != nullptr 
01-05 06:54:05.435  1131  1131 F dex2oat : art/runtime/runtime.cc:402] Runtime aborting...
01-05 06:54:05.435  1131  1131 F dex2oat : art/runtime/runtime.cc:402] Aborting thread:
01-05 06:54:05.435  1131  1131 F dex2oat : art/runtime/runtime.cc:402] "main" prio=5 tid=1 Runnable (still starting up)
01-05 06:54:05.435  1131  1131 F dex2oat : art/runtime/runtime.cc:402]   | group="" sCount=0 dsCount=0 obj=0x0 self=0xf6404a00
01-05 06:54:05.436  1131  1131 F dex2oat : art/runtime/runtime.cc:402]   | sysTid=1131 nice=0 cgrp=default sched=0/0 handle=0xf7143534
01-05 06:54:05.436  1131  1131 F dex2oat : art/runtime/runtime.cc:402]   | state=R schedstat=( 1465758724 6747497 990 ) utm=141 stm=5 core=0 HZ=100
01-05 06:54:05.436  1131  1131 F dex2oat : art/runtime/runtime.cc:402]   | stack=0xff435000-0xff437000 stackSize=8MB
01-05 06:54:05.436  1131  1131 F dex2oat : art/runtime/runtime.cc:402]   | held mutexes= "abort lock" "mutator lock"(shared held)
01-05 06:54:05.436  1131  1131 F dex2oat : art/runtime/runtime.cc:402]   native: #00 pc 00349961  /system/lib/libart.so (art::DumpNativeStack(std::__1::basic_ostream<char, std::__1::char_traits<char> >&, int, BacktraceMap*, char const*, art::ArtMethod*, void*)+128)
01-05 06:54:05.436  1131  1131 F dex2oat : art/runtime/runtime.cc:402]   native: #01 pc 0032a261  /system/lib/libart.so (art::Thread::DumpStack(std::__1::basic_ostream<char, std::__1::char_traits<char> >&, bool, BacktraceMap*) const+308)
01-05 06:54:05.436  1131  1131 F dex2oat : art/runtime/runtime.cc:402]   native: #02 pc 0031d401  /system/lib/libart.so (art::AbortState::DumpThread(std::__1::basic_ostream<char, std::__1::char_traits<char> >&, art::Thread*) const+24)
01-05 06:54:05.436  1131  1131 F dex2oat : art/runtime/runtime.cc:402]   native: #03 pc 0031d24b  /system/lib/libart.so (art::AbortState::Dump(std::__1::basic_ostream<char, std::__1::char_traits<char> >&) const+362)
01-05 06:54:05.436  1131  1131 F dex2oat : art/runtime/runtime.cc:402]   native: #04 pc 003141cb  /system/lib/libart.so (art::Runtime::Abort()+90)
01-05 06:54:05.436  1131  1131 F dex2oat : art/runtime/runtime.cc:402]   native: #05 pc 000b3ff9  /system/lib/libart.so (art::LogMessage::~LogMessage()+864)
01-05 06:54:05.436  1131  1131 F dex2oat : art/runtime/runtime.cc:402]   native: #06 pc 0032cceb  /system/lib/libart.so (art::Thread::SetException(art::mirror::Throwable*)+134)
01-05 06:54:05.436  1131  1131 F dex2oat : art/runtime/runtime.cc:402]   native: #07 pc 000e3e37  /system/lib/libart.so (art::ClassLinker::FindClass(art::Thread*, char const*, art::Handle<art::mirror::ClassLoader>)+582)
01-05 06:54:05.436  1131  1131 F dex2oat : art/runtime/runtime.cc:402]   native: #08 pc 000d27d1  /system/lib/libart.so (art::ClassLinker::CheckSystemClass(art::Thread*, art::Handle<art::mirror::Class>, char const*)+44)
01-05 06:54:05.436  1131  1131 F dex2oat : art/runtime/runtime.cc:402]   native: #09 pc 000d43df  /system/lib/libart.so (art::ClassLinker::InitWithoutImage(std::__1::vector<std::__1::unique_ptr<art::DexFile const, std::__1::default_delete<art::DexFile const> >, std::__1::allocator<std::__1::unique_ptr<art::DexFile const, std::__1::default_delete<art::DexFile const> > > >, std::__1::basic_string<char, std::__1::char_traits<char>, std::__1::allocator<char> >*)+5706)
01-05 06:54:05.436  1131  1131 F dex2oat : art/runtime/runtime.cc:402]   native: #10 pc 00317857  /system/lib/libart.so (art::Runtime::Init(art::RuntimeArgumentMap&&)+12342)
01-05 06:54:05.436  1131  1131 F dex2oat : art/runtime/runtime.cc:402]   native: #11 pc 003147fb  /system/lib/libart.so (art::Runtime::Create(art::RuntimeArgumentMap&&)+42)
01-05 06:54:05.436  1131  1131 F dex2oat : art/runtime/runtime.cc:402]   native: #12 pc 00013165  /system/bin/dex2oat (???)
01-05 06:54:05.436  1131  1131 F dex2oat : art/runtime/runtime.cc:402]   native: #13 pc 0000b5fb  /system/bin/dex2oat (???)
01-05 06:54:05.436  1131  1131 F dex2oat : art/runtime/runtime.cc:402]   native: #14 pc 000083c9  /system/bin/dex2oat (main+532)
01-05 06:54:05.436  1131  1131 F dex2oat : art/runtime/runtime.cc:402]   native: #15 pc 0001709d  /system/lib/libc.so (__libc_init+48)
01-05 06:54:05.436  1131  1131 F dex2oat : art/runtime/runtime.cc:402]   native: #16 pc 000080dc  /system/bin/dex2oat (???)
01-05 06:54:05.436  1131  1131 F dex2oat : art/runtime/runtime.cc:402]   (no managed stack frames)
01-05 06:54:05.436  1131  1131 F dex2oat : art/runtime/runtime.cc:402] Dumping all threads without appropriate locks held: thread list lock
01-05 06:54:05.436  1131  1131 F dex2oat : art/runtime/runtime.cc:402] All threads:
01-05 06:54:05.436  1131  1131 F dex2oat : art/runtime/runtime.cc:402] DALVIK THREADS (1):
01-05 06:54:05.436  1131  1131 F dex2oat : art/runtime/runtime.cc:402] "main" prio=5 tid=1 Runnable (still starting up)
01-05 06:54:05.436  1131  1131 F dex2oat : art/runtime/runtime.cc:402]   | group="" sCount=0 dsCount=0 obj=0x0 self=0xf6404a00
01-05 06:54:05.436  1131  1131 F dex2oat : art/runtime/runtime.cc:402]   | sysTid=1131 nice=0 cgrp=default sched=0/0 handle=0xf7143534
01-05 06:54:05.436  1131  1131 F dex2oat : art/runtime/runtime.cc:402]   | state=R schedstat=( 1466411380 6802601 991 ) utm=141 stm=5 core=0 HZ=100
01-05 06:54:05.436  1131  1131 F dex2oat : art/runtime/runtime.cc:402]   | stack=0xff435000-0xff437000 stackSize=8MB
01-05 06:54:05.436  1131  1131 F dex2oat : art/runtime/runtime.cc:402]   | held mutexes= "abort lock" "mutator lock"(shared held)
01-05 06:54:05.436  1131  1131 F dex2oat : art/runtime/runtime.cc:402]   native: #00 pc 00349961  /system/lib/libart.so (art::DumpNativeStack(std::__1::basic_ostream<char, std::__1::char_traits<char> >&, int, BacktraceMap*, char const*, art::ArtMethod*, void*)+128)
01-05 06:54:05.436  1131  1131 F dex2oat : art/runtime/runtime.cc:402]   native: #01 pc 0032a261  /system/lib/libart.so (art::Thread::DumpStack(std::__1::basic_ostream<char, std::__1::char_traits<char> >&, bool, BacktraceMap*) const+308)
01-05 06:54:05.436  1131  1131 F dex2oat : art/runtime/runtime.cc:402]   native: #02 pc 0033c181  /system/lib/libart.so (art::DumpCheckpoint::Run(art::Thread*)+620)
01-05 06:54:05.436  1131  1131 F dex2oat : art/runtime/runtime.cc:402]   native: #03 pc 0033618b  /system/lib/libart.so (art::ThreadList::RunCheckpoint(art::Closure*)+330)
01-05 06:54:05.436  1131  1131 F dex2oat : art/runtime/runtime.cc:402]   native: #04 pc 00335df1  /system/lib/libart.so (art::ThreadList::Dump(std::__1::basic_ostream<char, std::__1::char_traits<char> >&, bool)+180)
01-05 06:54:05.436  1131  1131 F dex2oat : art/runtime/runtime.cc:402]   native: #05 pc 0031d255  /system/lib/libart.so (art::AbortState::Dump(std::__1::basic_ostream<char, std::__1::char_traits<char> >&) const+372)
01-05 06:54:05.436  1131  1131 F dex2oat : art/runtime/runtime.cc:402]   native: #06 pc 003141cb  /system/lib/libart.so (art::Runtime::Abort()+90)
01-05 06:54:05.436  1131  1131 F dex2oat : art/runtime/runtime.cc:402]   native: #07 pc 000b3ff9  /system/lib/libart.so (art::LogMessage::~LogMessage()+864)
01-05 06:54:05.436  1131  1131 F dex2oat : art/runtime/runtime.cc:402]   native: #08 pc 0032cceb  /system/lib/libart.so (art::Thread::SetException(art::mirror::Throwable*)+134)
01-05 06:54:05.436  1131  1131 F dex2oat : art/runtime/runtime.cc:402]   native: #09 pc 000e3e37  /system/lib/libart.so (art::ClassLinker::FindClass(art::Thread*, char const*, art::Handle<art::mirror::ClassLoader>)+582)
01-05 06:54:05.436  1131  1131 F dex2oat : art/runtime/runtime.cc:402]   native: #10 pc 000d27d1  /system/lib/libart.so (art::ClassLinker::CheckSystemClass(art::Thread*, art::Handle<art::mirror::Class>, char const*)+44)
01-05 06:54:05.436  1131  1131 F dex2oat : art/runtime/runtime.cc:402]   native: #11 pc 000d43df  /system/lib/libart.so (art::ClassLinker::InitWithoutImage(std::__1::vector<std::__1::unique_ptr<art::DexFile const, std::__1::default_delete<art::DexFile const> >, std::__1::allocator<std::__1::unique_ptr<art::DexFile const, std::__1::default_delete<art::DexFile const> > > >, std::__1::basic_string<char, std::__1::char_traits<char>, std::__1::allocator<char> >*)+5706)
01-05 06:54:05.436  1131  1131 F dex2oat : art/runtime/runtime.cc:402]   native: #12 pc 00317857  /system/lib/libart.so (art::Runtime::Init(art::RuntimeArgumentMap&&)+12342)
01-05 06:54:05.436  1131  1131 F dex2oat : art/runtime/runtime.cc:402]   native: #13 pc 003147fb  /system/lib/libart.so (art::Runtime::Create(art::RuntimeArgumentMap&&)+42)
01-05 06:54:05.437  1131  1131 F dex2oat : art/runtime/runtime.cc:402]   native: #14 pc 00013165  /system/bin/dex2oat (???)
01-05 06:54:05.437  1131  1131 F dex2oat : art/runtime/runtime.cc:402]   native: #15 pc 0000b5fb  /system/bin/dex2oat (???)
01-05 06:54:05.437  1131  1131 F dex2oat : art/runtime/runtime.cc:402]   native: #16 pc 000083c9  /system/bin/dex2oat (main+532)
01-05 06:54:05.437  1131  1131 F dex2oat : art/runtime/runtime.cc:402]   native: #17 pc 0001709d  /system/lib/libc.so (__libc_init+48)
01-05 06:54:05.437  1131  1131 F dex2oat : art/runtime/runtime.cc:402]   native: #18 pc 000080dc  /system/bin/dex2oat (???)
01-05 06:54:05.437  1131  1131 F dex2oat : art/runtime/runtime.cc:402]   (no managed stack frames)
01-05 06:54:05.437  1131  1131 F dex2oat : art/runtime/runtime.cc:402] 
01-05 06:54:05.437  1131  1131 F dex2oat : art/runtime/runtime.cc:402] 
01-05 06:54:05.437  1131  1131 F libc    : Fatal signal 6 (SIGABRT), code -6 in tid 1131 (main)
01-05 06:54:05.437   437   437 W         : debuggerd: handling request: pid=1131 uid=0 gid=0 tid=1131
01-05 06:54:05.440  1140  1140 E         : debuggerd: Unable to connect to activity manager (connect failed: No such file or directory)
01-05 06:54:05.491  1140  1140 F DEBUG   : *** *** *** *** *** *** *** *** *** *** *** *** *** *** *** ***
01-05 06:54:05.491  1140  1140 F DEBUG   : Build fingerprint: 'Oneplus/aosp_oneplus2/oneplus2:6.0.1/MASTER/kar06231000:eng/test-keys'
01-05 06:54:05.491  1140  1140 F DEBUG   : Revision: '0'
01-05 06:54:05.491  1140  1140 F DEBUG   : ABI: 'arm'
01-05 06:54:05.491  1140  1140 F DEBUG   : pid: 1131, tid: 1131, name: main  >>> /system/bin/dex2oat <<<
01-05 06:54:05.491  1140  1140 F DEBUG   : signal 6 (SIGABRT), code -6 (SI_TKILL), fault addr --------
01-05 06:54:05.492  1140  1140 F DEBUG   : Abort message: 'art/runtime/thread.cc:3035] Check failed: new_exception != nullptr '
01-05 06:54:05.492  1140  1140 F DEBUG   :     r0 00000000  r1 0000046b  r2 00000006  r3 00000008
01-05 06:54:05.492  1140  1140 F DEBUG   :     r4 f714358c  r5 00000006  r6 f7143534  r7 0000010c
01-05 06:54:05.492  1140  1140 F DEBUG   :     r8 f6404a00  r9 f646d280  sl f646d280  fp 5f790d9c
01-05 06:54:05.492  1140  1140 F DEBUG   :     ip 00000000  sp ffc32888  lr f6aba97b  pc f6abd318  cpsr 20010010
01-05 06:54:05.500  1140  1140 F DEBUG   : 
01-05 06:54:05.500  1140  1140 F DEBUG   : backtrace:
01-05 06:54:05.500  1140  1140 F DEBUG   :     #00 pc 0004b318  /system/lib/libc.so (tgkill+12)
01-05 06:54:05.500  1140  1140 F DEBUG   :     #01 pc 00048977  /system/lib/libc.so (pthread_kill+34)
01-05 06:54:05.500  1140  1140 F DEBUG   :     #02 pc 0001f4e9  /system/lib/libc.so (raise+10)
01-05 06:54:05.500  1140  1140 F DEBUG   :     #03 pc 000197d1  /system/lib/libc.so (__libc_android_abort+34)
01-05 06:54:05.500  1140  1140 F DEBUG   :     #04 pc 00017484  /system/lib/libc.so (abort+4)
01-05 06:54:05.500  1140  1140 F DEBUG   :     #05 pc 0031426d  /system/lib/libart.so (art::Runtime::Abort()+252)
01-05 06:54:05.500  1140  1140 F DEBUG   :     #06 pc 000b3ff9  /system/lib/libart.so (art::LogMessage::~LogMessage()+864)
01-05 06:54:05.500  1140  1140 F DEBUG   :     #07 pc 0032cceb  /system/lib/libart.so (art::Thread::SetException(art::mirror::Throwable*)+134)
01-05 06:54:05.500  1140  1140 F DEBUG   :     #08 pc 000e3e37  /system/lib/libart.so (art::ClassLinker::FindClass(art::Thread*, char const*, art::Handle<art::mirror::ClassLoader>)+582)
01-05 06:54:05.500  1140  1140 F DEBUG   :     #09 pc 000d27d1  /system/lib/libart.so (art::ClassLinker::CheckSystemClass(art::Thread*, art::Handle<art::mirror::Class>, char const*)+44)
01-05 06:54:05.500  1140  1140 F DEBUG   :     #10 pc 000d43df  /system/lib/libart.so (art::ClassLinker::InitWithoutImage(std::__1::vector<std::__1::unique_ptr<art::DexFile const, std::__1::default_delete<art::DexFile const> >, std::__1::allocator<std::__1::unique_ptr<art::DexFile const, std::__1::default_delete<art::DexFile const> > > >, std::__1::basic_string<char, std::__1::char_traits<char>, std::__1::allocator<char> >*)+5706)
01-05 06:54:05.500  1140  1140 F DEBUG   :     #11 pc 00317857  /system/lib/libart.so (art::Runtime::Init(art::RuntimeArgumentMap&&)+12342)
01-05 06:54:05.501  1140  1140 F DEBUG   :     #12 pc 003147fb  /system/lib/libart.so (art::Runtime::Create(art::RuntimeArgumentMap&&)+42)
01-05 06:54:05.501  1140  1140 F DEBUG   :     #13 pc 00013165  /system/bin/dex2oat (art::Dex2Oat::CreateRuntime(art::RuntimeArgumentMap&&)+36)
01-05 06:54:05.501  1140  1140 F DEBUG   :     #14 pc 0000b5fb  /system/bin/dex2oat (art::Dex2Oat::Setup()+2442)
01-05 06:54:05.501  1140  1140 F DEBUG   :     #15 pc 000083c9  /system/bin/dex2oat (main+532)
01-05 06:54:05.501  1140  1140 F DEBUG   :     #16 pc 0001709d  /system/lib/libc.so (__libc_init+48)
01-05 06:54:05.501  1140  1140 F DEBUG   :     #17 pc 000080dc  /system/bin/dex2oat (_start+96)
01-05 06:54:05.533   437   437 W         : debuggerd: resuming target 1131
01-05 06:54:05.552  1128  1128 E art     : Could not create image space with image file '/system/framework/boot.art'. Attempting to fall back to imageless running. Error was: Failed to generate image '/data/dalvik-cache/arm/system@framework@boot.art': Failed execv(/system/bin/dex2oat --image=/data/dalvik-cache/arm/system@framework@boot.art --dex-file=/system/framework/core-libart.jar --dex-file=/system/framework/conscrypt.jar --dex-file=/system/framework/okhttp.jar --dex-file=/system/framework/core-junit.jar --dex-file=/system/framework/bouncycastle.jar --dex-file=/system/framework/ext.jar --dex-file=/system/framework/framework.jar --dex-file=/system/framework/telephony-common.jar --dex-file=/system/framework/voip-common.jar --dex-file=/system/framework/ims-common.jar --dex-file=/system/framework/apache-xml.jar --dex-file=/system/framework/org.apache.http.legacy.boot.jar --dex-file=/system/framework/tcmiface.jar --dex-file=/system/framework/qcom.fmradio.jar --dex-file=/system/framework/WfdCommon.jar --dex-file=/system/framework/oem-services.jar --dex
01-05 06:54:05.552  1128  1128 E art     : Attempted image: /system/framework/boot.art
01-05 06:54:06.057   491   594 I libmdmdetect: ESOC framework not supported
01-05 06:54:06.057   491   594 I libmdmdetect: Found internal modem: modem
01-05 06:54:06.058   491   594 E QMI_FW  : QMUXD: WARNING qmi_qmux_if_pwr_up_init failed! rc=-1
01-05 06:54:06.058   491   594 I libmdmdetect: ESOC framework not supported
01-05 06:54:06.058   491   594 I libmdmdetect: Found internal modem: modem
01-05 06:54:06.058   491   594 E QMI_FW  : QMUXD: WARNING qmi_qmux_if_pwr_up_init failed! rc=-1
01-05 06:54:06.058   491   594 I libmdmdetect: ESOC framework not supported
01-05 06:54:06.059   491   594 I libmdmdetect: Found internal modem: modem
01-05 06:54:06.059   491   594 E QMI_FW  : QMUXD: WARNING qmi_qmux_if_pwr_up_init failed! rc=-1
01-05 06:54:06.059   491   594 I libmdmdetect: ESOC framework not supported
01-05 06:54:06.059   491   594 I libmdmdetect: Found internal modem: modem
01-05 06:54:06.059   491   594 E QMI_FW  : QMUXD: WARNING qmi_qmux_if_pwr_up_init failed! rc=-1
01-05 06:54:06.059   491   594 E QC-time-services: Daemon:genoff_modem_qmi_service_request: qmi_client_get_service_list returned -2num_services 0
01-05 06:54:06.906  1128  1128 W art     : Skipping non-existent dex file '/system/framework/tcmiface.jar'
01-05 06:54:06.906  1128  1128 W art     : Skipping non-existent dex file '/system/framework/qcom.fmradio.jar'
01-05 06:54:06.906  1128  1128 W art     : Skipping non-existent dex file '/system/framework/WfdCommon.jar'
01-05 06:54:06.906  1128  1128 W art     : Skipping non-existent dex file '/system/framework/oem-services.jar'
01-05 06:54:06.912  1128  1128 W art     : Skipping non-existent dex file '/system/framework/com.qti.location.sdk.jar'
01-05 06:54:06.912  1128  1128 W art     : Skipping non-existent dex file '/system/framework/qcmediaplayer.jar'
01-05 06:54:06.914  1128  1128 E art     : Failed to return pre-allocated NoClassDefFoundError
01-05 06:54:06.915  1128  1128 F art     : art/runtime/thread.cc:3035] Check failed: new_exception != nullptr 
01-05 06:54:06.938  1128  1128 F art     : art/runtime/runtime.cc:402] Runtime aborting...
01-05 06:54:06.938  1128  1128 F art     : art/runtime/runtime.cc:402] Aborting thread:
01-05 06:54:06.938  1128  1128 F art     : art/runtime/runtime.cc:402] "main" prio=5 tid=1 Runnable (still starting up)
01-05 06:54:06.938  1128  1128 F art     : art/runtime/runtime.cc:402]   | group="" sCount=0 dsCount=0 obj=0x0 self=0xf4684f00
01-05 06:54:06.938  1128  1128 F art     : art/runtime/runtime.cc:402]   | sysTid=1128 nice=0 cgrp=default sched=0/0 handle=0xf7125534
