01-05 06:53:59.451   894   894 I dex2oat : setting boot class path to /system/framework/core-libart.jar:/system/framework/conscrypt.jar:/system/framework/okhttp.jar:/system/framework/core-junit.jar:/system/framework/bouncycastle.jar:/system/framework/ext.jar:/system/framework/framework.jar:/system/framework/telephony-common.jar:/system/framework/voip-common.jar:/system/framework/ims-common.jar:/system/framework/apache-xml.jar:/system/framework/org.apache.http.legacy.boot.jar:/system/framework/com.qti.dpmframework.jar:/system/framework/dpmapi.jar
01-05 06:53:59.603   406   406 D SurfaceFlinger: shader cache generated - 24 shaders in 404.102844 ms
01-05 06:53:59.611   406   406 D qdutils : DEBUG_CALC_FPS: 0
01-05 06:53:59.611   406   406 D qdutils : period: 10
01-05 06:53:59.611   406   406 D qdutils : ignorethresh_us: 500000
01-05 06:54:00.043   415   461 D PerMgrSrv: modem new state: is on-line
01-05 06:54:00.049   491   594 I libmdmdetect: ESOC framework not supported
01-05 06:54:00.049   491   594 I libmdmdetect: Found internal modem: modem
01-05 06:54:00.050   491   594 E QMI_FW  : QMUXD: WARNING qmi_qmux_if_pwr_up_init failed! rc=-1
01-05 06:54:00.050   491   594 I libmdmdetect: ESOC framework not supported
01-05 06:54:00.050   491   594 I libmdmdetect: Found internal modem: modem
01-05 06:54:00.050   491   594 E QMI_FW  : QMUXD: WARNING qmi_qmux_if_pwr_up_init failed! rc=-1
01-05 06:54:00.050   491   594 I libmdmdetect: ESOC framework not supported
01-05 06:54:00.050   491   594 I libmdmdetect: Found internal modem: modem
01-05 06:54:00.051   491   594 E QMI_FW  : QMUXD: WARNING qmi_qmux_if_pwr_up_init failed! rc=-1
01-05 06:54:00.051   491   594 I libmdmdetect: ESOC framework not supported
01-05 06:54:00.051   491   594 I libmdmdetect: Found internal modem: modem
01-05 06:54:00.051   491   594 E QMI_FW  : QMUXD: WARNING qmi_qmux_if_pwr_up_init failed! rc=-1
01-05 06:54:00.051   491   594 E QC-time-services: Daemon:genoff_modem_qmi_service_request: qmi_client_get_service_list returned -2num_services 0
01-05 06:54:00.099   537   537 I energy-awarenes: type=1400 audit(0.0:80): avc: denied { read } for scontext=u:r:init:s0 tcontext=u:r:init:s0 tclass=netlink_kobject_uevent_socket permissive=1
01-05 06:54:00.219   973   973 I adbd    : type=1400 audit(0.0:81): avc: denied { dac_override } for capability=1 scontext=u:r:su:s0 tcontext=u:r:su:s0 tclass=capability permissive=1
01-05 06:54:00.219   973   973 I adbd    : type=1400 audit(0.0:82): avc: denied { open } for path="/dev/pts/1" dev="devpts" ino=4 scontext=u:r:su:s0 tcontext=u:object_r:devpts:s0 tclass=chr_file permissive=1
01-05 06:54:00.640   627   773 E Sensors : sns_smr_util.c(106):Unable to initialize service 309 with QCCI, timed out (2000 ms)
01-05 06:54:00.641   627   772 E Sensors : sns_smr_util.c(106):Unable to initialize service 308 with QCCI, timed out (2000 ms)
01-05 06:54:00.642   627   771 E Sensors : sns_smr_util.c(106):Unable to initialize service 307 with QCCI, timed out (2000 ms)
01-05 06:54:00.642   627   752 E Sensors : sns_smr_util.c(106):Unable to initialize service 288 with QCCI, timed out (2000 ms)
01-05 06:54:00.649   627   776 E Sensors : sns_smr_util.c(106):Unable to initialize service 312 with QCCI, timed out (2000 ms)
01-05 06:54:00.657   627   775 E Sensors : sns_smr_util.c(106):Unable to initialize service 311 with QCCI, timed out (2000 ms)
01-05 06:54:00.657   627   774 E Sensors : sns_smr_util.c(106):Unable to initialize service 310 with QCCI, timed out (2000 ms)
01-05 06:54:00.734   436   436 V NatController: runCmd(/system/bin/iptables -w -F natctrl_FORWARD) res=0
01-05 06:54:00.747   436   436 V NatController: runCmd(/system/bin/iptables -w -A natctrl_FORWARD -j DROP) res=0
01-05 06:54:00.739  1018  1018 I boeffla-init.sh: type=1400 audit(0.0:83): avc: denied { execute_no_trans } for path="/sbin/busybox" dev="rootfs" ino=9526 scontext=u:r:init:s0 tcontext=u:object_r:rootfs:s0 tclass=file permissive=1
01-05 06:54:00.761   436   436 V NatController: runCmd(/system/bin/iptables -w -t nat -F natctrl_nat_POSTROUTING) res=0
01-05 06:54:00.766   627   776 E Sensors : sns_acm_mr.c(519):Error getting info for service 56
01-05 06:54:00.766   627   752 E Sensors : sns_acm_mr.c(519):Error getting info for service 32
01-05 06:54:00.766   627   773 E Sensors : sns_acm_mr.c(519):Error getting info for service 53
01-05 06:54:00.766   627   771 E Sensors : sns_acm_mr.c(519):Error getting info for service 51
01-05 06:54:00.767   627   772 E Sensors : sns_acm_mr.c(519):Error getting info for service 52
01-05 06:54:00.778   436   436 V NatController: runCmd(/system/bin/iptables -w -F natctrl_tether_counters) res=1
01-05 06:54:00.789   436   436 V NatController: runCmd(/system/bin/iptables -w -X natctrl_tether_counters) res=1
01-05 06:54:00.800   436   436 V NatController: runCmd(/system/bin/iptables -w -N natctrl_tether_counters) res=0
01-05 06:54:00.806   627   774 E Sensors : sns_acm_mr.c(519):Error getting info for service 54
01-05 06:54:00.811   436   436 V NatController: runCmd(/system/bin/iptables -w -t mangle -A natctrl_mangle_FORWARD -p tcp --tcp-flags SYN SYN -j TCPMSS --clamp-mss-to-pmtu) res=0
01-05 06:54:00.811   627   775 E Sensors : sns_acm_mr.c(519):Error getting info for service 55
01-05 06:54:00.813   627  1028 E Sensors : sns_debug_main.c(544):Debug Config File missing in EFS!
01-05 06:54:00.799   627   627 I sensors.qcom: type=1400 audit(0.0:84): avc: denied { ioctl } for path="socket:[15579]" dev="sockfs" ino=15579 ioctlcmd=c302 scontext=u:r:init:s0 tcontext=u:r:init:s0 tclass=socket permissive=1
01-05 06:54:00.799   627   627 I sensors.qcom: type=1400 audit(0.0:85): avc: denied { create } for scontext=u:r:init:s0 tcontext=u:r:init:s0 tclass=socket permissive=1
01-05 06:54:00.799   627   627 I sensors.qcom: type=1400 audit(0.0:86): avc: denied { getopt } for scontext=u:r:init:s0 tcontext=u:r:init:s0 tclass=socket permissive=1
01-05 06:54:00.799   627   627 I sensors.qcom: type=1400 audit(0.0:87): avc: denied { write } for scontext=u:r:init:s0 tcontext=u:r:init:s0 tclass=socket permissive=1
01-05 06:54:00.799   627   627 I sensors.qcom: type=1400 audit(0.0:88): avc: denied { create } for name="sensor_ctl_socket" scontext=u:r:init:s0 tcontext=u:object_r:socket_device:s0 tclass=sock_file permissive=1
01-05 06:54:00.799   627   627 I sensors.qcom: type=1400 audit(0.0:89): avc: denied { getattr } for path="/dev/socket/sensor_ctl_socket" dev="tmpfs" ino=19493 scontext=u:r:init:s0 tcontext=u:object_r:socket_device:s0 tclass=sock_file permissive=1
01-05 06:54:00.799   627   627 I sensors.qcom: type=1400 audit(0.0:90): avc: denied { setattr } for name="sensor_ctl_socket" dev="tmpfs" ino=19493 scontext=u:r:init:s0 tcontext=u:object_r:socket_device:s0 tclass=sock_file permissive=1
01-05 06:54:00.799  1026  1026 I sensors.qcom: type=1400 audit(0.0:91): avc: denied { read } for scontext=u:r:init:s0 tcontext=u:r:init:s0 tclass=socket permissive=1
01-05 06:54:00.809   627   627 I sensors.qcom: type=1400 audit(0.0:92): avc: denied { write } for name="sensor_ctl_socket" dev="tmpfs" ino=19493 scontext=u:r:init:s0 tcontext=u:object_r:socket_device:s0 tclass=sock_file permissive=1
01-05 06:54:01.261   894   894 E dex2oat : Failed to return pre-allocated NoClassDefFoundError
01-05 06:54:01.261   894   894 F dex2oat : art/runtime/thread.cc:3035] Check failed: new_exception != nullptr 
01-05 06:54:01.271   894   894 F dex2oat : art/runtime/runtime.cc:402] Runtime aborting...
01-05 06:54:01.271   894   894 F dex2oat : art/runtime/runtime.cc:402] Aborting thread:
01-05 06:54:01.271   894   894 F dex2oat : art/runtime/runtime.cc:402] "main" prio=5 tid=1 Runnable (still starting up)
01-05 06:54:01.271   894   894 F dex2oat : art/runtime/runtime.cc:402]   | group="" sCount=0 dsCount=0 obj=0x0 self=0xf6684a00
01-05 06:54:01.271   894   894 F dex2oat : art/runtime/runtime.cc:402]   | sysTid=894 nice=0 cgrp=default sched=0/0 handle=0xf73b3534
01-05 06:54:01.271   894   894 F dex2oat : art/runtime/runtime.cc:402]   | state=R schedstat=( 1513286679 13090312 569 ) utm=143 stm=8 core=1 HZ=100
01-05 06:54:01.271   894   894 F dex2oat : art/runtime/runtime.cc:402]   | stack=0xff168000-0xff16a000 stackSize=8MB
01-05 06:54:01.271   894   894 F dex2oat : art/runtime/runtime.cc:402]   | held mutexes= "abort lock" "mutator lock"(shared held)
01-05 06:54:01.271   894   894 F dex2oat : art/runtime/runtime.cc:402]   native: #00 pc 00349961  /system/lib/libart.so (art::DumpNativeStack(std::__1::basic_ostream<char, std::__1::char_traits<char> >&, int, BacktraceMap*, char const*, art::ArtMethod*, void*)+128)
01-05 06:54:01.271   894   894 F dex2oat : art/runtime/runtime.cc:402]   native: #01 pc 0032a261  /system/lib/libart.so (art::Thread::DumpStack(std::__1::basic_ostream<char, std::__1::char_traits<char> >&, bool, BacktraceMap*) const+308)
01-05 06:54:01.271   894   894 F dex2oat : art/runtime/runtime.cc:402]   native: #02 pc 0031d401  /system/lib/libart.so (art::AbortState::DumpThread(std::__1::basic_ostream<char, std::__1::char_traits<char> >&, art::Thread*) const+24)
01-05 06:54:01.271   894   894 F dex2oat : art/runtime/runtime.cc:402]   native: #03 pc 0031d24b  /system/lib/libart.so (art::AbortState::Dump(std::__1::basic_ostream<char, std::__1::char_traits<char> >&) const+362)
01-05 06:54:01.271   894   894 F dex2oat : art/runtime/runtime.cc:402]   native: #04 pc 003141cb  /system/lib/libart.so (art::Runtime::Abort()+90)
01-05 06:54:01.271   894   894 F dex2oat : art/runtime/runtime.cc:402]   native: #05 pc 000b3ff9  /system/lib/libart.so (art::LogMessage::~LogMessage()+864)
01-05 06:54:01.271   894   894 F dex2oat : art/runtime/runtime.cc:402]   native: #06 pc 0032cceb  /system/lib/libart.so (art::Thread::SetException(art::mirror::Throwable*)+134)
01-05 06:54:01.271   894   894 F dex2oat : art/runtime/runtime.cc:402]   native: #07 pc 000e3e37  /system/lib/libart.so (art::ClassLinker::FindClass(art::Thread*, char const*, art::Handle<art::mirror::ClassLoader>)+582)
01-05 06:54:01.271   894   894 F dex2oat : art/runtime/runtime.cc:402]   native: #08 pc 000d27d1  /system/lib/libart.so (art::ClassLinker::CheckSystemClass(art::Thread*, art::Handle<art::mirror::Class>, char const*)+44)
01-05 06:54:01.272   894   894 F dex2oat : art/runtime/runtime.cc:402]   native: #09 pc 000d43df  /system/lib/libart.so (art::ClassLinker::InitWithoutImage(std::__1::vector<std::__1::unique_ptr<art::DexFile const, std::__1::default_delete<art::DexFile const> >, std::__1::allocator<std::__1::unique_ptr<art::DexFile const, std::__1::default_delete<art::DexFile const> > > >, std::__1::basic_string<char, std::__1::char_traits<char>, std::__1::allocator<char> >*)+5706)
01-05 06:54:01.272   894   894 F dex2oat : art/runtime/runtime.cc:402]   native: #10 pc 00317857  /system/lib/libart.so (art::Runtime::Init(art::RuntimeArgumentMap&&)+12342)
01-05 06:54:01.272   894   894 F dex2oat : art/runtime/runtime.cc:402]   native: #11 pc 003147fb  /system/lib/libart.so (art::Runtime::Create(art::RuntimeArgumentMap&&)+42)
01-05 06:54:01.272   894   894 F dex2oat : art/runtime/runtime.cc:402]   native: #12 pc 00013165  /system/bin/dex2oat (???)
01-05 06:54:01.272   894   894 F dex2oat : art/runtime/runtime.cc:402]   native: #13 pc 0000b5fb  /system/bin/dex2oat (???)
01-05 06:54:01.272   894   894 F dex2oat : art/runtime/runtime.cc:402]   native: #14 pc 000083c9  /system/bin/dex2oat (main+532)
01-05 06:54:01.272   894   894 F dex2oat : art/runtime/runtime.cc:402]   native: #15 pc 0001709d  /system/lib/libc.so (__libc_init+48)
01-05 06:54:01.272   894   894 F dex2oat : art/runtime/runtime.cc:402]   native: #16 pc 000080dc  /system/bin/dex2oat (???)
01-05 06:54:01.272   894   894 F dex2oat : art/runtime/runtime.cc:402]   (no managed stack frames)
01-05 06:54:01.272   894   894 F dex2oat : art/runtime/runtime.cc:402] Dumping all threads without appropriate locks held: thread list lock
01-05 06:54:01.272   894   894 F dex2oat : art/runtime/runtime.cc:402] All threads:
01-05 06:54:01.272   894   894 F dex2oat : art/runtime/runtime.cc:402] DALVIK THREADS (1):
01-05 06:54:01.272   894   894 F dex2oat : art/runtime/runtime.cc:402] "main" prio=5 tid=1 Runnable (still starting up)
01-05 06:54:01.272   894   894 F dex2oat : art/runtime/runtime.cc:402]   | group="" sCount=0 dsCount=0 obj=0x0 self=0xf6684a00
01-05 06:54:01.272   894   894 F dex2oat : art/runtime/runtime.cc:402]   | sysTid=894 nice=0 cgrp=default sched=0/0 handle=0xf73b3534
01-05 06:54:01.272   894   894 F dex2oat : art/runtime/runtime.cc:402]   | state=R schedstat=( 1518218814 13090312 569 ) utm=143 stm=8 core=1 HZ=100
01-05 06:54:01.272   894   894 F dex2oat : art/runtime/runtime.cc:402]   | stack=0xff168000-0xff16a000 stackSize=8MB
01-05 06:54:01.272   894   894 F dex2oat : art/runtime/runtime.cc:402]   | held mutexes= "abort lock" "mutator lock"(shared held)
01-05 06:54:01.272   894   894 F dex2oat : art/runtime/runtime.cc:402]   native: #00 pc 00349961  /system/lib/libart.so (art::DumpNativeStack(std::__1::basic_ostream<char, std::__1::char_traits<char> >&, int, BacktraceMap*, char const*, art::ArtMethod*, void*)+128)
01-05 06:54:01.272   894   894 F dex2oat : art/runtime/runtime.cc:402]   native: #01 pc 0032a261  /system/lib/libart.so (art::Thread::DumpStack(std::__1::basic_ostream<char, std::__1::char_traits<char> >&, bool, BacktraceMap*) const+308)
01-05 06:54:01.272   894   894 F dex2oat : art/runtime/runtime.cc:402]   native: #02 pc 0033c181  /system/lib/libart.so (art::DumpCheckpoint::Run(art::Thread*)+620)
01-05 06:54:01.272   894   894 F dex2oat : art/runtime/runtime.cc:402]   native: #03 pc 0033618b  /system/lib/libart.so (art::ThreadList::RunCheckpoint(art::Closure*)+330)
01-05 06:54:01.272   894   894 F dex2oat : art/runtime/runtime.cc:402]   native: #04 pc 00335df1  /system/lib/libart.so (art::ThreadList::Dump(std::__1::basic_ostream<char, std::__1::char_traits<char> >&, bool)+180)
01-05 06:54:01.272   894   894 F dex2oat : art/runtime/runtime.cc:402]   native: #05 pc 0031d255  /system/lib/libart.so (art::AbortState::Dump(std::__1::basic_ostream<char, std::__1::char_traits<char> >&) const+372)
01-05 06:54:01.272   894   894 F dex2oat : art/runtime/runtime.cc:402]   native: #06 pc 003141cb  /system/lib/libart.so (art::Runtime::Abort()+90)
01-05 06:54:01.272   894   894 F dex2oat : art/runtime/runtime.cc:402]   native: #07 pc 000b3ff9  /system/lib/libart.so (art::LogMessage::~LogMessage()+864)
01-05 06:54:01.272   894   894 F dex2oat : art/runtime/runtime.cc:402]   native: #08 pc 0032cceb  /system/lib/libart.so (art::Thread::SetException(art::mirror::Throwable*)+134)
01-05 06:54:01.272   894   894 F dex2oat : art/runtime/runtime.cc:402]   native: #09 pc 000e3e37  /system/lib/libart.so (art::ClassLinker::FindClass(art::Thread*, char const*, art::Handle<art::mirror::ClassLoader>)+582)
01-05 06:54:01.272   894   894 F dex2oat : art/runtime/runtime.cc:402]   native: #10 pc 000d27d1  /system/lib/libart.so (art::ClassLinker::CheckSystemClass(art::Thread*, art::Handle<art::mirror::Class>, char const*)+44)
01-05 06:54:01.272   894   894 F dex2oat : art/runtime/runtime.cc:402]   native: #11 pc 000d43df  /system/lib/libart.so (art::ClassLinker::InitWithoutImage(std::__1::vector<std::__1::unique_ptr<art::DexFile const, std::__1::default_delete<art::DexFile const> >, std::__1::allocator<std::__1::unique_ptr<art::DexFile const, std::__1::default_delete<art::DexFile const> > > >, std::__1::basic_string<char, std::__1::char_traits<char>, std::__1::allocator<char> >*)+5706)
01-05 06:54:01.272   894   894 F dex2oat : art/runtime/runtime.cc:402]   native: #12 pc 00317857  /system/lib/libart.so (art::Runtime::Init(art::RuntimeArgumentMap&&)+12342)
01-05 06:54:01.272   894   894 F dex2oat : art/runtime/runtime.cc:402]   native: #13 pc 003147fb  /system/lib/libart.so (art::Runtime::Create(art::RuntimeArgumentMap&&)+42)
01-05 06:54:01.272   894   894 F dex2oat : art/runtime/runtime.cc:402]   native: #14 pc 00013165  /system/bin/dex2oat (???)
01-05 06:54:01.272   894   894 F dex2oat : art/runtime/runtime.cc:402]   native: #15 pc 0000b5fb  /system/bin/dex2oat (???)
01-05 06:54:01.272   894   894 F dex2oat : art/runtime/runtime.cc:402]   native: #16 pc 000083c9  /system/bin/dex2oat (main+532)
01-05 06:54:01.272   894   894 F dex2oat : art/runtime/runtime.cc:402]   native: #17 pc 0001709d  /system/lib/libc.so (__libc_init+48)
01-05 06:54:01.272   894   894 F dex2oat : art/runtime/runtime.cc:402]   native: #18 pc 000080dc  /system/bin/dex2oat (???)
01-05 06:54:01.272   894   894 F dex2oat : art/runtime/runtime.cc:402]   (no managed stack frames)
01-05 06:54:01.272   894   894 F dex2oat : art/runtime/runtime.cc:402] 
01-05 06:54:01.272   894   894 F dex2oat : art/runtime/runtime.cc:402] 
--------- beginning of crash
01-05 06:54:01.272   894   894 F libc    : Fatal signal 6 (SIGABRT), code -6 in tid 894 (main)
01-05 06:54:01.272   437   437 W         : debuggerd: handling request: pid=894 uid=0 gid=0 tid=894
01-05 06:54:01.275   873   873 E dex2oat : Failed to return pre-allocated NoClassDefFoundError
01-05 06:54:01.275   873   873 F dex2oat : art/runtime/thread.cc:3035] Check failed: new_exception != nullptr 
01-05 06:54:01.277  1073  1073 E         : debuggerd: Unable to connect to activity manager (connect failed: No such file or directory)
01-05 06:54:01.287   873   873 F dex2oat : art/runtime/runtime.cc:402] Runtime aborting...
01-05 06:54:01.287   873   873 F dex2oat : art/runtime/runtime.cc:402] Aborting thread:
01-05 06:54:01.287   873   873 F dex2oat : art/runtime/runtime.cc:402] "main" prio=5 tid=1 Runnable (still starting up)
01-05 06:54:01.287   873   873 F dex2oat : art/runtime/runtime.cc:402]   | group="" sCount=0 dsCount=0 obj=0x0 self=0xf6404a00
01-05 06:54:01.287   873   873 F dex2oat : art/runtime/runtime.cc:402]   | sysTid=873 nice=0 cgrp=default sched=0/0 handle=0xf712d534
01-05 06:54:01.287   873   873 F dex2oat : art/runtime/runtime.cc:402]   | state=R schedstat=( 1551558030 30204216 573 ) utm=144 stm=11 core=0 HZ=100
01-05 06:54:01.287   873   873 F dex2oat : art/runtime/runtime.cc:402]   | stack=0xff6c3000-0xff6c5000 stackSize=8MB
01-05 06:54:01.287   873   873 F dex2oat : art/runtime/runtime.cc:402]   | held mutexes= "abort lock" "mutator lock"(shared held)
01-05 06:54:01.287   873   873 F dex2oat : art/runtime/runtime.cc:402]   native: #00 pc 00349961  /system/lib/libart.so (art::DumpNativeStack(std::__1::basic_ostream<char, std::__1::char_traits<char> >&, int, BacktraceMap*, char const*, art::ArtMethod*, void*)+128)
01-05 06:54:01.287   873   873 F dex2oat : art/runtime/runtime.cc:402]   native: #01 pc 0032a261  /system/lib/libart.so (art::Thread::DumpStack(std::__1::basic_ostream<char, std::__1::char_traits<char> >&, bool, BacktraceMap*) const+308)
01-05 06:54:01.287   873   873 F dex2oat : art/runtime/runtime.cc:402]   native: #02 pc 0031d401  /system/lib/libart.so (art::AbortState::DumpThread(std::__1::basic_ostream<char, std::__1::char_traits<char> >&, art::Thread*) const+24)
01-05 06:54:01.287   873   873 F dex2oat : art/runtime/runtime.cc:402]   native: #03 pc 0031d24b  /system/lib/libart.so (art::AbortState::Dump(std::__1::basic_ostream<char, std::__1::char_traits<char> >&) const+362)
01-05 06:54:01.287   873   873 F dex2oat : art/runtime/runtime.cc:402]   native: #04 pc 003141cb  /system/lib/libart.so (art::Runtime::Abort()+90)
01-05 06:54:01.287   873   873 F dex2oat : art/runtime/runtime.cc:402]   native: #05 pc 000b3ff9  /system/lib/libart.so (art::LogMessage::~LogMessage()+864)
01-05 06:54:01.287   873   873 F dex2oat : art/runtime/runtime.cc:402]   native: #06 pc 0032cceb  /system/lib/libart.so (art::Thread::SetException(art::mirror::Throwable*)+134)
01-05 06:54:01.287   873   873 F dex2oat : art/runtime/runtime.cc:402]   native: #07 pc 000e3e37  /system/lib/libart.so (art::ClassLinker::FindClass(art::Thread*, char const*, art::Handle<art::mirror::ClassLoader>)+582)
01-05 06:54:01.287   873   873 F dex2oat : art/runtime/runtime.cc:402]   native: #08 pc 000d27d1  /system/lib/libart.so (art::ClassLinker::CheckSystemClass(art::Thread*, art::Handle<art::mirror::Class>, char const*)+44)
01-05 06:54:01.287   873   873 F dex2oat : art/runtime/runtime.cc:402]   native: #09 pc 000d43df  /system/lib/libart.so (art::ClassLinker::InitWithoutImage(std::__1::vector<std::__1::unique_ptr<art::DexFile const, std::__1::default_delete<art::DexFile const> >, std::__1::allocator<std::__1::unique_ptr<art::DexFile const, std::__1::default_delete<art::DexFile const> > > >, std::__1::basic_string<char, std::__1::char_traits<char>, std::__1::allocator<char> >*)+5706)
01-05 06:54:01.287   873   873 F dex2oat : art/runtime/runtime.cc:402]   native: #10 pc 00317857  /system/lib/libart.so (art::Runtime::Init(art::RuntimeArgumentMap&&)+12342)
01-05 06:54:01.287   873   873 F dex2oat : art/runtime/runtime.cc:402]   native: #11 pc 003147fb  /system/lib/libart.so (art::Runtime::Create(art::RuntimeArgumentMap&&)+42)
01-05 06:54:01.287   873   873 F dex2oat : art/runtime/runtime.cc:402]   native: #12 pc 00013165  /system/bin/dex2oat (???)
01-05 06:54:01.287   873   873 F dex2oat : art/runtime/runtime.cc:402]   native: #13 pc 0000b5fb  /system/bin/dex2oat (???)
01-05 06:54:01.287   873   873 F dex2oat : art/runtime/runtime.cc:402]   native: #14 pc 000083c9  /system/bin/dex2oat (main+532)
01-05 06:54:01.287   873   873 F dex2oat : art/runtime/runtime.cc:402]   native: #15 pc 0001709d  /system/lib/libc.so (__libc_init+48)
01-05 06:54:01.287   873   873 F dex2oat : art/runtime/runtime.cc:402]   native: #16 pc 000080dc  /system/bin/dex2oat (???)
01-05 06:54:01.287   873   873 F dex2oat : art/runtime/runtime.cc:402]   (no managed stack frames)
01-05 06:54:01.287   873   873 F dex2oat : art/runtime/runtime.cc:402] Dumping all threads without appropriate locks held: thread list lock
01-05 06:54:01.287   873   873 F dex2oat : art/runtime/runtime.cc:402] All threads:
01-05 06:54:01.287   873   873 F dex2oat : art/runtime/runtime.cc:402] DALVIK THREADS (1):
01-05 06:54:01.287   873   873 F dex2oat : art/runtime/runtime.cc:402] "main" prio=5 tid=1 Runnable (still starting up)
01-05 06:54:01.287   873   873 F dex2oat : art/runtime/runtime.cc:402]   | group="" sCount=0 dsCount=0 obj=0x0 self=0xf6404a00
01-05 06:54:01.287   873   873 F dex2oat : art/runtime/runtime.cc:402]   | sysTid=873 nice=0 cgrp=default sched=0/0 handle=0xf712d534
01-05 06:54:01.287   873   873 F dex2oat : art/runtime/runtime.cc:402]   | state=R schedstat=( 1552446829 30408747 574 ) utm=144 stm=11 core=0 HZ=100
01-05 06:54:01.287   873   873 F dex2oat : art/runtime/runtime.cc:402]   | stack=0xff6c3000-0xff6c5000 stackSize=8MB
01-05 06:54:01.287   873   873 F dex2oat : art/runtime/runtime.cc:402]   | held mutexes= "abort lock" "mutator lock"(shared held)
01-05 06:54:01.287   873   873 F dex2oat : art/runtime/runtime.cc:402]   native: #00 pc 00349961  /system/lib/libart.so (art::DumpNativeStack(std::__1::basic_ostream<char, std::__1::char_traits<char> >&, int, BacktraceMap*, char const*, art::ArtMethod*, void*)+128)
01-05 06:54:01.287   873   873 F dex2oat : art/runtime/runtime.cc:402]   native: #01 pc 0032a261  /system/lib/libart.so (art::Thread::DumpStack(std::__1::basic_ostream<char, std::__1::char_traits<char> >&, bool, BacktraceMap*) const+308)
01-05 06:54:01.287   873   873 F dex2oat : art/runtime/runtime.cc:402]   native: #02 pc 0033c181  /system/lib/libart.so (art::DumpCheckpoint::Run(art::Thread*)+620)
01-05 06:54:01.287   873   873 F dex2oat : art/runtime/runtime.cc:402]   native: #03 pc 0033618b  /system/lib/libart.so (art::ThreadList::RunCheckpoint(art::Closure*)+330)
01-05 06:54:01.287   873   873 F dex2oat : art/runtime/runtime.cc:402]   native: #04 pc 00335df1  /system/lib/libart.so (art::ThreadList::Dump(std::__1::basic_ostream<char, std::__1::char_traits<char> >&, bool)+180)
01-05 06:54:01.287   873   873 F dex2oat : art/runtime/runtime.cc:402]   native: #05 pc 0031d255  /system/lib/libart.so (art::AbortState::Dump(std::__1::basic_ostream<char, std::__1::char_traits<char> >&) const+372)
01-05 06:54:01.287   873   873 F dex2oat : art/runtime/runtime.cc:402]   native: #06 pc 003141cb  /system/lib/libart.so (art::Runtime::Abort()+90)
01-05 06:54:01.288   873   873 F dex2oat : art/runtime/runtime.cc:402]   native: #07 pc 000b3ff9  /system/lib/libart.so (art::LogMessage::~LogMessage()+864)
01-05 06:54:01.288   873   873 F dex2oat : art/runtime/runtime.cc:402]   native: #08 pc 0032cceb  /system/lib/libart.so (art::Thread::SetException(art::mirror::Throwable*)+134)
01-05 06:54:01.288   873   873 F dex2oat : art/runtime/runtime.cc:402]   native: #09 pc 000e3e37  /system/lib/libart.so (art::ClassLinker::FindClass(art::Thread*, char const*, art::Handle<art::mirror::ClassLoader>)+582)
01-05 06:54:01.288   873   873 F dex2oat : art/runtime/runtime.cc:402]   native: #10 pc 000d27d1  /system/lib/libart.so (art::ClassLinker::CheckSystemClass(art::Thread*, art::Handle<art::mirror::Class>, char const*)+44)
01-05 06:54:01.288   873   873 F dex2oat : art/runtime/runtime.cc:402]   native: #11 pc 000d43df  /system/lib/libart.so (art::ClassLinker::InitWithoutImage(std::__1::vector<std::__1::unique_ptr<art::DexFile const, std::__1::default_delete<art::DexFile const> >, std::__1::allocator<std::__1::unique_ptr<art::DexFile const, std::__1::default_delete<art::DexFile const> > > >, std::__1::basic_string<char, std::__1::char_traits<char>, std::__1::allocator<char> >*)+5706)
01-05 06:54:01.288   873   873 F dex2oat : art/runtime/runtime.cc:402]   native: #12 pc 00317857  /system/lib/libart.so (art::Runtime::Init(art::RuntimeArgumentMap&&)+12342)
01-05 06:54:01.288   873   873 F dex2oat : art/runtime/runtime.cc:402]   native: #13 pc 003147fb  /system/lib/libart.so (art::Runtime::Create(art::RuntimeArgumentMap&&)+42)
01-05 06:54:01.288   873   873 F dex2oat : art/runtime/runtime.cc:402]   native: #14 pc 00013165  /system/bin/dex2oat (???)
01-05 06:54:01.288   873   873 F dex2oat : art/runtime/runtime.cc:402]   native: #15 pc 0000b5fb  /system/bin/dex2oat (???)
01-05 06:54:01.288   873   873 F dex2oat : art/runtime/runtime.cc:402]   native: #16 pc 000083c9  /system/bin/dex2oat (main+532)
01-05 06:54:01.288   873   873 F dex2oat : art/runtime/runtime.cc:402]   native: #17 pc 0001709d  /system/lib/libc.so (__libc_init+48)
01-05 06:54:01.288   873   873 F dex2oat : art/runtime/runtime.cc:402]   native: #18 pc 000080dc  /system/bin/dex2oat (???)
01-05 06:54:01.288   873   873 F dex2oat : art/runtime/runtime.cc:402]   (no managed stack frames)
01-05 06:54:01.288   873   873 F dex2oat : art/runtime/runtime.cc:402] 
01-05 06:54:01.288   873   873 F dex2oat : art/runtime/runtime.cc:402] 
01-05 06:54:01.288   873   873 F libc    : Fatal signal 6 (SIGABRT), code -6 in tid 873 (main)
01-05 06:54:01.328  1073  1073 F DEBUG   : *** *** *** *** *** *** *** *** *** *** *** *** *** *** *** ***
01-05 06:54:01.328  1073  1073 F DEBUG   : Build fingerprint: 'Oneplus/aosp_oneplus2/oneplus2:6.0.1/MASTER/kar06231000:eng/test-keys'
01-05 06:54:01.328  1073  1073 F DEBUG   : Revision: '0'
01-05 06:54:01.328  1073  1073 F DEBUG   : ABI: 'arm'
01-05 06:54:01.328  1073  1073 F DEBUG   : pid: 894, tid: 894, name: main  >>> /system/bin/dex2oat <<<
01-05 06:54:01.328  1073  1073 F DEBUG   : signal 6 (SIGABRT), code -6 (SI_TKILL), fault addr --------
01-05 06:54:01.329  1073  1073 F DEBUG   : Abort message: 'art/runtime/thread.cc:3035] Check failed: new_exception != nullptr '
01-05 06:54:01.329  1073  1073 F DEBUG   :     r0 00000000  r1 0000037e  r2 00000006  r3 00000008
01-05 06:54:01.329  1073  1073 F DEBUG   :     r4 f73b358c  r5 00000006  r6 f73b3534  r7 0000010c
01-05 06:54:01.329  1073  1073 F DEBUG   :     r8 f6684a00  r9 f66ed280  sl f66ed280  fp 5f790d9c
01-05 06:54:01.329  1073  1073 F DEBUG   :     ip 00000000  sp ff966028  lr f694d97b  pc f6950318  cpsr 20010010
01-05 06:54:01.337  1073  1073 F DEBUG   : 
01-05 06:54:01.337  1073  1073 F DEBUG   : backtrace:
01-05 06:54:01.337  1073  1073 F DEBUG   :     #00 pc 0004b318  /system/lib/libc.so (tgkill+12)
01-05 06:54:01.337  1073  1073 F DEBUG   :     #01 pc 00048977  /system/lib/libc.so (pthread_kill+34)
01-05 06:54:01.337  1073  1073 F DEBUG   :     #02 pc 0001f4e9  /system/lib/libc.so (raise+10)
01-05 06:54:01.337  1073  1073 F DEBUG   :     #03 pc 000197d1  /system/lib/libc.so (__libc_android_abort+34)
01-05 06:54:01.337  1073  1073 F DEBUG   :     #04 pc 00017484  /system/lib/libc.so (abort+4)
01-05 06:54:01.337  1073  1073 F DEBUG   :     #05 pc 0031426d  /system/lib/libart.so (art::Runtime::Abort()+252)
01-05 06:54:01.337  1073  1073 F DEBUG   :     #06 pc 000b3ff9  /system/lib/libart.so (art::LogMessage::~LogMessage()+864)
01-05 06:54:01.337  1073  1073 F DEBUG   :     #07 pc 0032cceb  /system/lib/libart.so (art::Thread::SetException(art::mirror::Throwable*)+134)
01-05 06:54:01.337  1073  1073 F DEBUG   :     #08 pc 000e3e37  /system/lib/libart.so (art::ClassLinker::FindClass(art::Thread*, char const*, art::Handle<art::mirror::ClassLoader>)+582)
01-05 06:54:01.338  1073  1073 F DEBUG   :     #09 pc 000d27d1  /system/lib/libart.so (art::ClassLinker::CheckSystemClass(art::Thread*, art::Handle<art::mirror::Class>, char const*)+44)
01-05 06:54:01.338  1073  1073 F DEBUG   :     #10 pc 000d43df  /system/lib/libart.so (art::ClassLinker::InitWithoutImage(std::__1::vector<std::__1::unique_ptr<art::DexFile const, std::__1::default_delete<art::DexFile const> >, std::__1::allocator<std::__1::unique_ptr<art::DexFile const, std::__1::default_delete<art::DexFile const> > > >, std::__1::basic_string<char, std::__1::char_traits<char>, std::__1::allocator<char> >*)+5706)
01-05 06:54:01.338  1073  1073 F DEBUG   :     #11 pc 00317857  /system/lib/libart.so (art::Runtime::Init(art::RuntimeArgumentMap&&)+12342)
01-05 06:54:01.338  1073  1073 F DEBUG   :     #12 pc 003147fb  /system/lib/libart.so (art::Runtime::Create(art::RuntimeArgumentMap&&)+42)
01-05 06:54:01.338  1073  1073 F DEBUG   :     #13 pc 00013165  /system/bin/dex2oat (art::Dex2Oat::CreateRuntime(art::RuntimeArgumentMap&&)+36)
01-05 06:54:01.338  1073  1073 F DEBUG   :     #14 pc 0000b5fb  /system/bin/dex2oat (art::Dex2Oat::Setup()+2442)
01-05 06:54:01.338  1073  1073 F DEBUG   :     #15 pc 000083c9  /system/bin/dex2oat (main+532)
01-05 06:54:01.338  1073  1073 F DEBUG   :     #16 pc 0001709d  /system/lib/libc.so (__libc_init+48)
01-05 06:54:01.338  1073  1073 F DEBUG   :     #17 pc 000080dc  /system/bin/dex2oat (_start+96)
01-05 06:54:01.371   437   437 W         : debuggerd: resuming target 894
01-05 06:54:01.371   437   437 W         : debuggerd: handling request: pid=873 uid=0 gid=0 tid=873
01-05 06:54:01.375  1087  1087 E         : debuggerd: Unable to connect to activity manager (connect failed: No such file or directory)
01-05 06:54:01.388   474   474 E art     : Could not create image space with image file '/system/framework/boot.art'. Attempting to fall back to imageless running. Error was: Failed to generate image '/data/dalvik-cache/arm/system@framework@boot.art': Failed execv(/system/bin/dex2oat --image=/data/dalvik-cache/arm/system@framework@boot.art --dex-file=/system/framework/core-libart.jar --dex-file=/system/framework/conscrypt.jar --dex-file=/system/framework/okhttp.jar --dex-file=/system/framework/core-junit.jar --dex-file=/system/framework/bouncycastle.jar --dex-file=/system/framework/ext.jar --dex-file=/system/framework/framework.jar --dex-file=/system/framework/telephony-common.jar --dex-file=/system/framework/voip-common.jar --dex-file=/system/framework/ims-common.jar --dex-file=/system/framework/apache-xml.jar --dex-file=/system/framework/org.apache.http.legacy.boot.jar --dex-file=/system/framework/tcmiface.jar --dex-file=/system/framework/qcom.fmradio.jar --dex-file=/system/framework/WfdCommon.jar --dex-file=/system/framework/oem-services.jar --dex
01-05 06:54:01.388   474   474 E art     : Attempted image: /system/framework/boot.art
01-05 06:54:01.425  1087  1087 F DEBUG   : *** *** *** *** *** *** *** *** *** *** *** *** *** *** *** ***
01-05 06:54:01.425  1087  1087 F DEBUG   : Build fingerprint: 'Oneplus/aosp_oneplus2/oneplus2:6.0.1/MASTER/kar06231000:eng/test-keys'
01-05 06:54:01.425  1087  1087 F DEBUG   : Revision: '0'
01-05 06:54:01.425  1087  1087 F DEBUG   : ABI: 'arm'
01-05 06:54:01.425  1087  1087 F DEBUG   : pid: 873, tid: 873, name: main  >>> /system/bin/dex2oat <<<
01-05 06:54:01.425  1087  1087 F DEBUG   : signal 6 (SIGABRT), code -6 (SI_TKILL), fault addr --------
01-05 06:54:01.427  1087  1087 F DEBUG   : Abort message: 'art/runtime/thread.cc:3035] Check failed: new_exception != nullptr '
01-05 06:54:01.427  1087  1087 F DEBUG   :     r0 00000000  r1 00000369  r2 00000006  r3 00000008
01-05 06:54:01.427  1087  1087 F DEBUG   :     r4 f712d58c  r5 00000006  r6 f712d534  r7 0000010c
01-05 06:54:01.427  1087  1087 F DEBUG   :     r8 f6404a00  r9 f646d280  sl f646d280  fp 5f790d9c
01-05 06:54:01.427  1087  1087 F DEBUG   :     ip 00000000  sp ffec0ef8  lr f6e3297b  pc f6e35318  cpsr 20010010
01-05 06:54:01.435  1087  1087 F DEBUG   : 
01-05 06:54:01.435  1087  1087 F DEBUG   : backtrace:
01-05 06:54:01.435  1087  1087 F DEBUG   :     #00 pc 0004b318  /system/lib/libc.so (tgkill+12)
01-05 06:54:01.435  1087  1087 F DEBUG   :     #01 pc 00048977  /system/lib/libc.so (pthread_kill+34)
01-05 06:54:01.435  1087  1087 F DEBUG   :     #02 pc 0001f4e9  /system/lib/libc.so (raise+10)
01-05 06:54:01.435  1087  1087 F DEBUG   :     #03 pc 000197d1  /system/lib/libc.so (__libc_android_abort+34)
01-05 06:54:01.435  1087  1087 F DEBUG   :     #04 pc 00017484  /system/lib/libc.so (abort+4)
01-05 06:54:01.435  1087  1087 F DEBUG   :     #05 pc 0031426d  /system/lib/libart.so (art::Runtime::Abort()+252)
01-05 06:54:01.435  1087  1087 F DEBUG   :     #06 pc 000b3ff9  /system/lib/libart.so (art::LogMessage::~LogMessage()+864)
01-05 06:54:01.435  1087  1087 F DEBUG   :     #07 pc 0032cceb  /system/lib/libart.so (art::Thread::SetException(art::mirror::Throwable*)+134)
01-05 06:54:01.435  1087  1087 F DEBUG   :     #08 pc 000e3e37  /system/lib/libart.so (art::ClassLinker::FindClass(art::Thread*, char const*, art::Handle<art::mirror::ClassLoader>)+582)
01-05 06:54:01.435  1087  1087 F DEBUG   :     #09 pc 000d27d1  /system/lib/libart.so (art::ClassLinker::CheckSystemClass(art::Thread*, art::Handle<art::mirror::Class>, char const*)+44)
01-05 06:54:01.435  1087  1087 F DEBUG   :     #10 pc 000d43df  /system/lib/libart.so (art::ClassLinker::InitWithoutImage(std::__1::vector<std::__1::unique_ptr<art::DexFile const, std::__1::default_delete<art::DexFile const> >, std::__1::allocator<std::__1::unique_ptr<art::DexFile const, std::__1::default_delete<art::DexFile const> > > >, std::__1::basic_string<char, std::__1::char_traits<char>, std::__1::allocator<char> >*)+5706)
01-05 06:54:01.435  1087  1087 F DEBUG   :     #11 pc 00317857  /system/lib/libart.so (art::Runtime::Init(art::RuntimeArgumentMap&&)+12342)
01-05 06:54:01.435  1087  1087 F DEBUG   :     #12 pc 003147fb  /system/lib/libart.so (art::Runtime::Create(art::RuntimeArgumentMap&&)+42)
01-05 06:54:01.435  1087  1087 F DEBUG   :     #13 pc 00013165  /system/bin/dex2oat (art::Dex2Oat::CreateRuntime(art::RuntimeArgumentMap&&)+36)
01-05 06:54:01.435  1087  1087 F DEBUG   :     #14 pc 0000b5fb  /system/bin/dex2oat (art::Dex2Oat::Setup()+2442)
01-05 06:54:01.435  1087  1087 F DEBUG   :     #15 pc 000083c9  /system/bin/dex2oat (main+532)
01-05 06:54:01.435  1087  1087 F DEBUG   :     #16 pc 0001709d  /system/lib/libc.so (__libc_init+48)
01-05 06:54:01.435  1087  1087 F DEBUG   :     #17 pc 000080dc  /system/bin/dex2oat (_start+96)
01-05 06:54:01.459   568   568 I dpmd    : type=1400 audit(0.0:93): avc: denied { read } for scontext=u:r:init:s0 tcontext=u:r:init:s0 tclass=netlink_route_socket permissive=1
01-05 06:54:01.471   436   436 D MDnsDS  : MDnsSdListener::Hander starting up
01-05 06:54:01.471   436  1104 D MDnsDS  : MDnsSdListener starting to monitor
01-05 06:54:01.471   436  1104 D MDnsDS  : Going to poll with pollCount 1
01-05 06:54:01.475   437   437 W         : debuggerd: resuming target 873
01-05 06:54:01.475   437   437 E         : debuggerd: failed to send signal 18 to target: No such process
01-05 06:54:01.487   473   473 E art     : Could not create image space with image file '/system/framework/boot.art'. Attempting to fall back to imageless running. Error was: Failed to generate image '/data/dalvik-cache/arm64/system@framework@boot.art': Failed execv(/system/bin/dex2oat --image=/data/dalvik-cache/arm64/system@framework@boot.art --dex-file=/system/framework/core-libart.jar --dex-file=/system/framework/conscrypt.jar --dex-file=/system/framework/okhttp.jar --dex-file=/system/framework/core-junit.jar --dex-file=/system/framework/bouncycastle.jar --dex-file=/system/framework/ext.jar --dex-file=/system/framework/framework.jar --dex-file=/system/framework/telephony-common.jar --dex-file=/system/framework/voip-common.jar --dex-file=/system/framework/ims-common.jar --dex-file=/system/framework/apache-xml.jar --dex-file=/system/framework/org.apache.http.legacy.boot.jar --dex-file=/system/framework/tcmiface.jar --dex-file=/system/framework/qcom.fmradio.jar --dex-file=/system/framework/WfdCommon.jar --dex-file=/system/framework/oem-services.jar -
01-05 06:54:01.487   473   473 E art     : Attempted image: /system/framework/boot.art
01-05 06:54:01.759  1108  1108 I busybox : type=1400 audit(0.0:94): avc: denied { execmem } for scontext=u:r:init:s0 tcontext=u:r:init:s0 tclass=process permissive=1
01-05 06:54:02.052   491   594 I libmdmdetect: ESOC framework not supported
01-05 06:54:02.052   491   594 I libmdmdetect: Found internal modem: modem
01-05 06:54:02.052   491   594 E QMI_FW  : QMUXD: WARNING qmi_qmux_if_pwr_up_init failed! rc=-1
01-05 06:54:02.053   491   594 I libmdmdetect: ESOC framework not supported
01-05 06:54:02.053   491   594 I libmdmdetect: Found internal modem: modem
01-05 06:54:02.053   491   594 E QMI_FW  : QMUXD: WARNING qmi_qmux_if_pwr_up_init failed! rc=-1
01-05 06:54:02.053   491   594 I libmdmdetect: ESOC framework not supported
01-05 06:54:02.053   491   594 I libmdmdetect: Found internal modem: modem
01-05 06:54:02.053   491   594 E QMI_FW  : QMUXD: WARNING qmi_qmux_if_pwr_up_init failed! rc=-1
01-05 06:54:02.054   491   594 I libmdmdetect: ESOC framework not supported
01-05 06:54:02.054   491   594 I libmdmdetect: Found internal modem: modem
01-05 06:54:02.054   491   594 E QMI_FW  : QMUXD: WARNING qmi_qmux_if_pwr_up_init failed! rc=-1
01-05 06:54:02.054   491   594 E QC-time-services: Daemon:genoff_modem_qmi_service_request: qmi_client_get_service_list returned -2num_services 0
01-05 06:54:02.681   473   473 W art     : Skipping non-existent dex file '/system/framework/tcmiface.jar'
01-05 06:54:02.681   473   473 W art     : Skipping non-existent dex file '/system/framework/qcom.fmradio.jar'
01-05 06:54:02.681   473   473 W art     : Skipping non-existent dex file '/system/framework/WfdCommon.jar'
01-05 06:54:02.681   473   473 W art     : Skipping non-existent dex file '/system/framework/oem-services.jar'
01-05 06:54:02.686   473   473 W art     : Skipping non-existent dex file '/system/framework/com.qti.location.sdk.jar'
01-05 06:54:02.686   473   473 W art     : Skipping non-existent dex file '/system/framework/qcmediaplayer.jar'
01-05 06:54:02.689   473   473 E art     : Failed to return pre-allocated NoClassDefFoundError
01-05 06:54:02.689   473   473 F art     : art/runtime/thread.cc:3035] Check failed: new_exception != nullptr 
01-05 06:54:02.707   473   473 F art     : art/runtime/runtime.cc:402] Runtime aborting...
01-05 06:54:02.707   473   473 F art     : art/runtime/runtime.cc:402] Aborting thread:
01-05 06:54:02.707   473   473 F art     : art/runtime/runtime.cc:402] "main" prio=5 tid=1 Runnable (still starting up)
01-05 06:54:02.707   473   473 F art     : art/runtime/runtime.cc:402]   | group="" sCount=0 dsCount=0 obj=0x0 self=0x7f94258a00
01-05 06:54:02.707   473   473 F art     : art/runtime/runtime.cc:402]   | sysTid=473 nice=0 cgrp=default sched=0/0 handle=0x7f97e52a98
01-05 06:54:02.707   473   473 F art     : art/runtime/runtime.cc:402]   | state=R schedstat=( 1771506988 427701102 415 ) utm=162 stm=15 core=1 HZ=100
01-05 06:54:02.707   473   473 F art     : art/runtime/runtime.cc:402]   | stack=0x7ffbcaf000-0x7ffbcb1000 stackSize=8MB
01-05 06:54:02.707   473   473 F art     : art/runtime/runtime.cc:402]   | held mutexes= "abort lock" "mutator lock"(shared held)
01-05 06:54:02.707   473   473 F art     : art/runtime/runtime.cc:402]   native: #00 pc 000000000047582c  /system/lib64/libart.so (art::DumpNativeStack(std::__1::basic_ostream<char, std::__1::char_traits<char> >&, int, BacktraceMap*, char const*, art::ArtMethod*, void*)+220)
01-05 06:54:02.707   473   473 F art     : art/runtime/runtime.cc:402]   native: #01 pc 0000000000475828  /system/lib64/libart.so (art::DumpNativeStack(std::__1::basic_ostream<char, std::__1::char_traits<char> >&, int, BacktraceMap*, char const*, art::ArtMethod*, void*)+216)
01-05 06:54:02.707   473   473 F art     : art/runtime/runtime.cc:402]   native: #02 pc 0000000000449ad8  /system/lib64/libart.so (art::Thread::DumpStack(std::__1::basic_ostream<char, std::__1::char_traits<char> >&, bool, BacktraceMap*) const+480)
01-05 06:54:02.707   473   473 F art     : art/runtime/runtime.cc:402]   native: #03 pc 0000000000437bb4  /system/lib64/libart.so (art::AbortState::DumpThread(std::__1::basic_ostream<char, std::__1::char_traits<char> >&, art::Thread*) const+56)
01-05 06:54:02.707   473   473 F art     : art/runtime/runtime.cc:402]   native: #04 pc 00000000004379d4  /system/lib64/libart.so (art::AbortState::Dump(std::__1::basic_ostream<char, std::__1::char_traits<char> >&) const+576)
01-05 06:54:02.707   473   473 F art     : art/runtime/runtime.cc:402]   native: #05 pc 000000000042b688  /system/lib64/libart.so (art::Runtime::Abort()+144)
01-05 06:54:02.707   473   473 F art     : art/runtime/runtime.cc:402]   native: #06 pc 00000000000e4440  /system/lib64/libart.so (art::LogMessage::~LogMessage()+1208)
01-05 06:54:02.707   473   473 F art     : art/runtime/runtime.cc:402]   native: #07 pc 000000000044d240  /system/lib64/libart.so (art::Thread::SetException(art::mirror::Throwable*)+212)
01-05 06:54:02.707   473   473 F art     : art/runtime/runtime.cc:402]   native: #08 pc 0000000000123a9c  /system/lib64/libart.so (art::ClassLinker::FindClass(art::Thread*, char const*, art::Handle<art::mirror::ClassLoader>)+400)
01-05 06:54:02.707   473   473 F art     : art/runtime/runtime.cc:402]   native: #09 pc 000000000010ce3c  /system/lib64/libart.so (art::ClassLinker::CheckSystemClass(art::Thread*, art::Handle<art::mirror::Class>, char const*)+84)
01-05 06:54:02.707   473   473 F art     : art/runtime/runtime.cc:402]   native: #10 pc 000000000010f190  /system/lib64/libart.so (art::ClassLinker::InitWithoutImage(std::__1::vector<std::__1::unique_ptr<art::DexFile const, std::__1::default_delete<art::DexFile const> >, std::__1::allocator<std::__1::unique_ptr<art::DexFile const, std::__1::default_delete<art::DexFile const> > > >, std::__1::basic_string<char, std::__1::char_traits<char>, std::__1::allocator<char> >*)+7108)
01-05 06:54:02.707   473   473 F art     : art/runtime/runtime.cc:402]   native: #11 pc 00000000004301bc  /system/lib64/libart.so (art::Runtime::Init(art::RuntimeArgumentMap&&)+17172)
01-05 06:54:02.707   473   473 F art     : art/runtime/runtime.cc:402]   native: #12 pc 0000000000430d1c  /system/lib64/libart.so (art::Runtime::Create(std::__1::vector<std::__1::pair<std::__1::basic_string<char, std::__1::char_traits<char>, std::__1::allocator<char> >, void const*>, std::__1::allocator<std::__1::pair<std::__1::basic_string<char, std::__1::char_traits<char>, std::__1::allocator<char> >, void const*> > > const&, bool)+112)
01-05 06:54:02.707   473   473 F art     : art/runtime/runtime.cc:402]   native: #13 pc 00000000002f0d2c  /system/lib64/libart.so (JNI_CreateJavaVM+496)
01-05 06:54:02.707   473   473 F art     : art/runtime/runtime.cc:402]   native: #14 pc 0000000000096a10  /system/lib64/libandroid_runtime.so (android::AndroidRuntime::startVm(_JavaVM**, _JNIEnv**, bool)+4940)
01-05 06:54:02.707   473   473 F art     : art/runtime/runtime.cc:402]   native: #15 pc 0000000000096e38  /system/lib64/libandroid_runtime.so (android::AndroidRuntime::start(char const*, android::Vector<android::String8> const&, bool)+448)
01-05 06:54:02.707   473   473 F art     : art/runtime/runtime.cc:402]   native: #16 pc 000000000000225c  /system/bin/app_process64 (???)
01-05 06:54:02.707   473   473 F art     : art/runtime/runtime.cc:402]   native: #17 pc 000000000001aa54  /system/lib64/libc.so (__libc_init+88)
01-05 06:54:02.707   473   473 F art     : art/runtime/runtime.cc:402]   native: #18 pc 0000000000001cc8  /system/bin/app_process64 (???)
01-05 06:54:02.707   473   473 F art     : art/runtime/runtime.cc:402]   (no managed stack frames)
01-05 06:54:02.707   473   473 F art     : art/runtime/runtime.cc:402] Dumping all threads without appropriate locks held: thread list lock
01-05 06:54:02.707   473   473 F art     : art/runtime/runtime.cc:402] All threads:
01-05 06:54:02.707   473   473 F art     : art/runtime/runtime.cc:402] DALVIK THREADS (1):
01-05 06:54:02.707   473   473 F art     : art/runtime/runtime.cc:402] "main" prio=5 tid=1 Runnable (still starting up)
01-05 06:54:02.707   473   473 F art     : art/runtime/runtime.cc:402]   | group="" sCount=0 dsCount=0 obj=0x0 self=0x7f94258a00
01-05 06:54:02.707   473   473 F art     : art/runtime/runtime.cc:402]   | sysTid=473 nice=0 cgrp=default sched=0/0 handle=0x7f97e52a98
01-05 06:54:02.708   473   473 F art     : art/runtime/runtime.cc:402]   | state=R schedstat=( 1777980686 427751102 416 ) utm=162 stm=15 core=1 HZ=100
01-05 06:54:02.708   473   473 F art     : art/runtime/runtime.cc:402]   | stack=0x7ffbcaf000-0x7ffbcb1000 stackSize=8MB
01-05 06:54:02.708   473   473 F art     : art/runtime/runtime.cc:402]   | held mutexes= "abort lock" "mutator lock"(shared held)
01-05 06:54:02.708   473   473 F art     : art/runtime/runtime.cc:402]   native: #00 pc 000000000047582c  /system/lib64/libart.so (art::DumpNativeStack(std::__1::basic_ostream<char, std::__1::char_traits<char> >&, int, BacktraceMap*, char const*, art::ArtMethod*, void*)+220)
01-05 06:54:02.708   473   473 F art     : art/runtime/runtime.cc:402]   native: #01 pc 0000000000475828  /system/lib64/libart.so (art::DumpNativeStack(std::__1::basic_ostream<char, std::__1::char_traits<char> >&, int, BacktraceMap*, char const*, art::ArtMethod*, void*)+216)
01-05 06:54:02.708   473   473 F art     : art/runtime/runtime.cc:402]   native: #02 pc 0000000000449ad8  /system/lib64/libart.so (art::Thread::DumpStack(std::__1::basic_ostream<char, std::__1::char_traits<char> >&, bool, BacktraceMap*) const+480)
01-05 06:54:02.708   473   473 F art     : art/runtime/runtime.cc:402]   native: #03 pc 0000000000461518  /system/lib64/libart.so (art::DumpCheckpoint::Run(art::Thread*)+832)
01-05 06:54:02.708   473   473 F art     : art/runtime/runtime.cc:402]   native: #04 pc 0000000000459700  /system/lib64/libart.so (art::ThreadList::RunCheckpoint(art::Closure*)+476)
01-05 06:54:02.708   473   473 F art     : art/runtime/runtime.cc:402]   native: #05 pc 00000000004591fc  /system/lib64/libart.so (art::ThreadList::Dump(std::__1::basic_ostream<char, std::__1::char_traits<char> >&, bool)+288)
01-05 06:54:02.708   473   473 F art     : art/runtime/runtime.cc:402]   native: #06 pc 00000000004379e4  /system/lib64/libart.so (art::AbortState::Dump(std::__1::basic_ostream<char, std::__1::char_traits<char> >&) const+592)
01-05 06:54:02.708   473   473 F art     : art/runtime/runtime.cc:402]   native: #07 pc 000000000042b688  /system/lib64/libart.so (art::Runtime::Abort()+144)
01-05 06:54:02.708   473   473 F art     : art/runtime/runtime.cc:402]   native: #08 pc 00000000000e4440  /system/lib64/libart.so (art::LogMessage::~LogMessage()+1208)
01-05 06:54:02.708   473   473 F art     : art/runtime/runtime.cc:402]   native: #09 pc 000000000044d240  /system/lib64/libart.so (art::Thread::SetException(art::mirror::Throwable*)+212)
01-05 06:54:02.708   473   473 F art     : art/runtime/runtime.cc:402]   native: #10 pc 0000000000123a9c  /system/lib64/libart.so (art::ClassLinker::FindClass(art::Thread*, char const*, art::Handle<art::mirror::ClassLoader>)+400)
01-05 06:54:02.708   473   473 F art     : art/runtime/runtime.cc:402]   native: #11 pc 000000000010ce3c  /system/lib64/libart.so (art::ClassLinker::CheckSystemClass(art::Thread*, art::Handle<art::mirror::Class>, char const*)+84)
01-05 06:54:02.708   473   473 F art     : art/runtime/runtime.cc:402]   native: #12 pc 000000000010f190  /system/lib64/libart.so (art::ClassLinker::InitWithoutImage(std::__1::vector<std::__1::unique_ptr<art::DexFile const, std::__1::default_delete<art::DexFile const> >, std::__1::allocator<std::__1::unique_ptr<art::DexFile const, std::__1::default_delete<art::DexFile const> > > >, std::__1::basic_string<char, std::__1::char_traits<char>, std::__1::allocator<char> >*)+7108)
01-05 06:54:02.708   473   473 F art     : art/runtime/runtime.cc:402]   native: #13 pc 00000000004301bc  /system/lib64/libart.so (art::Runtime::Init(art::RuntimeArgumentMap&&)+17172)
01-05 06:54:02.708   473   473 F art     : art/runtime/runtime.cc:402]   native: #14 pc 0000000000430d1c  /system/lib64/libart.so (art::Runtime::Create(std::__1::vector<std::__1::pair<std::__1::basic_string<char, std::__1::char_traits<char>, std::__1::allocator<char> >, void const*>, std::__1::allocator<std::__1::pair<std::__1::basic_string<char, std::__1::char_traits<char>, std::__1::allocator<char> >, void const*> > > const&, bool)+112)
01-05 06:54:02.708   473   473 F art     : art/runtime/runtime.cc:402]   native: #15 pc 00000000002f0d2c  /system/lib64/libart.so (JNI_CreateJavaVM+496)
