01-05 06:54:17.481  1480  1480 F art     : art/runtime/runtime.cc:402]   native: #11 pc 003180e3  /system/lib/libart.so (art::Runtime::Create(std::__1::vector<std::__1::pair<std::__1::basic_string<char, std::__1::char_traits<char>, std::__1::allocator<char> >, void const*>, std::__1::allocator<std::__1::pair<std::__1::basic_string<char, std::__1::char_traits<char>, std::__1::allocator<char> >, void const*> > > const&, bool)+66)
01-05 06:54:17.481  1480  1480 F art     : art/runtime/runtime.cc:402]   native: #12 pc 00239da5  /system/lib/libart.so (JNI_CreateJavaVM+388)
01-05 06:54:17.481  1480  1480 F art     : art/runtime/runtime.cc:402]   native: #13 pc 00060655  /system/lib/libandroid_runtime.so (android::AndroidRuntime::startVm(_JavaVM**, _JNIEnv**, bool)+2604)
01-05 06:54:17.481  1480  1480 F art     : art/runtime/runtime.cc:402]   native: #14 pc 00060b3d  /system/lib/libandroid_runtime.so (android::AndroidRuntime::start(char const*, android::Vector<android::String8> const&, bool)+284)
01-05 06:54:17.481  1480  1480 F art     : art/runtime/runtime.cc:402]   native: #15 pc 00001947  /system/bin/app_process32 (???)
01-05 06:54:17.481  1480  1480 F art     : art/runtime/runtime.cc:402]   native: #16 pc 0001709d  /system/lib/libc.so (__libc_init+48)
01-05 06:54:17.481  1480  1480 F art     : art/runtime/runtime.cc:402]   native: #17 pc 00001564  /system/bin/app_process32 (???)
01-05 06:54:17.481  1480  1480 F art     : art/runtime/runtime.cc:402]   (no managed stack frames)
01-05 06:54:17.481  1480  1480 F art     : art/runtime/runtime.cc:402] Dumping all threads without appropriate locks held: thread list lock
01-05 06:54:17.481  1480  1480 F art     : art/runtime/runtime.cc:402] All threads:
01-05 06:54:17.481  1480  1480 F art     : art/runtime/runtime.cc:402] DALVIK THREADS (1):
01-05 06:54:17.481  1480  1480 F art     : art/runtime/runtime.cc:402] "main" prio=5 tid=1 Runnable (still starting up)
01-05 06:54:17.481  1480  1480 F art     : art/runtime/runtime.cc:402]   | group="" sCount=0 dsCount=0 obj=0x0 self=0xf4c04f00
01-05 06:54:17.481  1480  1480 F art     : art/runtime/runtime.cc:402]   | sysTid=1480 nice=0 cgrp=default sched=0/0 handle=0xf7693534
01-05 06:54:17.481  1480  1480 F art     : art/runtime/runtime.cc:402]   | state=R schedstat=( 2015024855 140543392 79 ) utm=195 stm=6 core=2 HZ=100
01-05 06:54:17.481  1480  1480 F art     : art/runtime/runtime.cc:402]   | stack=0xff35c000-0xff35e000 stackSize=8MB
01-05 06:54:17.481  1480  1480 F art     : art/runtime/runtime.cc:402]   | held mutexes= "abort lock" "mutator lock"(shared held)
01-05 06:54:17.481  1480  1480 F art     : art/runtime/runtime.cc:402]   native: #00 pc 00349961  /system/lib/libart.so (art::DumpNativeStack(std::__1::basic_ostream<char, std::__1::char_traits<char> >&, int, BacktraceMap*, char const*, art::ArtMethod*, void*)+128)
01-05 06:54:17.481  1480  1480 F art     : art/runtime/runtime.cc:402]   native: #01 pc 0032a261  /system/lib/libart.so (art::Thread::DumpStack(std::__1::basic_ostream<char, std::__1::char_traits<char> >&, bool, BacktraceMap*) const+308)
01-05 06:54:17.481  1480  1480 F art     : art/runtime/runtime.cc:402]   native: #02 pc 0033c181  /system/lib/libart.so (art::DumpCheckpoint::Run(art::Thread*)+620)
01-05 06:54:17.481  1480  1480 F art     : art/runtime/runtime.cc:402]   native: #03 pc 0033618b  /system/lib/libart.so (art::ThreadList::RunCheckpoint(art::Closure*)+330)
01-05 06:54:17.481  1480  1480 F art     : art/runtime/runtime.cc:402]   native: #04 pc 00335df1  /system/lib/libart.so (art::ThreadList::Dump(std::__1::basic_ostream<char, std::__1::char_traits<char> >&, bool)+180)
01-05 06:54:17.481  1480  1480 F art     : art/runtime/runtime.cc:402]   native: #05 pc 0031d255  /system/lib/libart.so (art::AbortState::Dump(std::__1::basic_ostream<char, std::__1::char_traits<char> >&) const+372)
01-05 06:54:17.481  1480  1480 F art     : art/runtime/runtime.cc:402]   native: #06 pc 003141cb  /system/lib/libart.so (art::Runtime::Abort()+90)
01-05 06:54:17.482  1480  1480 F art     : art/runtime/runtime.cc:402]   native: #07 pc 000b3ff9  /system/lib/libart.so (art::LogMessage::~LogMessage()+864)
01-05 06:54:17.482  1480  1480 F art     : art/runtime/runtime.cc:402]   native: #08 pc 0032cceb  /system/lib/libart.so (art::Thread::SetException(art::mirror::Throwable*)+134)
01-05 06:54:17.482  1480  1480 F art     : art/runtime/runtime.cc:402]   native: #09 pc 000e3e37  /system/lib/libart.so (art::ClassLinker::FindClass(art::Thread*, char const*, art::Handle<art::mirror::ClassLoader>)+582)
01-05 06:54:17.482  1480  1480 F art     : art/runtime/runtime.cc:402]   native: #10 pc 000d27d1  /system/lib/libart.so (art::ClassLinker::CheckSystemClass(art::Thread*, art::Handle<art::mirror::Class>, char const*)+44)
01-05 06:54:17.482  1480  1480 F art     : art/runtime/runtime.cc:402]   native: #11 pc 000d43df  /system/lib/libart.so (art::ClassLinker::InitWithoutImage(std::__1::vector<std::__1::unique_ptr<art::DexFile const, std::__1::default_delete<art::DexFile const> >, std::__1::allocator<std::__1::unique_ptr<art::DexFile const, std::__1::default_delete<art::DexFile const> > > >, std::__1::basic_string<char, std::__1::char_traits<char>, std::__1::allocator<char> >*)+5706)
01-05 06:54:17.482  1480  1480 F art     : art/runtime/runtime.cc:402]   native: #12 pc 00317857  /system/lib/libart.so (art::Runtime::Init(art::RuntimeArgumentMap&&)+12342)
01-05 06:54:17.482  1480  1480 F art     : art/runtime/runtime.cc:402]   native: #13 pc 003180e3  /system/lib/libart.so (art::Runtime::Create(std::__1::vector<std::__1::pair<std::__1::basic_string<char, std::__1::char_traits<char>, std::__1::allocator<char> >, void const*>, std::__1::allocator<std::__1::pair<std::__1::basic_string<char, std::__1::char_traits<char>, std::__1::allocator<char> >, void const*> > > const&, bool)+66)
01-05 06:54:17.482  1480  1480 F art     : art/runtime/runtime.cc:402]   native: #14 pc 00239da5  /system/lib/libart.so (JNI_CreateJavaVM+388)
01-05 06:54:17.482  1480  1480 F art     : art/runtime/runtime.cc:402]   native: #15 pc 00060655  /system/lib/libandroid_runtime.so (android::AndroidRuntime::startVm(_JavaVM**, _JNIEnv**, bool)+2604)
01-05 06:54:17.482  1480  1480 F art     : art/runtime/runtime.cc:402]   native: #16 pc 00060b3d  /system/lib/libandroid_runtime.so (android::AndroidRuntime::start(char const*, android::Vector<android::String8> const&, bool)+284)
01-05 06:54:17.482  1480  1480 F art     : art/runtime/runtime.cc:402]   native: #17 pc 00001947  /system/bin/app_process32 (???)
01-05 06:54:17.482  1480  1480 F art     : art/runtime/runtime.cc:402]   native: #18 pc 0001709d  /system/lib/libc.so (__libc_init+48)
01-05 06:54:17.482  1480  1480 F art     : art/runtime/runtime.cc:402]   native: #19 pc 00001564  /system/bin/app_process32 (???)
01-05 06:54:17.482  1480  1480 F art     : art/runtime/runtime.cc:402]   (no managed stack frames)
01-05 06:54:17.482  1480  1480 F art     : art/runtime/runtime.cc:402] 
01-05 06:54:17.482  1480  1480 F art     : art/runtime/runtime.cc:402] 
01-05 06:54:17.482  1480  1480 F libc    : Fatal signal 6 (SIGABRT), code -6 in tid 1480 (main)
01-05 06:54:17.482   437   437 W         : debuggerd: handling request: pid=1480 uid=0 gid=0 tid=1480
01-05 06:54:17.489  1784  1784 E         : debuggerd: Unable to connect to activity manager (connect failed: No such file or directory)
01-05 06:54:17.540  1784  1784 F DEBUG   : *** *** *** *** *** *** *** *** *** *** *** *** *** *** *** ***
01-05 06:54:17.540  1784  1784 F DEBUG   : Build fingerprint: 'Oneplus/aosp_oneplus2/oneplus2:6.0.1/MASTER/kar06231000:eng/test-keys'
01-05 06:54:17.540  1784  1784 F DEBUG   : Revision: '0'
01-05 06:54:17.540  1784  1784 F DEBUG   : ABI: 'arm'
01-05 06:54:17.540  1784  1784 F DEBUG   : pid: 1480, tid: 1480, name: main  >>> zygote <<<
01-05 06:54:17.540  1784  1784 F DEBUG   : signal 6 (SIGABRT), code -6 (SI_TKILL), fault addr --------
01-05 06:54:17.543  1784  1784 F DEBUG   : Abort message: 'art/runtime/thread.cc:3035] Check failed: new_exception != nullptr '
01-05 06:54:17.543  1784  1784 F DEBUG   :     r0 00000000  r1 000005c8  r2 00000006  r3 00000008
01-05 06:54:17.543  1784  1784 F DEBUG   :     r4 f769358c  r5 00000006  r6 f7693534  r7 0000010c
01-05 06:54:17.543  1784  1784 F DEBUG   :     r8 f4c04f00  r9 f4c41140  sl f4c41140  fp 5f790d9c
01-05 06:54:17.543  1784  1784 F DEBUG   :     ip 00000002  sp ffb57250  lr f6bfb97b  pc f6bfe318  cpsr 20010010
01-05 06:54:17.584  1784  1784 F DEBUG   : 
01-05 06:54:17.584  1784  1784 F DEBUG   : backtrace:
01-05 06:54:17.584  1784  1784 F DEBUG   :     #00 pc 0004b318  /system/lib/libc.so (tgkill+12)
01-05 06:54:17.584  1784  1784 F DEBUG   :     #01 pc 00048977  /system/lib/libc.so (pthread_kill+34)
01-05 06:54:17.584  1784  1784 F DEBUG   :     #02 pc 0001f4e9  /system/lib/libc.so (raise+10)
01-05 06:54:17.584  1784  1784 F DEBUG   :     #03 pc 000197d1  /system/lib/libc.so (__libc_android_abort+34)
01-05 06:54:17.584  1784  1784 F DEBUG   :     #04 pc 00017484  /system/lib/libc.so (abort+4)
01-05 06:54:17.584  1784  1784 F DEBUG   :     #05 pc 0031426d  /system/lib/libart.so (art::Runtime::Abort()+252)
01-05 06:54:17.584  1784  1784 F DEBUG   :     #06 pc 000b3ff9  /system/lib/libart.so (art::LogMessage::~LogMessage()+864)
01-05 06:54:17.584  1784  1784 F DEBUG   :     #07 pc 0032cceb  /system/lib/libart.so (art::Thread::SetException(art::mirror::Throwable*)+134)
01-05 06:54:17.584  1784  1784 F DEBUG   :     #08 pc 000e3e37  /system/lib/libart.so (art::ClassLinker::FindClass(art::Thread*, char const*, art::Handle<art::mirror::ClassLoader>)+582)
01-05 06:54:17.584  1784  1784 F DEBUG   :     #09 pc 000d27d1  /system/lib/libart.so (art::ClassLinker::CheckSystemClass(art::Thread*, art::Handle<art::mirror::Class>, char const*)+44)
01-05 06:54:17.584  1784  1784 F DEBUG   :     #10 pc 000d43df  /system/lib/libart.so (art::ClassLinker::InitWithoutImage(std::__1::vector<std::__1::unique_ptr<art::DexFile const, std::__1::default_delete<art::DexFile const> >, std::__1::allocator<std::__1::unique_ptr<art::DexFile const, std::__1::default_delete<art::DexFile const> > > >, std::__1::basic_string<char, std::__1::char_traits<char>, std::__1::allocator<char> >*)+5706)
01-05 06:54:17.584  1784  1784 F DEBUG   :     #11 pc 00317857  /system/lib/libart.so (art::Runtime::Init(art::RuntimeArgumentMap&&)+12342)
01-05 06:54:17.584  1784  1784 F DEBUG   :     #12 pc 003180e3  /system/lib/libart.so (art::Runtime::Create(std::__1::vector<std::__1::pair<std::__1::basic_string<char, std::__1::char_traits<char>, std::__1::allocator<char> >, void const*>, std::__1::allocator<std::__1::pair<std::__1::basic_string<char, std::__1::char_traits<char>, std::__1::allocator<char> >, void const*> > > const&, bool)+66)
01-05 06:54:17.584  1784  1784 F DEBUG   :     #13 pc 00239da5  /system/lib/libart.so (JNI_CreateJavaVM+388)
01-05 06:54:17.584  1784  1784 F DEBUG   :     #14 pc 00060655  /system/lib/libandroid_runtime.so (android::AndroidRuntime::startVm(_JavaVM**, _JNIEnv**, bool)+2604)
01-05 06:54:17.584  1784  1784 F DEBUG   :     #15 pc 00060b3d  /system/lib/libandroid_runtime.so (android::AndroidRuntime::start(char const*, android::Vector<android::String8> const&, bool)+284)
01-05 06:54:17.584  1784  1784 F DEBUG   :     #16 pc 00001947  /system/bin/app_process32 (main+778)
01-05 06:54:17.584  1784  1784 F DEBUG   :     #17 pc 0001709d  /system/lib/libc.so (__libc_init+48)
01-05 06:54:17.585  1784  1784 F DEBUG   :     #18 pc 00001564  /system/bin/app_process32 (_start+96)
01-05 06:54:17.638   437   437 W         : debuggerd: resuming target 1480
01-05 06:54:17.797  1789  1789 I Netd    : Netd 1.0 starting
01-05 06:54:17.797  1789  1789 D TetherController: Setting IP forward enable = 0
01-05 06:54:17.971  1791  1791 I mediaserver: ServiceManager: 0xf5b9d120
01-05 06:54:17.971  1791  1791 I AudioFlinger: Using 300 mSec as standby time.
01-05 06:54:17.971  1791  1791 E         : batterystats service unavailable!
01-05 06:54:17.971  1791  1791 E         : batterystats service unavailable!
01-05 06:54:17.972  1791  1791 I CameraService: CameraService started (pid=1791)
01-05 06:54:17.972  1791  1791 I CameraService: CameraService process starting
01-05 06:54:17.972  1791  1791 E         : batterystats service unavailable!
01-05 06:54:17.972  1791  1791 E         : batterystats service unavailable!
01-05 06:54:17.983  1791  1791 E HAL     : load: module=/system/lib/hw/camera.msm8994.so
01-05 06:54:17.983  1791  1791 E HAL     : dlopen failed: cannot locate symbol "_ZN7android16CameraParameters12KEY_APP_MASKE" referenced by "/system/lib/hw/camera.msm8994.so"...
01-05 06:54:17.983  1791  1791 E CameraService: Could not load camera HAL module: -22 (Invalid argument)
01-05 06:54:17.984  1791  1791 I AudioPolicyService: AudioPolicyService CSTOR in new mode
01-05 06:54:17.985  1791  1791 W APM::Devices: DeviceVector::add device 80000040 already in
01-05 06:54:17.985  1791  1791 I APM::ConfigParsingUtils: loadAudioPolicyConfig() loaded /system/etc/audio_policy.conf
01-05 06:54:17.987  1791  1791 D audio_hw_primary: adev_open: enter
01-05 06:54:17.988  1791  1791 E platform_info: device tag only supported for acdb/backend names
01-05 06:54:18.012  1791  1791 D msm8974_platform: platform_init: snd_card_name: msm8994-tomtom-mtp-snd-card
01-05 06:54:18.101  1791  1791 E audio_route: Control 'MultiMedia4 Mixer MI2S_TX' doesn't exist - skipping
01-05 06:54:18.102  1791  1791 E audio_route: Control 'MultiMedia7 Mixer MI2S_TX' doesn't exist - skipping
01-05 06:54:18.102  1791  1791 E audio_route: Control 'MultiMedia10 Mixer MI2S_TX' doesn't exist - skipping
01-05 06:54:18.102  1791  1791 E audio_route: Control 'MultiMedia11 Mixer MI2S_TX' doesn't exist - skipping
01-05 06:54:18.102  1791  1791 E audio_route: Control 'MultiMedia12 Mixer MI2S_TX' doesn't exist - skipping
01-05 06:54:18.102  1791  1791 E audio_route: Control 'MultiMedia13 Mixer MI2S_TX' doesn't exist - skipping
01-05 06:54:18.102  1791  1791 E audio_route: Control 'MultiMedia14 Mixer MI2S_TX' doesn't exist - skipping
01-05 06:54:18.102  1791  1791 E audio_route: Control 'MultiMedia15 Mixer MI2S_TX' doesn't exist - skipping
01-05 06:54:18.102  1791  1791 E audio_route: Control 'MultiMedia16 Mixer MI2S_TX' doesn't exist - skipping
01-05 06:54:18.106  1791  1791 E audio_route: Control 'RX4 DSM MUX' doesn't exist - skipping
01-05 06:54:18.107  1791  1791 E audio_route: Control 'RX6 DSM MUX' doesn't exist - skipping
01-05 06:54:18.107  1791  1791 E audio_route: Control 'AFE_PCM_RX Port Mixer PRI_MI2S_TX' doesn't exist - skipping
01-05 06:54:18.109  1791  1791 E audio_route: Control 'SLIMBUS_0_RX Audio Mixer MultiMedia3' already exists in path 'audio-ull-playback speaker-and-headphones'
01-05 06:54:18.113  1791  1791 E audio_route: Control 'MultiMedia8 Mixer SEC_AUX_PCM_UL_TX' doesn't exist - skipping
01-05 06:54:18.113  1791  1791 E audio_route: Control 'MultiMedia5 Mixer SEC_AUX_PCM_UL_TX' doesn't exist - skipping
01-05 06:54:18.113  1791  1791 E audio_route: Control 'MultiMedia5 Mixer PRI_MI2S_TX' doesn't exist - skipping
01-05 06:54:18.121  1791  1791 E audio_route: Control 'AIF1_CAP Mixer SLIM TX7' already exists in path 'handset-mic-ext-db'
01-05 06:54:18.132  1791  1791 D msm8974_platform: platform_init: Opened sound card:0
01-05 06:54:18.135  1791  1791 D ACDB-LOADER: ACDB -> Load file: /etc/acdbdata/MTP/MTP_Bluetooth_cal.acdb
01-05 06:54:18.135  1791  1791 D ACDB-LOADER: ACDB -> Load file: /etc/acdbdata/MTP/MTP_General_cal.acdb
01-05 06:54:18.135  1791  1791 D ACDB-LOADER: ACDB -> Load file: /etc/acdbdata/MTP/MTP_Global_cal.acdb
01-05 06:54:18.135  1791  1791 D ACDB-LOADER: ACDB -> Load file: /etc/acdbdata/MTP/MTP_Handset_cal.acdb
01-05 06:54:18.135  1791  1791 D ACDB-LOADER: ACDB -> Load file: /etc/acdbdata/MTP/MTP_Hdmi_cal.acdb
01-05 06:54:18.135  1791  1791 D ACDB-LOADER: ACDB -> Load file: /etc/acdbdata/MTP/MTP_Headset_cal.acdb
01-05 06:54:18.135  1791  1791 D ACDB-LOADER: ACDB -> Load file: /etc/acdbdata/MTP/MTP_Speaker_cal.acdb
01-05 06:54:18.135  1791  1791 D ACDB-LOADER: ACDB -> ACDB_CMD_INITIALIZE_V2
01-05 06:54:18.135  1791  1791 D         : [ACDB Command]->SW Minor/Major/Revision version info for /etc/acdbdata/MTP/MTP_Bluetooth_cal.acdb
01-05 06:54:18.135  1791  1791 D         : [ACDB Command]->ACDB Sw Major = 5, ACDB Sw Minor = 0, ACDB Sw Revision = 4
01-05 06:54:18.135  1791  1791 D         : [ACDB Command]->ACDB File Major = 4, ACDB File Minor = 2, ACDB File Revision = 1
01-05 06:54:18.136  1791  1791 D         : [ACDB Command]->SW Minor/Major/Revision version info for /etc/acdbdata/MTP/MTP_General_cal.acdb
01-05 06:54:18.136  1791  1791 D         : [ACDB Command]->ACDB Sw Major = 5, ACDB Sw Minor = 0, ACDB Sw Revision = 4
01-05 06:54:18.136  1791  1791 D         : [ACDB Command]->ACDB File Major = 4, ACDB File Minor = 2, ACDB File Revision = 1
01-05 06:54:18.146  1791  1791 D         : [ACDB Command]->SW Minor/Major/Revision version info for /etc/acdbdata/MTP/MTP_Global_cal.acdb
01-05 06:54:18.146  1791  1791 D         : [ACDB Command]->ACDB Sw Major = 5, ACDB Sw Minor = 0, ACDB Sw Revision = 4
01-05 06:54:18.146  1791  1791 D         : [ACDB Command]->ACDB File Major = 4, ACDB File Minor = 2, ACDB File Revision = 1
01-05 06:54:18.147  1791  1791 D         : [ACDB Command]->SW Minor/Major/Revision version info for /etc/acdbdata/MTP/MTP_Handset_cal.acdb
01-05 06:54:18.147  1791  1791 D         : [ACDB Command]->ACDB Sw Major = 5, ACDB Sw Minor = 0, ACDB Sw Revision = 4
01-05 06:54:18.147  1791  1791 D         : [ACDB Command]->ACDB File Major = 4, ACDB File Minor = 2, ACDB File Revision = 1
01-05 06:54:18.147  1791  1791 D         : [ACDB Command]->SW Minor/Major/Revision version info for /etc/acdbdata/MTP/MTP_Hdmi_cal.acdb
01-05 06:54:18.147  1791  1791 D         : [ACDB Command]->ACDB Sw Major = 5, ACDB Sw Minor = 0, ACDB Sw Revision = 4
01-05 06:54:18.147  1791  1791 D         : [ACDB Command]->ACDB File Major = 4, ACDB File Minor = 2, ACDB File Revision = 1
01-05 06:54:18.147  1791  1791 D         : [ACDB Command]->SW Minor/Major/Revision version info for /etc/acdbdata/MTP/MTP_Headset_cal.acdb
01-05 06:54:18.147  1791  1791 D         : [ACDB Command]->ACDB Sw Major = 5, ACDB Sw Minor = 0, ACDB Sw Revision = 4
01-05 06:54:18.147  1791  1791 D         : [ACDB Command]->ACDB File Major = 4, ACDB File Minor = 2, ACDB File Revision = 1
01-05 06:54:18.148  1791  1791 D         : [ACDB Command]->SW Minor/Major/Revision version info for /etc/acdbdata/MTP/MTP_Speaker_cal.acdb
01-05 06:54:18.148  1791  1791 D         : [ACDB Command]->ACDB Sw Major = 5, ACDB Sw Minor = 0, ACDB Sw Revision = 4
01-05 06:54:18.148  1791  1791 D         : [ACDB Command]->ACDB File Major = 4, ACDB File Minor = 2, ACDB File Revision = 1
01-05 06:54:18.148  1791  1791 D ACDB-LOADER: ACDB -> ACPH INIT
01-05 06:54:18.148  1791  1791 D         : [ACPH]->Online service registered with ACPH
01-05 06:54:18.148  1791  1791 E Diag_Lib: diag diag_get_max_file_size size=200,max_file_size=209715200,min_file_size=167772160
01-05 06:54:18.150  1791  1791 D         : [ACPH]->ACPH init success
01-05 06:54:18.150  1791  1791 D ACDB-LOADER: ACDB -> RTAC INIT
01-05 06:54:18.150  1791  1791 D         : [ACPH]->DSP RTC service registered with ACPH
01-05 06:54:18.150  1791  1791 D ACDB-LOADER: ACDB -> MCS, FTS INIT
01-05 06:54:18.150  1791  1791 D         : [ACPH]->MCS RTC service registered with ACPH
01-05 06:54:18.150  1791  1791 D         : [ACPH]->FTS RTC service registered with ACPH
01-05 06:54:18.150  1791  1791 D ACDB-LOADER: ACDB -> ADIE RTAC INIT
01-05 06:54:18.150  1791  1791 D         : [ACPH]->ADIE RTC service registered with ACPH
01-05 06:54:18.150  1791  1791 D ACDB-LOADER: ACDB -> ACDB_CMD_GET_VOC_PROC_DYNAMIC_TABLE_SIZE
01-05 06:54:18.150  1791  1791 D         : Invalid AV file. It doesnt contain LUT for tblid 00000017 
01-05 06:54:18.150  1791  1791 D         : Failed to fetch the Table in ACDB files Table-ID 00000017 
01-05 06:54:18.150  1791  1791 D ACDB-LOADER: ACDB -> send_meta_info, lic 1253003e
01-05 06:54:18.150  1791  1791 D         : Couldnt find the key 1253003E 
01-05 06:54:18.150  1791  1791 D         : Output from GetMetaInfoSize command : 0
01-05 06:54:18.154  1791  1791 D ACDB-LOADER: ACDB -> send_adm_custom_topology
01-05 06:54:18.154  1791  1791 D ACDB-LOADER: ACDB -> ACDB_CMD_GET_AUDIO_COPP_TOPOLOGIES
01-05 06:54:18.154  1791  1791 D ACDB-LOADER: ACDB -> AUDIO_SET_ADM_CUSTOM_TOPOLOGY
01-05 06:54:18.154  1791  1791 D ACDB-LOADER: ACDB -> send_asm_custom_topology
01-05 06:54:18.154  1791  1791 D ACDB-LOADER: ACDB -> ACDB_CMD_GET_AUDIO_POPP_TOPOLOGIES
01-05 06:54:18.154  1791  1791 D ACDB-LOADER: ACDB -> AUDIO_SET_ASM_CUSTOM_TOPOLOGY
01-05 06:54:18.154  1791  1791 D ACDB-LOADER: ACDB -> send_meta_info Enter
01-05 06:54:18.154  1791  1791 E ACDB-LOADER: Fail to allocate memory for metainfo
01-05 06:54:18.154  1791  1791 D ACDB-LOADER: ACDB -> send_meta_info failed
01-05 06:54:18.154  1791  1791 D ACDB-LOADER: ACDB -> init done!
01-05 06:54:18.154  1791  1791 D hardware_cal: hw_util_open: Opening device /dev/snd/hwC0D1000
01-05 06:54:18.154  1791  1791 D hardware_cal: hw_util_open: success
01-05 06:54:18.154  1791  1791 D ACDB-LOADER: ACDB -> ACDB_CMD_GET_ANC_SETTING
01-05 06:54:18.154  1791  1791 D ACDB-LOADER: ACDB -> ACDB_CMD_GET_ANC_SETTING
01-05 06:54:18.155  1791  1791 D ACDB-LOADER: ACDB -> ACDB_CMD_GET_ANC_SETTING
01-05 06:54:18.155  1791  1791 D ACDB-LOADER: ACDB -> ACDB_CMD_GET_ANC_SETTING
01-05 06:54:18.155  1791  1791 D ACDB-LOADER: ACDB -> ACDB_CMD_GET_ANC_SETTING
01-05 06:54:18.155  1791  1791 D ACDB-LOADER: ACDB -> ACDB_CMD_GET_ANC_SETTING
01-05 06:54:18.155  1791  1791 D ACDB-LOADER: ACDB -> ACDB_CMD_GET_ANC_SETTING
01-05 06:54:18.155  1791  1791 D ACDB-LOADER: ACDB -> ACDB_CMD_GET_ANC_SETTING
01-05 06:54:18.155  1791  1791 D ACDB-LOADER: ACDB -> ACDB_CMD_GET_ANC_SETTING
01-05 06:54:18.155  1791  1791 D hardware_cal: send_codec_cal cal sent for anc_cal
01-05 06:54:18.155  1791  1791 E ACDB-LOADER: ACDB -> send_codec_cal
01-05 06:54:18.155  1791  1791 E ACDB-LOADER: ACDB -> ACDB_CMD_GET_CODEC_CAL_DATA
01-05 06:54:18.155  1791  1791 D hardware_cal: send_codec_cal cal sent for mad_cal
01-05 06:54:18.155  1791  1791 D ACDB-LOADER: send mbhc data
01-05 06:54:18.155  1791  1791 D ACDB-LOADER: ACDB -> MBHC ACDB_PID_GENERAL_CONFIG
01-05 06:54:18.155  1791  1791 D ACDB-LOADER: ACDB -> MBHC ACDB_PID_PLUG_REMOVAL_DETECTION
01-05 06:54:18.155  1791  1791 D ACDB-LOADER: ACDB -> MBHC ACDB_PID_PLUG_TYPE_DETECTION
01-05 06:54:18.155  1791  1791 D ACDB-LOADER: ACDB -> MBHC ACDB_PID_BUTTON_PRESS_DETECTION
01-05 06:54:18.155  1791  1791 D ACDB-LOADER: ACDB -> MBHC ACDB_PID_IMPEDANCE_DETECTION
01-05 06:54:18.155  1791  1791 D hardware_cal: send_codec_cal cal sent for mbhc_cal
01-05 06:54:18.155  1791  1791 E ext_speaker: open_speaker_bundle: DLOPEN failed for /system/lib/soundfx/libspeakerbundle.so
01-05 06:54:18.157  1791  1791 D audio_hw_extn: audio_extn_perf_lock_init: Perf lock handles Success
01-05 06:54:18.157  1791  1791 I AudioFlinger: loadHwModule() Loaded primary audio interface from QCOM Audio HAL (audio) handle 1
01-05 06:54:18.157  1791  1791 I AudioFlinger: openOutput(), module 1 Device 2, SamplingRate 48000, Format 0x000001, Channels 3, flags 6
01-05 06:54:18.157  1791  1791 I AudioFlinger: AudioStreamOut::open(), mHalFormatIsLinearPcm = 1
01-05 06:54:18.157  1791  1791 I AudioFlinger: HAL output buffer size 192 frames, normal sink buffer size 1152 frames
01-05 06:54:18.164  1791  1791 W EffectsFactory: Error querying effect 7d1580bd-297f-4683-9239-e475b6d1d69f on lib offload_bundle
01-05 06:54:18.164  1791  1791 W EffectsFactory: Error querying effect 0f8d0d2a-59e5-45fe-b6e4-248c8a799109 on lib qcom_pre_processing
01-05 06:54:18.164  1791  1791 W EffectsFactory: Error querying effect 1d97bb0b-9e2f-4403-9ae3-58c2554306f8 on lib qcom_pre_processing
01-05 06:54:18.164  1791  1791 I BufferProvider: found effect "Multichannel Downmix To Stereo" from The Android Open Source Project
01-05 06:54:18.165  1791  1791 E MonoPipe: Failed to fetch local time frequency when constructing a MonoPipe (res = -32).  getNextWriteTimestamp calls will be non-functional
01-05 06:54:18.165  1791  1791 I AudioFlinger: Using module 1 has the primary audio interface
01-05 06:54:18.174  1791  1831 I AudioFlinger: AudioFlinger's thread 0xf3c838c0 ready to run
01-05 06:54:18.174  1791  1831 D audio_hw_primary: out_set_parameters: enter: usecase(1: low-latency-playback) kvpairs: routing=2
01-05 06:54:18.175  1791  1831 E AudioFlinger: no wake lock to update!
01-05 06:54:18.176  1791  1791 I AudioFlinger: openOutput(), module 1 Device 2, SamplingRate 48000, Format 0x000001, Channels 3, flags 104
01-05 06:54:18.177  1791  1791 I AudioFlinger: AudioStreamOut::open(), mHalFormatIsLinearPcm = 1
01-05 06:54:18.177  1791  1791 I AudioFlinger: HAL output buffer size 192 frames, normal sink buffer size 1152 frames
01-05 06:54:18.177  1791  1833 I AudioFlinger: AudioFlinger's thread 0xf3903100 ready to run
01-05 06:54:18.178  1791  1833 D audio_hw_primary: out_set_parameters: enter: usecase(5: audio-ull-playback) kvpairs: routing=2
01-05 06:54:18.178  1791  1833 E AudioFlinger: no wake lock to update!
01-05 06:54:18.180  1791  1791 I AudioFlinger: openOutput(), module 1 Device 2, SamplingRate 48000, Format 0x000001, Channels 3, flags 8
01-05 06:54:18.180  1791  1791 I AudioFlinger: AudioStreamOut::open(), mHalFormatIsLinearPcm = 1
01-05 06:54:18.180  1791  1791 I AudioFlinger: HAL output buffer size 1920 frames, normal sink buffer size 1920 frames
01-05 06:54:18.186  1791  1835 I AudioFlinger: AudioFlinger's thread 0xf3603240 ready to run
01-05 06:54:18.186  1791  1835 D audio_hw_primary: out_set_parameters: enter: usecase(0: deep-buffer-playback) kvpairs: routing=2
01-05 06:54:18.186  1791  1835 E AudioFlinger: no wake lock to update!
01-05 06:54:18.187  1791  1791 I AudioFlinger: openOutput(), module 1 Device 10000, SamplingRate 48000, Format 0x000001, Channels 3, flags 0
01-05 06:54:18.187  1791  1791 I AudioFlinger: AudioStreamOut::open(), mHalFormatIsLinearPcm = 1
01-05 06:54:18.187  1791  1791 I AudioFlinger: HAL output buffer size 768 frames, normal sink buffer size 1152 frames
01-05 06:54:18.188  1791  1837 I AudioFlinger: AudioFlinger's thread 0xf3483bc0 ready to run
01-05 06:54:18.188  1791  1837 D audio_hw_primary: out_set_parameters: enter: usecase(20: afe-proxy-playback) kvpairs: routing=65536
01-05 06:54:18.189  1794  1794 D AndroidRuntime: >>>>>> START com.android.internal.os.ZygoteInit uid 0 <<<<<<
01-05 06:54:18.189  1791  1837 E AudioFlinger: no wake lock to update!
01-05 06:54:18.191  1791  1838 I AudioFlinger: AudioFlinger's thread 0xf3183d00 ready to run
01-05 06:54:18.192  1791  1839 I AudioFlinger: AudioFlinger's thread 0xf3003fc0 ready to run
01-05 06:54:18.193  1791  1791 I bt_a2dp_hw: adev_open:  adev_open in A2dp_hw module
01-05 06:54:18.193  1791  1791 I AudioFlinger: loadHwModule() Loaded a2dp audio interface from A2DP Audio HW HAL (audio) handle 12
01-05 06:54:18.194  1791  1791 I AudioFlinger: loadHwModule() Loaded usb audio interface from USB audio HW HAL (audio) handle 13
01-05 06:54:18.194  1794  1794 D AndroidRuntime: CheckJNI is ON
01-05 06:54:18.195  1794  1794 I art     : option[0]=-Xzygote
01-05 06:54:18.195  1794  1794 I art     : option[1]=-Xcheck:jni
01-05 06:54:18.195  1794  1794 I art     : option[2]=-Xstacktracefile:/data/anr/traces.txt
01-05 06:54:18.195  1794  1794 I art     : option[3]=exit
01-05 06:54:18.195  1794  1794 I art     : option[4]=vfprintf
01-05 06:54:18.195  1794  1794 I art     : option[5]=sensitiveThread
01-05 06:54:18.195  1794  1794 I art     : option[6]=-verbose:gc
01-05 06:54:18.195  1794  1794 I art     : option[7]=-Xms8m
01-05 06:54:18.195  1794  1794 I art     : option[8]=-Xmx512m
01-05 06:54:18.195  1794  1794 I art     : option[9]=-XX:HeapGrowthLimit=192m
01-05 06:54:18.195  1794  1794 I art     : option[10]=-XX:HeapMinFree=512k
01-05 06:54:18.195  1794  1794 I art     : option[11]=-XX:HeapMaxFree=8m
01-05 06:54:18.195  1794  1794 I art     : option[12]=-XX:HeapTargetUtilization=0.75
01-05 06:54:18.195  1794  1794 I art     : option[13]=-Xusejit:true
01-05 06:54:18.195  1794  1794 I art     : option[14]=-agentlib:jdwp=transport=dt_android_adb,suspend=n,server=y
01-05 06:54:18.195  1794  1794 I art     : option[15]=-Xlockprofthreshold:500
01-05 06:54:18.195  1794  1794 I art     : option[16]=-Ximage-compiler-option
01-05 06:54:18.195  1794  1794 I art     : option[17]=--runtime-arg
01-05 06:54:18.195  1794  1794 I art     : option[18]=-Ximage-compiler-option
01-05 06:54:18.195  1794  1794 I art     : option[19]=-Xms64m
01-05 06:54:18.195  1794  1794 I art     : option[20]=-Ximage-compiler-option
01-05 06:54:18.195  1794  1794 I art     : option[21]=--runtime-arg
01-05 06:54:18.195  1794  1794 I art     : option[22]=-Ximage-compiler-option
01-05 06:54:18.195  1794  1794 I art     : option[23]=-Xmx64m
01-05 06:54:18.195  1794  1794 I art     : option[24]=-Ximage-compiler-option
01-05 06:54:18.195  1794  1794 I art     : option[25]=--compiler-filter=verify-at-runtime
01-05 06:54:18.195  1794  1794 I art     : option[26]=-Ximage-compiler-option
01-05 06:54:18.195  1794  1794 I art     : option[27]=--image-classes=/system/etc/preloaded-classes
01-05 06:54:18.195  1794  1794 I art     : option[28]=-Xcompiler-option
01-05 06:54:18.195  1794  1794 I art     : option[29]=--runtime-arg
01-05 06:54:18.195  1794  1794 I art     : option[30]=-Xcompiler-option
01-05 06:54:18.195  1794  1794 I art     : option[31]=-Xms64m
01-05 06:54:18.195  1794  1794 I art     : option[32]=-Xcompiler-option
01-05 06:54:18.195  1794  1794 I art     : option[33]=--runtime-arg
01-05 06:54:18.195  1794  1794 I art     : option[34]=-Xcompiler-option
01-05 06:54:18.195  1794  1794 I art     : option[35]=-Xmx512m
01-05 06:54:18.195  1794  1794 I art     : option[36]=-Xcompiler-option
01-05 06:54:18.195  1794  1794 I art     : option[37]=--compiler-filter=verify-at-runtime
01-05 06:54:18.195  1794  1794 I art     : option[38]=-Xcompiler-option
01-05 06:54:18.195  1794  1794 I art     : option[39]=-j2
01-05 06:54:18.195  1794  1794 I art     : option[40]=-Ximage-compiler-option
01-05 06:54:18.195  1794  1794 I art     : option[41]=-j4
01-05 06:54:18.195  1794  1794 I art     : option[42]=-Ximage-compiler-option
01-05 06:54:18.195  1794  1794 I art     : option[43]=--instruction-set-variant=cortex-a53
01-05 06:54:18.195  1794  1794 I art     : option[44]=-Xcompiler-option
01-05 06:54:18.195  1794  1794 I art     : option[45]=--instruction-set-variant=cortex-a53
01-05 06:54:18.195  1794  1794 I art     : option[46]=-Ximage-compiler-option
01-05 06:54:18.195  1794  1794 I art     : option[47]=--instruction-set-features=default
01-05 06:54:18.195  1794  1794 I art     : option[48]=-Xcompiler-option
01-05 06:54:18.195  1794  1794 I art     : option[49]=--instruction-set-features=default
01-05 06:54:18.195  1794  1794 I art     : option[50]=-Duser.locale=en-US
01-05 06:54:18.196  1794  1794 I art     : option[51]=--cpu-abilist=arm64-v8a
01-05 06:54:18.196  1794  1794 I art     : option[52]=-Xfingerprint:Oneplus/aosp_oneplus2/oneplus2:6.0.1/MASTER/kar06231000:eng/test-keys
01-05 06:54:18.196  1791  1791 I r_submix: adev_open(name=audio_hw_if)
01-05 06:54:18.196  1791  1791 I r_submix: adev_init_check()
01-05 06:54:18.197  1791  1791 I AudioFlinger: loadHwModule() Loaded r_submix audio interface from Wifi Display audio HAL (audio) handle 14
01-05 06:54:18.197  1791  1791 D r_submix: adev_open_input_stream(addr=0)
01-05 06:54:18.197  1791  1791 D r_submix: submix_audio_device_create_pipe_l(addr=0, idx=9)
01-05 06:54:18.197  1791  1791 D r_submix:   now using address 0 for route 9
01-05 06:54:18.197  1791  1841 I AudioFlinger: AudioFlinger's thread 0xf3003580 ready to run
01-05 06:54:18.197  1791  1791 D r_submix: adev_close_input_stream()
01-05 06:54:18.197  1791  1791 D r_submix: submix_audio_device_release_pipe_l(idx=9) addr=0
01-05 06:54:18.197  1791  1791 D r_submix: submix_audio_device_destroy_pipe_l(): pipe destroyed
01-05 06:54:18.198  1791  1791 E SoundTriggerHwService: couldn't load sound trigger module sound_trigger.primary (No such file or directory)
01-05 06:54:18.199  1791  1791 I RadioService: RadioService
01-05 06:54:18.199  1791  1791 I RadioService: onFirstRef
01-05 06:54:18.199  1791  1791 E RadioService: couldn't load radio module radio.primary (No such file or directory)
01-05 06:54:18.227  1794  1794 I art     : Pruning dalvik-cache since we are generating an image and will need to recompile
01-05 06:54:18.228  1794  1794 I art     : Using an offset of 0x7e6000 from default art base address of 0x70000000
01-05 06:54:18.228  1794  1794 I art     : GenerateImage: /system/bin/dex2oat --image=/data/dalvik-cache/arm64/system@framework@boot.art --dex-file=/system/framework/core-libart.jar --dex-file=/system/framework/conscrypt.jar --dex-file=/system/framework/okhttp.jar --dex-file=/system/framework/core-junit.jar --dex-file=/system/framework/bouncycastle.jar --dex-file=/system/framework/ext.jar --dex-file=/system/framework/framework.jar --dex-file=/system/framework/telephony-common.jar --dex-file=/system/framework/voip-common.jar --dex-file=/system/framework/ims-common.jar --dex-file=/system/framework/apache-xml.jar --dex-file=/system/framework/org.apache.http.legacy.boot.jar --dex-file=/system/framework/tcmiface.jar --dex-file=/system/framework/qcom.fmradio.jar --dex-file=/system/framework/WfdCommon.jar --dex-file=/system/framework/oem-services.jar --dex-file=/system/framework/com.qti.dpmframework.jar --dex-file=/system/framework/dpmapi.jar --dex-file=/system/framework/com.qti.location.sdk.jar --dex-file=/system/framework/qcmediaplayer.jar --oat-file=/dat
01-05 06:54:18.264  1845  1845 W dex2oat : Skipping non-existent dex file '/system/framework/tcmiface.jar'
01-05 06:54:18.264  1845  1845 W dex2oat : Skipping non-existent dex file '/system/framework/qcom.fmradio.jar'
01-05 06:54:18.264  1845  1845 W dex2oat : Skipping non-existent dex file '/system/framework/WfdCommon.jar'
01-05 06:54:18.264  1845  1845 W dex2oat : Skipping non-existent dex file '/system/framework/oem-services.jar'
01-05 06:54:18.264  1845  1845 W dex2oat : Skipping non-existent dex file '/system/framework/com.qti.location.sdk.jar'
01-05 06:54:18.264  1845  1845 W dex2oat : Skipping non-existent dex file '/system/framework/qcmediaplayer.jar'
01-05 06:54:18.265  1845  1845 I dex2oat : /system/bin/dex2oat --image=/data/dalvik-cache/arm64/system@framework@boot.art --dex-file=/system/framework/core-libart.jar --dex-file=/system/framework/conscrypt.jar --dex-file=/system/framework/okhttp.jar --dex-file=/system/framework/core-junit.jar --dex-file=/system/framework/bouncycastle.jar --dex-file=/system/framework/ext.jar --dex-file=/system/framework/framework.jar --dex-file=/system/framework/telephony-common.jar --dex-file=/system/framework/voip-common.jar --dex-file=/system/framework/ims-common.jar --dex-file=/system/framework/apache-xml.jar --dex-file=/system/framework/org.apache.http.legacy.boot.jar --dex-file=/system/framework/tcmiface.jar --dex-file=/system/framework/qcom.fmradio.jar --dex-file=/system/framework/WfdCommon.jar --dex-file=/system/framework/oem-services.jar --dex-file=/system/framework/com.qti.dpmframework.jar --dex-file=/system/framework/dpmapi.jar --dex-file=/system/framework/com.qti.location.sdk.jar --dex-file=/system/framework/qcmediaplayer.jar --oat-file=/data/dalvik-cache/
01-05 06:54:18.288  1845  1845 I dex2oat : setting boot class path to /system/framework/core-libart.jar:/system/framework/conscrypt.jar:/system/framework/okhttp.jar:/system/framework/core-junit.jar:/system/framework/bouncycastle.jar:/system/framework/ext.jar:/system/framework/framework.jar:/system/framework/telephony-common.jar:/system/framework/voip-common.jar:/system/framework/ims-common.jar:/system/framework/apache-xml.jar:/system/framework/org.apache.http.legacy.boot.jar:/system/framework/com.qti.dpmframework.jar:/system/framework/dpmapi.jar
01-05 06:54:18.358   649   649 I MSM-irqbalance: Decided to move IRQ196 from CPU0 to CPU2
01-05 06:54:18.359  1795  1795 D AndroidRuntime: >>>>>> START com.android.internal.os.ZygoteInit uid 0 <<<<<<
01-05 06:54:18.363  1795  1795 D AndroidRuntime: CheckJNI is ON
01-05 06:54:18.364  1795  1795 I art     : option[0]=-Xzygote
01-05 06:54:18.364  1795  1795 I art     : option[1]=-Xcheck:jni
01-05 06:54:18.364  1795  1795 I art     : option[2]=-Xstacktracefile:/data/anr/traces.txt
01-05 06:54:18.364  1795  1795 I art     : option[3]=exit
01-05 06:54:18.364  1795  1795 I art     : option[4]=vfprintf
01-05 06:54:18.364  1795  1795 I art     : option[5]=sensitiveThread
01-05 06:54:18.364  1795  1795 I art     : option[6]=-verbose:gc
01-05 06:54:18.364  1795  1795 I art     : option[7]=-Xms8m
01-05 06:54:18.364  1795  1795 I art     : option[8]=-Xmx512m
01-05 06:54:18.364  1795  1795 I art     : option[9]=-XX:HeapGrowthLimit=192m
01-05 06:54:18.364  1795  1795 I art     : option[10]=-XX:HeapMinFree=512k
01-05 06:54:18.364  1795  1795 I art     : option[11]=-XX:HeapMaxFree=8m
01-05 06:54:18.364  1795  1795 I art     : option[12]=-XX:HeapTargetUtilization=0.75
01-05 06:54:18.364  1795  1795 I art     : option[13]=-Xusejit:true
01-05 06:54:18.364  1795  1795 I art     : option[14]=-agentlib:jdwp=transport=dt_android_adb,suspend=n,server=y
01-05 06:54:18.364  1795  1795 I art     : option[15]=-Xlockprofthreshold:500
01-05 06:54:18.364  1795  1795 I art     : option[16]=-Ximage-compiler-option
01-05 06:54:18.364  1795  1795 I art     : option[17]=--runtime-arg
01-05 06:54:18.364  1795  1795 I art     : option[18]=-Ximage-compiler-option
01-05 06:54:18.364  1795  1795 I art     : option[19]=-Xms64m
01-05 06:54:18.364  1795  1795 I art     : option[20]=-Ximage-compiler-option
01-05 06:54:18.364  1795  1795 I art     : option[21]=--runtime-arg
01-05 06:54:18.364  1795  1795 I art     : option[22]=-Ximage-compiler-option
01-05 06:54:18.364  1795  1795 I art     : option[23]=-Xmx64m
01-05 06:54:18.364  1795  1795 I art     : option[24]=-Ximage-compiler-option
01-05 06:54:18.364  1795  1795 I art     : option[25]=--compiler-filter=verify-at-runtime
01-05 06:54:18.364  1795  1795 I art     : option[26]=-Ximage-compiler-option
01-05 06:54:18.364  1795  1795 I art     : option[27]=--image-classes=/system/etc/preloaded-classes
01-05 06:54:18.364  1795  1795 I art     : option[28]=-Xcompiler-option
01-05 06:54:18.364  1795  1795 I art     : option[29]=--runtime-arg
01-05 06:54:18.364  1795  1795 I art     : option[30]=-Xcompiler-option
01-05 06:54:18.364  1795  1795 I art     : option[31]=-Xms64m
01-05 06:54:18.364  1795  1795 I art     : option[32]=-Xcompiler-option
01-05 06:54:18.364  1795  1795 I art     : option[33]=--runtime-arg
01-05 06:54:18.364  1795  1795 I art     : option[34]=-Xcompiler-option
01-05 06:54:18.364  1795  1795 I art     : option[35]=-Xmx512m
01-05 06:54:18.364  1795  1795 I art     : option[36]=-Xcompiler-option
01-05 06:54:18.364  1795  1795 I art     : option[37]=--compiler-filter=verify-at-runtime
01-05 06:54:18.364  1795  1795 I art     : option[38]=-Xcompiler-option
01-05 06:54:18.364  1795  1795 I art     : option[39]=-j2
01-05 06:54:18.365  1795  1795 I art     : option[40]=-Ximage-compiler-option
01-05 06:54:18.365  1795  1795 I art     : option[41]=-j4
01-05 06:54:18.365  1795  1795 I art     : option[42]=-Ximage-compiler-option
01-05 06:54:18.365  1795  1795 I art     : option[43]=--instruction-set-variant=cortex-a7
01-05 06:54:18.365  1795  1795 I art     : option[44]=-Xcompiler-option
01-05 06:54:18.365  1795  1795 I art     : option[45]=--instruction-set-variant=cortex-a7
01-05 06:54:18.365  1795  1795 I art     : option[46]=-Ximage-compiler-option
01-05 06:54:18.365  1795  1795 I art     : option[47]=--instruction-set-features=default
01-05 06:54:18.365  1795  1795 I art     : option[48]=-Xcompiler-option
01-05 06:54:18.365  1795  1795 I art     : option[49]=--instruction-set-features=default
01-05 06:54:18.365  1795  1795 I art     : option[50]=-Duser.locale=en-US
01-05 06:54:18.365  1795  1795 I art     : option[51]=--cpu-abilist=armeabi-v7a,armeabi
01-05 06:54:18.365  1795  1795 I art     : option[52]=-Xfingerprint:Oneplus/aosp_oneplus2/oneplus2:6.0.1/MASTER/kar06231000:eng/test-keys
01-05 06:54:18.383  1795  1795 I art     : Pruning dalvik-cache since we are generating an image and will need to recompile
01-05 06:54:18.384  1795  1795 I art     : Using an offset of 0xff6a2000 from default art base address of 0x70000000
01-05 06:54:18.384  1795  1795 I art     : GenerateImage: /system/bin/dex2oat --image=/data/dalvik-cache/arm/system@framework@boot.art --dex-file=/system/framework/core-libart.jar --dex-file=/system/framework/conscrypt.jar --dex-file=/system/framework/okhttp.jar --dex-file=/system/framework/core-junit.jar --dex-file=/system/framework/bouncycastle.jar --dex-file=/system/framework/ext.jar --dex-file=/system/framework/framework.jar --dex-file=/system/framework/telephony-common.jar --dex-file=/system/framework/voip-common.jar --dex-file=/system/framework/ims-common.jar --dex-file=/system/framework/apache-xml.jar --dex-file=/system/framework/org.apache.http.legacy.boot.jar --dex-file=/system/framework/tcmiface.jar --dex-file=/system/framework/qcom.fmradio.jar --dex-file=/system/framework/WfdCommon.jar --dex-file=/system/framework/oem-services.jar --dex-file=/system/framework/com.qti.dpmframework.jar --dex-file=/system/framework/dpmapi.jar --dex-file=/system/framework/com.qti.location.sdk.jar --dex-file=/system/framework/qcmediaplayer.jar --oat-file=/data/
01-05 06:54:18.420  1863  1863 W dex2oat : Skipping non-existent dex file '/system/framework/tcmiface.jar'
01-05 06:54:18.420  1863  1863 W dex2oat : Skipping non-existent dex file '/system/framework/qcom.fmradio.jar'
01-05 06:54:18.420  1863  1863 W dex2oat : Skipping non-existent dex file '/system/framework/WfdCommon.jar'
01-05 06:54:18.420  1863  1863 W dex2oat : Skipping non-existent dex file '/system/framework/oem-services.jar'
01-05 06:54:18.420  1863  1863 W dex2oat : Skipping non-existent dex file '/system/framework/com.qti.location.sdk.jar'
01-05 06:54:18.420  1863  1863 W dex2oat : Skipping non-existent dex file '/system/framework/qcmediaplayer.jar'
01-05 06:54:18.420  1863  1863 I dex2oat : /system/bin/dex2oat --image=/data/dalvik-cache/arm/system@framework@boot.art --dex-file=/system/framework/core-libart.jar --dex-file=/system/framework/conscrypt.jar --dex-file=/system/framework/okhttp.jar --dex-file=/system/framework/core-junit.jar --dex-file=/system/framework/bouncycastle.jar --dex-file=/system/framework/ext.jar --dex-file=/system/framework/framework.jar --dex-file=/system/framework/telephony-common.jar --dex-file=/system/framework/voip-common.jar --dex-file=/system/framework/ims-common.jar --dex-file=/system/framework/apache-xml.jar --dex-file=/system/framework/org.apache.http.legacy.boot.jar --dex-file=/system/framework/tcmiface.jar --dex-file=/system/framework/qcom.fmradio.jar --dex-file=/system/framework/WfdCommon.jar --dex-file=/system/framework/oem-services.jar --dex-file=/system/framework/com.qti.dpmframework.jar --dex-file=/system/framework/dpmapi.jar --dex-file=/system/framework/com.qti.location.sdk.jar --dex-file=/system/framework/qcmediaplayer.jar --oat-file=/data/dalvik-cache/ar
01-05 06:54:18.443  1863  1863 I dex2oat : setting boot class path to /system/framework/core-libart.jar:/system/framework/conscrypt.jar:/system/framework/okhttp.jar:/system/framework/core-junit.jar:/system/framework/bouncycastle.jar:/system/framework/ext.jar:/system/framework/framework.jar:/system/framework/telephony-common.jar:/system/framework/voip-common.jar:/system/framework/ims-common.jar:/system/framework/apache-xml.jar:/system/framework/org.apache.http.legacy.boot.jar:/system/framework/com.qti.dpmframework.jar:/system/framework/dpmapi.jar
01-05 06:54:19.938  1789  1789 V NatController: runCmd(/system/bin/iptables -w -F natctrl_FORWARD) res=0
01-05 06:54:19.950  1789  1789 V NatController: runCmd(/system/bin/iptables -w -A natctrl_FORWARD -j DROP) res=0
01-05 06:54:19.961  1789  1789 V NatController: runCmd(/system/bin/iptables -w -t nat -F natctrl_nat_POSTROUTING) res=0
01-05 06:54:19.972  1789  1789 V NatController: runCmd(/system/bin/iptables -w -F natctrl_tether_counters) res=0
01-05 06:54:19.985  1789  1789 V NatController: runCmd(/system/bin/iptables -w -X natctrl_tether_counters) res=0
01-05 06:54:19.996  1789  1789 V NatController: runCmd(/system/bin/iptables -w -N natctrl_tether_counters) res=0
01-05 06:54:20.007  1789  1789 V NatController: runCmd(/system/bin/iptables -w -t mangle -A natctrl_mangle_FORWARD -p tcp --tcp-flags SYN SYN -j TCPMSS --clamp-mss-to-pmtu) res=0
01-05 06:54:20.105  1845  1845 E dex2oat : Failed to return pre-allocated NoClassDefFoundError
01-05 06:54:20.105  1845  1845 F dex2oat : art/runtime/thread.cc:3035] Check failed: new_exception != nullptr 
01-05 06:54:20.115  1845  1845 F dex2oat : art/runtime/runtime.cc:402] Runtime aborting...
01-05 06:54:20.115  1845  1845 F dex2oat : art/runtime/runtime.cc:402] Aborting thread:
01-05 06:54:20.115  1845  1845 F dex2oat : art/runtime/runtime.cc:402] "main" prio=5 tid=1 Runnable (still starting up)
01-05 06:54:20.115  1845  1845 F dex2oat : art/runtime/runtime.cc:402]   | group="" sCount=0 dsCount=0 obj=0x0 self=0xf6884a00
01-05 06:54:20.115  1845  1845 F dex2oat : art/runtime/runtime.cc:402]   | sysTid=1845 nice=0 cgrp=default sched=0/0 handle=0xf75c3534
01-05 06:54:20.115  1845  1845 F dex2oat : art/runtime/runtime.cc:402]   | state=R schedstat=( 1496009003 6261613 521 ) utm=141 stm=8 core=2 HZ=100
01-05 06:54:20.115  1845  1845 F dex2oat : art/runtime/runtime.cc:402]   | stack=0xff752000-0xff754000 stackSize=8MB
01-05 06:54:20.115  1845  1845 F dex2oat : art/runtime/runtime.cc:402]   | held mutexes= "abort lock" "mutator lock"(shared held)
01-05 06:54:20.115  1845  1845 F dex2oat : art/runtime/runtime.cc:402]   native: #00 pc 00349961  /system/lib/libart.so (art::DumpNativeStack(std::__1::basic_ostream<char, std::__1::char_traits<char> >&, int, BacktraceMap*, char const*, art::ArtMethod*, void*)+128)
01-05 06:54:20.115  1845  1845 F dex2oat : art/runtime/runtime.cc:402]   native: #01 pc 0032a261  /system/lib/libart.so (art::Thread::DumpStack(std::__1::basic_ostream<char, std::__1::char_traits<char> >&, bool, BacktraceMap*) const+308)
01-05 06:54:20.115  1845  1845 F dex2oat : art/runtime/runtime.cc:402]   native: #02 pc 0031d401  /system/lib/libart.so (art::AbortState::DumpThread(std::__1::basic_ostream<char, std::__1::char_traits<char> >&, art::Thread*) const+24)
01-05 06:54:20.115  1845  1845 F dex2oat : art/runtime/runtime.cc:402]   native: #03 pc 0031d24b  /system/lib/libart.so (art::AbortState::Dump(std::__1::basic_ostream<char, std::__1::char_traits<char> >&) const+362)
01-05 06:54:20.115  1845  1845 F dex2oat : art/runtime/runtime.cc:402]   native: #04 pc 003141cb  /system/lib/libart.so (art::Runtime::Abort()+90)
01-05 06:54:20.115  1845  1845 F dex2oat : art/runtime/runtime.cc:402]   native: #05 pc 000b3ff9  /system/lib/libart.so (art::LogMessage::~LogMessage()+864)
01-05 06:54:20.115  1845  1845 F dex2oat : art/runtime/runtime.cc:402]   native: #06 pc 0032cceb  /system/lib/libart.so (art::Thread::SetException(art::mirror::Throwable*)+134)
01-05 06:54:20.115  1845  1845 F dex2oat : art/runtime/runtime.cc:402]   native: #07 pc 000e3e37  /system/lib/libart.so (art::ClassLinker::FindClass(art::Thread*, char const*, art::Handle<art::mirror::ClassLoader>)+582)
01-05 06:54:20.115  1845  1845 F dex2oat : art/runtime/runtime.cc:402]   native: #08 pc 000d27d1  /system/lib/libart.so (art::ClassLinker::CheckSystemClass(art::Thread*, art::Handle<art::mirror::Class>, char const*)+44)
01-05 06:54:20.116  1845  1845 F dex2oat : art/runtime/runtime.cc:402]   native: #09 pc 000d43df  /system/lib/libart.so (art::ClassLinker::InitWithoutImage(std::__1::vector<std::__1::unique_ptr<art::DexFile const, std::__1::default_delete<art::DexFile const> >, std::__1::allocator<std::__1::unique_ptr<art::DexFile const, std::__1::default_delete<art::DexFile const> > > >, std::__1::basic_string<char, std::__1::char_traits<char>, std::__1::allocator<char> >*)+5706)
01-05 06:54:20.116  1845  1845 F dex2oat : art/runtime/runtime.cc:402]   native: #10 pc 00317857  /system/lib/libart.so (art::Runtime::Init(art::RuntimeArgumentMap&&)+12342)
01-05 06:54:20.116  1845  1845 F dex2oat : art/runtime/runtime.cc:402]   native: #11 pc 003147fb  /system/lib/libart.so (art::Runtime::Create(art::RuntimeArgumentMap&&)+42)
01-05 06:54:20.116  1845  1845 F dex2oat : art/runtime/runtime.cc:402]   native: #12 pc 00013165  /system/bin/dex2oat (???)
01-05 06:54:20.116  1845  1845 F dex2oat : art/runtime/runtime.cc:402]   native: #13 pc 0000b5fb  /system/bin/dex2oat (???)
01-05 06:54:20.116  1845  1845 F dex2oat : art/runtime/runtime.cc:402]   native: #14 pc 000083c9  /system/bin/dex2oat (main+532)
01-05 06:54:20.116  1845  1845 F dex2oat : art/runtime/runtime.cc:402]   native: #15 pc 0001709d  /system/lib/libc.so (__libc_init+48)
01-05 06:54:20.116  1845  1845 F dex2oat : art/runtime/runtime.cc:402]   native: #16 pc 000080dc  /system/bin/dex2oat (???)
01-05 06:54:20.116  1845  1845 F dex2oat : art/runtime/runtime.cc:402]   (no managed stack frames)
01-05 06:54:20.116  1845  1845 F dex2oat : art/runtime/runtime.cc:402] Dumping all threads without appropriate locks held: thread list lock
01-05 06:54:20.116  1845  1845 F dex2oat : art/runtime/runtime.cc:402] All threads:
01-05 06:54:20.116  1845  1845 F dex2oat : art/runtime/runtime.cc:402] DALVIK THREADS (1):
01-05 06:54:20.116  1845  1845 F dex2oat : art/runtime/runtime.cc:402] "main" prio=5 tid=1 Runnable (still starting up)
